192.95.68.199 - - [17/Jun/2018:21:22:57 -0500] "GET /reportsCtrl/invoices HTTP/1.1" 307 - "-" "Mozilla/5.0 (Windows NT 6.1; Win64; x64) AppleWebKit/537.36 (KHTML, like Gecko) Chrome/67.0.3396.87 Safari/537.36"
192.95.68.199 - - [17/Jun/2018:21:23:05 -0500] "GET /reportsCtrl/invoices HTTP/1.1" 307 - "-" "Mozilla/5.0 (Windows NT 6.1; Win64; x64) AppleWebKit/537.36 (KHTML, like Gecko) Chrome/67.0.3396.87 Safari/537.36"
172.86.137.107 - - [17/Jun/2018:21:23:25 -0500] "GET /home HTTP/1.1" 307 - "-" "Mozilla/5.0 (Windows NT 6.3; Win64; x64) AppleWebKit/537.36 (KHTML, like Gecko) Chrome/67.0.3396.87 Safari/537.36"
172.86.137.107 - - [17/Jun/2018:21:23:45 -0500] "GET /home HTTP/1.1" 307 - "-" "Mozilla/5.0 (Windows NT 6.3; Win64; x64) AppleWebKit/537.36 (KHTML, like Gecko) Chrome/67.0.3396.87 Safari/537.36"
73.254.72.218 - - [17/Jun/2018:21:24:09 -0500] "GET /home HTTP/1.1" 200 44393 "-" "Mozilla/5.0 (Windows NT 6.1) AppleWebKit/537.36 (KHTML, like Gecko) Chrome/67.0.3396.87 Safari/537.36"
172.86.137.107 - - [17/Jun/2018:21:24:50 -0500] "GET /home HTTP/1.1" 307 - "-" "Mozilla/5.0 (Windows NT 6.3; Win64; x64) AppleWebKit/537.36 (KHTML, like Gecko) Chrome/67.0.3396.87 Safari/537.36"
192.95.68.199 - - [17/Jun/2018:21:25:04 -0500] "GET /reportsCtrl/invoices HTTP/1.1" 307 - "-" "Mozilla/5.0 (Windows NT 6.1; Win64; x64) AppleWebKit/537.36 (KHTML, like Gecko) Chrome/67.0.3396.87 Safari/537.36"
192.95.68.199 - - [17/Jun/2018:21:25:36 -0500] "GET /reportsCtrl/invoices HTTP/1.1" 307 - "-" "Mozilla/5.0 (Windows NT 6.1; Win64; x64) AppleWebKit/537.36 (KHTML, like Gecko) Chrome/67.0.3396.87 Safari/537.36"
192.95.68.199 - - [17/Jun/2018:21:25:46 -0500] "GET /reportsCtrl/invoices HTTP/1.1" 307 - "-" "Mozilla/5.0 (Windows NT 6.1; Win64; x64) AppleWebKit/537.36 (KHTML, like Gecko) Chrome/67.0.3396.87 Safari/537.36"
192.95.68.199 - - [17/Jun/2018:21:26:03 -0500] "GET /reportsCtrl/invoices HTTP/1.1" 307 - "-" "Mozilla/5.0 (Windows NT 6.1; Win64; x64) AppleWebKit/537.36 (KHTML, like Gecko) Chrome/67.0.3396.87 Safari/537.36"
50.78.168.90 - - [17/Jun/2018:21:26:56 -0500] "GET / HTTP/1.1" 200 2413 "-" "Mozilla/5.0 (Windows NT 10.0; Win64; x64) AppleWebKit/537.36 (KHTML, like Gecko) Chrome/52.0.2743.116 Safari/537.36 Edge/15.15063"
50.78.168.90 - - [17/Jun/2018:21:26:57 -0500] "GET /favicon.ico HTTP/1.1" 404 1190 "-" "Mozilla/5.0 (Windows NT 10.0; Win64; x64) AppleWebKit/537.36 (KHTML, like Gecko) Chrome/52.0.2743.116 Safari/537.36 Edge/15.15063"
50.78.168.90 - - [17/Jun/2018:21:27:05 -0500] "GET / HTTP/1.1" 200 2413 "-" "Mozilla/5.0 (Windows NT 10.0; Win64; x64) AppleWebKit/537.36 (KHTML, like Gecko) Chrome/52.0.2743.116 Safari/537.36 Edge/15.15063"
50.78.168.90 - - [17/Jun/2018:21:27:06 -0500] "GET /favicon.ico HTTP/1.1" 404 1190 "-" "Mozilla/5.0 (Windows NT 10.0; Win64; x64) AppleWebKit/537.36 (KHTML, like Gecko) Chrome/52.0.2743.116 Safari/537.36 Edge/15.15063"
172.86.137.107 - - [17/Jun/2018:21:30:42 -0500] "GET /home HTTP/1.1" 307 - "-" "Mozilla/5.0 (Windows NT 6.3; Win64; x64) AppleWebKit/537.36 (KHTML, like Gecko) Chrome/67.0.3396.87 Safari/537.36"
24.22.177.207 - - [17/Jun/2018:21:39:57 -0500] "GET /home HTTP/1.1" 307 - "-" "Mozilla/5.0 (Macintosh; Intel Mac OS X 10_10_5) AppleWebKit/603.3.8 (KHTML, like Gecko) Version/10.1.2 Safari/603.3.8"
67.168.120.175 - - [17/Jun/2018:21:41:50 -0500] "GET /home HTTP/1.1" 307 - "-" "Mozilla/5.0 (Windows NT 10.0; Win64; x64) AppleWebKit/537.36 (KHTML, like Gecko) Chrome/66.0.3359.181 Safari/537.36"
76.205.160.137 - - [17/Jun/2018:21:42:53 -0500] "GET /login/authenticate HTTP/1.1" 200 2468 "-" "Mozilla/5.0 (Windows NT 6.3; Win64; x64) AppleWebKit/537.36 (KHTML, like Gecko) Chrome/66.0.3359.181 Safari/537.36"
76.205.160.137 - - [17/Jun/2018:21:43:25 -0500] "GET /home HTTP/1.1" 307 - "-" "Mozilla/5.0 (Windows NT 6.3; Win64; x64) AppleWebKit/537.36 (KHTML, like Gecko) Chrome/66.0.3359.181 Safari/537.36"
76.205.160.137 - - [17/Jun/2018:21:43:40 -0500] "GET /login/authenticate HTTP/1.1" 200 2468 "-" "Mozilla/5.0 (Windows NT 6.3; Win64; x64) AppleWebKit/537.36 (KHTML, like Gecko) Chrome/66.0.3359.181 Safari/537.36"
67.168.120.175 - - [17/Jun/2018:21:44:16 -0500] "GET /home HTTP/1.1" 307 - "-" "Mozilla/5.0 (Windows NT 10.0; Win64; x64) AppleWebKit/537.36 (KHTML, like Gecko) Chrome/66.0.3359.181 Safari/537.36"
76.205.160.137 - - [17/Jun/2018:21:45:32 -0500] "GET /login/authenticate HTTP/1.1" 200 2468 "-" "Mozilla/5.0 (Windows NT 6.3; Win64; x64) AppleWebKit/537.36 (KHTML, like Gecko) Chrome/67.0.3396.87 Safari/537.36"
76.205.160.137 - - [17/Jun/2018:21:45:50 -0500] "GET /login/authenticate HTTP/1.1" 200 2468 "-" "Mozilla/5.0 (Windows NT 6.3; Win64; x64) AppleWebKit/537.36 (KHTML, like Gecko) Chrome/67.0.3396.87 Safari/537.36"
67.168.120.175 - - [17/Jun/2018:21:46:18 -0500] "GET /home HTTP/1.1" 307 - "-" "Mozilla/5.0 (Windows NT 10.0; Win64; x64) AppleWebKit/537.36 (KHTML, like Gecko) Chrome/66.0.3359.181 Safari/537.36"
76.205.160.137 - - [17/Jun/2018:21:46:40 -0500] "GET /login/authenticate HTTP/1.1" 200 2468 "-" "Mozilla/5.0 (Windows NT 6.3; Win64; x64) AppleWebKit/537.36 (KHTML, like Gecko) Chrome/67.0.3396.87 Safari/537.36"
76.205.160.137 - - [17/Jun/2018:21:47:24 -0500] "GET /login/authenticate HTTP/1.1" 200 2468 "-" "Mozilla/5.0 (Windows NT 6.3; Win64; x64) AppleWebKit/537.36 (KHTML, like Gecko) Chrome/67.0.3396.87 Safari/537.36"
67.168.120.175 - - [17/Jun/2018:21:48:38 -0500] "GET /home HTTP/1.1" 307 - "-" "Mozilla/5.0 (Windows NT 10.0; Win64; x64) AppleWebKit/537.36 (KHTML, like Gecko) Chrome/66.0.3359.181 Safari/537.36"
76.205.160.137 - - [17/Jun/2018:21:51:47 -0500] "GET /login/authenticate HTTP/1.1" 200 2468 "-" "Mozilla/5.0 (Windows NT 6.3; Win64; x64) AppleWebKit/537.36 (KHTML, like Gecko) Chrome/67.0.3396.87 Safari/537.36"
76.205.160.137 - - [17/Jun/2018:21:52:15 -0500] "GET /login/authenticate HTTP/1.1" 200 2468 "-" "Mozilla/5.0 (Windows NT 6.3; Win64; x64) AppleWebKit/537.36 (KHTML, like Gecko) Chrome/67.0.3396.87 Safari/537.36"
76.205.160.137 - - [17/Jun/2018:21:53:25 -0500] "GET /login/authenticate HTTP/1.1" 200 2468 "-" "Mozilla/5.0 (Windows NT 6.3; Win64; x64) AppleWebKit/537.36 (KHTML, like Gecko) Chrome/67.0.3396.87 Safari/537.36"
76.205.160.137 - - [17/Jun/2018:21:53:41 -0500] "GET /login/authenticate HTTP/1.1" 200 2468 "-" "Mozilla/5.0 (Windows NT 6.3; Win64; x64) AppleWebKit/537.36 (KHTML, like Gecko) Chrome/67.0.3396.87 Safari/537.36"
67.168.120.175 - - [17/Jun/2018:21:53:56 -0500] "GET /home HTTP/1.1" 307 - "-" "Mozilla/5.0 (Windows NT 10.0; Win64; x64) AppleWebKit/537.36 (KHTML, like Gecko) Chrome/66.0.3359.181 Safari/537.36"
76.205.160.137 - - [17/Jun/2018:21:54:01 -0500] "GET /home HTTP/1.1" 307 - "-" "Mozilla/5.0 (Windows NT 6.3; Win64; x64) AppleWebKit/537.36 (KHTML, like Gecko) Chrome/67.0.3396.87 Safari/537.36"
76.205.160.137 - - [17/Jun/2018:21:54:13 -0500] "GET /login/authenticate HTTP/1.1" 200 2468 "-" "Mozilla/5.0 (Windows NT 6.3; Win64; x64) AppleWebKit/537.36 (KHTML, like Gecko) Chrome/67.0.3396.87 Safari/537.36"
76.205.160.137 - - [17/Jun/2018:21:54:32 -0500] "GET /home/addFunds HTTP/1.1" 307 - "-" "Mozilla/5.0 (Windows NT 6.3; Win64; x64) AppleWebKit/537.36 (KHTML, like Gecko) Chrome/67.0.3396.87 Safari/537.36"
76.205.160.137 - - [17/Jun/2018:21:55:43 -0500] "GET /login/authenticate HTTP/1.1" 200 2468 "-" "Mozilla/5.0 (Windows NT 6.3; Win64; x64) AppleWebKit/537.36 (KHTML, like Gecko) Chrome/67.0.3396.87 Safari/537.36"
76.205.160.137 - - [17/Jun/2018:21:56:18 -0500] "GET /login/authenticate HTTP/1.1" 200 2468 "-" "Mozilla/5.0 (Windows NT 6.3; Win64; x64) AppleWebKit/537.36 (KHTML, like Gecko) Chrome/67.0.3396.87 Safari/537.36"
67.168.120.175 - - [17/Jun/2018:21:58:48 -0500] "GET /home HTTP/1.1" 307 - "-" "Mozilla/5.0 (Windows NT 10.0; Win64; x64) AppleWebKit/537.36 (KHTML, like Gecko) Chrome/66.0.3359.181 Safari/537.36"
50.34.170.157 - - [17/Jun/2018:21:58:49 -0500] "GET /home HTTP/1.1" 307 - "-" "Mozilla/5.0 (Windows NT 6.1) AppleWebKit/537.36 (KHTML, like Gecko) Chrome/67.0.3396.87 Safari/537.36"
24.17.154.87 - - [17/Jun/2018:21:58:57 -0500] "GET /home HTTP/1.1" 307 - "-" "Mozilla/5.0 (Windows NT 10.0; Win64; x64) AppleWebKit/537.36 (KHTML, like Gecko) Chrome/67.0.3396.87 Safari/537.36"
50.34.170.157 - - [17/Jun/2018:21:59:09 -0500] "GET /home HTTP/1.1" 307 - "-" "Mozilla/5.0 (Windows NT 6.1) AppleWebKit/537.36 (KHTML, like Gecko) Chrome/67.0.3396.87 Safari/537.36"
24.17.154.87 - - [17/Jun/2018:21:59:25 -0500] "GET /home HTTP/1.1" 307 - "-" "Mozilla/5.0 (Windows NT 10.0; Win64; x64) AppleWebKit/537.36 (KHTML, like Gecko) Chrome/67.0.3396.87 Safari/537.36"
24.17.154.87 - - [17/Jun/2018:21:59:25 -0500] "GET /home HTTP/1.1" 307 - "-" "Mozilla/5.0 (Windows NT 10.0; Win64; x64) AppleWebKit/537.36 (KHTML, like Gecko) Chrome/67.0.3396.87 Safari/537.36"
24.17.154.87 - - [17/Jun/2018:21:59:26 -0500] "GET /home HTTP/1.1" 307 - "-" "Mozilla/5.0 (Windows NT 10.0; Win64; x64) AppleWebKit/537.36 (KHTML, like Gecko) Chrome/67.0.3396.87 Safari/537.36"
24.17.154.87 - - [17/Jun/2018:21:59:27 -0500] "GET /home HTTP/1.1" 307 - "-" "Mozilla/5.0 (Windows NT 10.0; Win64; x64) AppleWebKit/537.36 (KHTML, like Gecko) Chrome/67.0.3396.87 Safari/537.36"
24.17.154.87 - - [17/Jun/2018:21:59:27 -0500] "GET /home HTTP/1.1" 307 - "-" "Mozilla/5.0 (Windows NT 10.0; Win64; x64) AppleWebKit/537.36 (KHTML, like Gecko) Chrome/67.0.3396.87 Safari/537.36"
24.17.154.87 - - [17/Jun/2018:21:59:28 -0500] "GET /home HTTP/1.1" 307 - "-" "Mozilla/5.0 (Windows NT 10.0; Win64; x64) AppleWebKit/537.36 (KHTML, like Gecko) Chrome/67.0.3396.87 Safari/537.36"
24.17.154.87 - - [17/Jun/2018:21:59:28 -0500] "GET /home HTTP/1.1" 307 - "-" "Mozilla/5.0 (Windows NT 10.0; Win64; x64) AppleWebKit/537.36 (KHTML, like Gecko) Chrome/67.0.3396.87 Safari/537.36"
50.34.170.157 - - [17/Jun/2018:21:59:28 -0500] "GET /home HTTP/1.1" 307 - "-" "Mozilla/5.0 (Windows NT 6.1) AppleWebKit/537.36 (KHTML, like Gecko) Chrome/67.0.3396.87 Safari/537.36"
50.34.170.157 - - [17/Jun/2018:21:59:48 -0500] "GET /home HTTP/1.1" 307 - "-" "Mozilla/5.0 (Windows NT 6.1) AppleWebKit/537.36 (KHTML, like Gecko) Chrome/67.0.3396.87 Safari/537.36"
67.168.120.175 - - [17/Jun/2018:22:02:34 -0500] "GET /home HTTP/1.1" 200 44405 "-" "Mozilla/5.0 (Windows NT 10.0; Win64; x64) AppleWebKit/537.36 (KHTML, like Gecko) Chrome/66.0.3359.181 Safari/537.36"
67.168.120.175 - - [17/Jun/2018:22:02:51 -0500] "GET /home HTTP/1.1" 200 44405 "-" "Mozilla/5.0 (Windows NT 10.0; Win64; x64) AppleWebKit/537.36 (KHTML, like Gecko) Chrome/66.0.3359.181 Safari/537.36"
67.168.120.175 - - [17/Jun/2018:22:03:14 -0500] "GET /home HTTP/1.1" 200 44405 "-" "Mozilla/5.0 (Windows NT 10.0; Win64; x64) AppleWebKit/537.36 (KHTML, like Gecko) Chrome/66.0.3359.181 Safari/537.36"
68.119.6.221 - - [17/Jun/2018:22:06:50 -0500] "GET /home HTTP/1.1" 307 - "-" "Mozilla/5.0 (Windows NT 6.3; Win64; x64) AppleWebKit/537.36 (KHTML, like Gecko) Chrome/67.0.3396.79 Safari/537.36"
68.119.6.221 - - [17/Jun/2018:22:07:22 -0500] "GET /home HTTP/1.1" 307 - "-" "Mozilla/5.0 (Windows NT 6.3; Win64; x64) AppleWebKit/537.36 (KHTML, like Gecko) Chrome/67.0.3396.79 Safari/537.36"
68.119.6.221 - - [17/Jun/2018:22:08:10 -0500] "GET /home HTTP/1.1" 307 - "-" "Mozilla/5.0 (Windows NT 6.3; Win64; x64) AppleWebKit/537.36 (KHTML, like Gecko) Chrome/67.0.3396.79 Safari/537.36"
68.119.6.221 - - [17/Jun/2018:22:08:27 -0500] "GET /home HTTP/1.1" 307 - "-" "Mozilla/5.0 (Windows NT 6.3; Win64; x64) AppleWebKit/537.36 (KHTML, like Gecko) Chrome/67.0.3396.79 Safari/537.36"
68.119.6.221 - - [17/Jun/2018:22:08:46 -0500] "GET /home HTTP/1.1" 307 - "-" "Mozilla/5.0 (Windows NT 6.3; Win64; x64) AppleWebKit/537.36 (KHTML, like Gecko) Chrome/67.0.3396.79 Safari/537.36"
68.119.6.221 - - [17/Jun/2018:22:09:06 -0500] "GET /home HTTP/1.1" 307 - "-" "Mozilla/5.0 (Windows NT 6.3; Win64; x64) AppleWebKit/537.36 (KHTML, like Gecko) Chrome/67.0.3396.79 Safari/537.36"
68.119.6.221 - - [17/Jun/2018:22:09:36 -0500] "GET /home HTTP/1.1" 307 - "-" "Mozilla/5.0 (Windows NT 6.3; Win64; x64) AppleWebKit/537.36 (KHTML, like Gecko) Chrome/67.0.3396.87 Safari/537.36"
50.78.168.90 - - [17/Jun/2018:22:10:14 -0500] "GET / HTTP/1.1" 200 2413 "-" "Mozilla/5.0 (Windows NT 10.0; Win64; x64) AppleWebKit/537.36 (KHTML, like Gecko) Chrome/52.0.2743.116 Safari/537.36 Edge/15.15063"
50.78.168.90 - - [17/Jun/2018:22:10:15 -0500] "GET /favicon.ico HTTP/1.1" 404 1190 "-" "Mozilla/5.0 (Windows NT 10.0; Win64; x64) AppleWebKit/537.36 (KHTML, like Gecko) Chrome/52.0.2743.116 Safari/537.36 Edge/15.15063"
68.119.6.221 - - [17/Jun/2018:22:12:08 -0500] "GET /home HTTP/1.1" 307 - "-" "Mozilla/5.0 (Windows NT 6.3; Win64; x64) AppleWebKit/537.36 (KHTML, like Gecko) Chrome/67.0.3396.87 Safari/537.36"
172.76.112.37 - - [17/Jun/2018:22:16:24 -0500] "GET /home HTTP/1.1" 307 - "-" "Mozilla/5.0 (Windows NT 10.0) AppleWebKit/537.36 (KHTML, like Gecko) Chrome/67.0.3396.87 Safari/537.36"
68.119.6.221 - - [17/Jun/2018:22:19:49 -0500] "GET / HTTP/1.1" 200 2413 "-" "Microsoft Windows Network Diagnostics"
68.119.6.221 - - [17/Jun/2018:22:19:56 -0500] "GET /home HTTP/1.1" 307 - "-" "Mozilla/5.0 (Windows NT 6.3; Win64; x64) AppleWebKit/537.36 (KHTML, like Gecko) Chrome/67.0.3396.87 Safari/537.36"
68.119.6.221 - - [17/Jun/2018:22:20:55 -0500] "GET /home HTTP/1.1" 307 - "-" "Mozilla/5.0 (Windows NT 6.3; Win64; x64) AppleWebKit/537.36 (KHTML, like Gecko) Chrome/67.0.3396.87 Safari/537.36"
68.119.6.221 - - [17/Jun/2018:22:23:29 -0500] "GET / HTTP/1.1" 200 2413 "-" "Microsoft Windows Network Diagnostics"
68.119.6.221 - - [17/Jun/2018:22:23:34 -0500] "GET /home HTTP/1.1" 307 - "-" "Mozilla/5.0 (Windows NT 6.3; Win64; x64) AppleWebKit/537.36 (KHTML, like Gecko) Chrome/67.0.3396.87 Safari/537.36"
68.119.6.221 - - [17/Jun/2018:22:24:09 -0500] "GET /home HTTP/1.1" 307 - "-" "Mozilla/5.0 (Windows NT 6.3; Win64; x64) AppleWebKit/537.36 (KHTML, like Gecko) Chrome/67.0.3396.87 Safari/537.36"
172.76.112.37 - - [17/Jun/2018:22:24:48 -0500] "GET /home HTTP/1.1" 307 - "-" "Mozilla/5.0 (Windows NT 10.0) AppleWebKit/537.36 (KHTML, like Gecko) Chrome/67.0.3396.87 Safari/537.36"
68.119.6.221 - - [17/Jun/2018:22:25:03 -0500] "GET /home HTTP/1.1" 307 - "-" "Mozilla/5.0 (Windows NT 6.3; Win64; x64) AppleWebKit/537.36 (KHTML, like Gecko) Chrome/67.0.3396.87 Safari/537.36"
174.21.166.37 - - [17/Jun/2018:22:25:08 -0500] "GET /home HTTP/1.1" 307 - "-" "Mozilla/5.0 (Windows NT 10.0; WOW64) AppleWebKit/537.36 (KHTML, like Gecko) Chrome/67.0.3396.87 Safari/537.36"
174.21.166.37 - - [17/Jun/2018:22:25:24 -0500] "GET /login HTTP/1.1" 200 2413 "-" "Mozilla/5.0 (Windows NT 10.0; WOW64) AppleWebKit/537.36 (KHTML, like Gecko) Chrome/67.0.3396.87 Safari/537.36"
174.21.166.37 - - [17/Jun/2018:22:25:48 -0500] "GET /login HTTP/1.1" 200 2413 "-" "Mozilla/5.0 (Windows NT 10.0; WOW64) AppleWebKit/537.36 (KHTML, like Gecko) Chrome/67.0.3396.87 Safari/537.36"
68.119.6.221 - - [17/Jun/2018:22:25:52 -0500] "GET /home HTTP/1.1" 307 - "-" "Mozilla/5.0 (Windows NT 6.3; Win64; x64) AppleWebKit/537.36 (KHTML, like Gecko) Chrome/67.0.3396.87 Safari/537.36"
174.21.166.37 - - [17/Jun/2018:22:26:34 -0500] "GET /login HTTP/1.1" 200 2413 "-" "Mozilla/5.0 (Windows NT 10.0; WOW64) AppleWebKit/537.36 (KHTML, like Gecko) Chrome/67.0.3396.87 Safari/537.36"
68.116.25.229 - - [17/Jun/2018:22:29:11 -0500] "GET /home HTTP/1.1" 307 - "-" "Mozilla/5.0 (Windows NT 6.0) AppleWebKit/537.36 (KHTML, like Gecko) Chrome/49.0.2623.112 Safari/537.36"
68.119.6.221 - - [17/Jun/2018:22:29:52 -0500] "GET / HTTP/1.1" 200 2413 "-" "Microsoft Windows Network Diagnostics"
68.119.6.221 - - [17/Jun/2018:22:31:19 -0500] "GET /home HTTP/1.1" 307 - "-" "Mozilla/5.0 (Windows NT 6.3; Win64; x64) AppleWebKit/537.36 (KHTML, like Gecko) Chrome/67.0.3396.87 Safari/537.36"
68.119.6.221 - - [17/Jun/2018:22:31:32 -0500] "GET /home HTTP/1.1" 307 - "-" "Mozilla/5.0 (Windows NT 6.3; Win64; x64) AppleWebKit/537.36 (KHTML, like Gecko) Chrome/67.0.3396.87 Safari/537.36"
68.119.6.221 - - [17/Jun/2018:22:39:36 -0500] "GET /home HTTP/1.1" 307 - "-" "Mozilla/5.0 (Windows NT 6.3; Win64; x64) AppleWebKit/537.36 (KHTML, like Gecko) Chrome/67.0.3396.87 Safari/537.36"
174.21.166.37 - - [17/Jun/2018:22:46:45 -0500] "GET /login HTTP/1.1" 200 2413 "-" "Mozilla/5.0 (Windows NT 10.0; WOW64) AppleWebKit/537.36 (KHTML, like Gecko) Chrome/67.0.3396.87 Safari/537.36"
63.228.111.153 - - [17/Jun/2018:22:47:14 -0500] "GET /home HTTP/1.1" 307 - "-" "Mozilla/5.0 (Windows NT 10.0) AppleWebKit/537.36 (KHTML, like Gecko) Chrome/64.0.3282.140 Safari/537.36 Edge/17.17134"
63.228.111.153 - - [17/Jun/2018:22:47:24 -0500] "GET /home HTTP/1.1" 307 - "-" "Mozilla/5.0 (Windows NT 10.0) AppleWebKit/537.36 (KHTML, like Gecko) Chrome/64.0.3282.140 Safari/537.36 Edge/17.17134"
97.126.16.180 - - [17/Jun/2018:22:52:10 -0500] "GET /home HTTP/1.1" 307 - "-" "Mozilla/5.0 (Windows NT 6.1) AppleWebKit/537.36 (KHTML, like Gecko) Chrome/67.0.3396.87 Safari/537.36"
172.0.33.115 - - [17/Jun/2018:22:52:23 -0500] "GET /login HTTP/1.1" 200 2413 "-" "Mozilla/5.0 (Windows NT 6.1; Win64; x64) AppleWebKit/537.36 (KHTML, like Gecko) Chrome/67.0.3396.87 Safari/537.36"
73.193.36.207 - - [17/Jun/2018:22:54:17 -0500] "GET /home HTTP/1.1" 307 - "-" "Mozilla/5.0 (Windows NT 6.1) AppleWebKit/537.36 (KHTML, like Gecko) Chrome/67.0.3396.87 Safari/537.36"
172.0.33.115 - - [17/Jun/2018:22:58:56 -0500] "GET /home HTTP/1.1" 200 7038 "-" "Mozilla/5.0 (Windows NT 6.1; Win64; x64) AppleWebKit/537.36 (KHTML, like Gecko) Chrome/67.0.3396.87 Safari/537.36"
172.0.33.115 - - [17/Jun/2018:22:59:19 -0500] "GET /home HTTP/1.1" 200 7038 "-" "Mozilla/5.0 (Windows NT 6.1; Win64; x64) AppleWebKit/537.36 (KHTML, like Gecko) Chrome/67.0.3396.87 Safari/537.36"
174.21.166.37 - - [17/Jun/2018:23:04:30 -0500] "GET /home HTTP/1.1" 307 - "-" "Mozilla/5.0 (Windows NT 10.0; WOW64) AppleWebKit/537.36 (KHTML, like Gecko) Chrome/67.0.3396.87 Safari/537.36"
174.21.166.37 - - [17/Jun/2018:23:05:47 -0500] "GET /home HTTP/1.1" 307 - "-" "Mozilla/5.0 (Windows NT 10.0; WOW64) AppleWebKit/537.36 (KHTML, like Gecko) Chrome/67.0.3396.87 Safari/537.36"
192.95.68.199 - - [17/Jun/2018:23:11:32 -0500] "GET /reportsCtrl/invoices HTTP/1.1" 307 - "-" "Mozilla/5.0 (Windows NT 6.1; Win64; x64) AppleWebKit/537.36 (KHTML, like Gecko) Chrome/67.0.3396.87 Safari/537.36"
192.95.68.199 - - [17/Jun/2018:23:12:02 -0500] "GET /reportsCtrl/invoices HTTP/1.1" 307 - "-" "Mozilla/5.0 (Windows NT 6.1; Win64; x64) AppleWebKit/537.36 (KHTML, like Gecko) Chrome/67.0.3396.87 Safari/537.36"
97.121.48.202 - - [17/Jun/2018:23:16:16 -0500] "GET /home HTTP/1.1" 307 - "-" "Mozilla/5.0 (iPhone; CPU iPhone OS 11_4 like Mac OS X) AppleWebKit/605.1.15 (KHTML, like Gecko) Version/11.0 Mobile/15E148 Safari/604.1"
97.121.48.202 - - [17/Jun/2018:23:16:29 -0500] "GET /home HTTP/1.1" 307 - "-" "Mozilla/5.0 (iPhone; CPU iPhone OS 11_4 like Mac OS X) AppleWebKit/605.1.15 (KHTML, like Gecko) Version/11.0 Mobile/15E148 Safari/604.1"
174.216.42.108 - - [17/Jun/2018:23:40:06 -0500] "GET /home HTTP/1.1" 307 - "-" "Mozilla/5.0 (Windows NT 10.0; Win64; x64) AppleWebKit/537.36 (KHTML, like Gecko) Chrome/67.0.3396.87 Safari/537.36"
174.216.42.108 - - [17/Jun/2018:23:40:06 -0500] "GET /home HTTP/1.1" 307 - "-" "Mozilla/5.0 (Windows NT 10.0; Win64; x64) AppleWebKit/537.36 (KHTML, like Gecko) Chrome/67.0.3396.87 Safari/537.36"
174.216.2.96 - - [17/Jun/2018:23:46:24 -0500] "GET /home HTTP/1.1" 307 - "-" "Mozilla/5.0 (Linux; Android 7.0; ASUS_P00J Build/NRD90M) AppleWebKit/537.36 (KHTML, like Gecko) Chrome/67.0.3396.87 Safari/537.36"
174.216.42.108 - - [18/Jun/2018:00:16:39 -0500] "GET /home HTTP/1.1" 307 - "-" "Mozilla/5.0 (Windows NT 10.0; Win64; x64) AppleWebKit/537.36 (KHTML, like Gecko) Chrome/67.0.3396.87 Safari/537.36"
174.216.42.108 - - [18/Jun/2018:00:16:39 -0500] "GET /home HTTP/1.1" 307 - "-" "Mozilla/5.0 (Windows NT 10.0; Win64; x64) AppleWebKit/537.36 (KHTML, like Gecko) Chrome/67.0.3396.87 Safari/537.36"
71.15.165.182 - - [18/Jun/2018:00:24:00 -0500] "GET /home HTTP/1.1" 307 - "-" "Mozilla/5.0 (Windows NT 10.0; Win64; x64) AppleWebKit/537.36 (KHTML, like Gecko) Chrome/67.0.3396.87 Safari/537.36"
180.76.15.23 - - [18/Jun/2018:01:00:08 -0500] "GET /js/jquery.validate.min.js HTTP/1.1" 200 22691 "-" "Mozilla/5.0 (compatible; Baiduspider/2.0; +http://www.baidu.com/search/spider.html)"
172.58.41.39 - - [18/Jun/2018:01:55:59 -0500] "GET /home HTTP/1.1" 307 - "-" "Mozilla/5.0 (Linux; Android 8.0.0; SM-N950U Build/R16NW) AppleWebKit/537.36 (KHTML, like Gecko) Chrome/67.0.3396.87 Mobile Safari/537.36"
