71.231.0.91 - - [17/Jun/2018:13:45:25 -0500] "GET /home HTTP/1.1" 200 44400 "-" "Mozilla/5.0 (Windows NT 6.2; Win64; x64) AppleWebKit/537.36 (KHTML, like Gecko) Chrome/67.0.3396.87 Safari/537.36"
71.231.0.91 - - [17/Jun/2018:13:45:50 -0500] "GET /home HTTP/1.1" 200 44400 "-" "Mozilla/5.0 (Windows NT 6.2; Win64; x64) AppleWebKit/537.36 (KHTML, like Gecko) Chrome/67.0.3396.87 Safari/537.36"
71.231.0.91 - - [17/Jun/2018:13:45:52 -0500] "GET /home HTTP/1.1" 200 44400 "-" "Mozilla/5.0 (Windows NT 6.2; Win64; x64) AppleWebKit/537.36 (KHTML, like Gecko) Chrome/67.0.3396.87 Safari/537.36"
173.11.134.186 - - [17/Jun/2018:13:46:06 -0500] "GET /home HTTP/1.1" 307 - "-" "Mozilla/5.0 (Windows NT 10.0; WOW64; Trident/7.0; rv:11.0) like Gecko"
50.34.139.68 - - [17/Jun/2018:13:47:03 -0500] "GET /home HTTP/1.1" 307 - "https://www.myringring.net/login" "Mozilla/5.0 (Windows NT 6.1) AppleWebKit/537.36 (KHTML, like Gecko) Chrome/66.0.3359.181 Safari/537.36"
50.34.139.68 - - [17/Jun/2018:13:47:05 -0500] "GET /login HTTP/1.1" 200 2413 "https://www.myringring.net/home/addFunds" "Mozilla/5.0 (Windows NT 6.1) AppleWebKit/537.36 (KHTML, like Gecko) Chrome/66.0.3359.181 Safari/537.36"
50.34.139.68 - - [17/Jun/2018:13:47:05 -0500] "GET /login HTTP/1.1" 200 2413 "https://www.myringring.net/home" "Mozilla/5.0 (Windows NT 6.1) AppleWebKit/537.36 (KHTML, like Gecko) Chrome/66.0.3359.181 Safari/537.36"
50.34.139.68 - - [17/Jun/2018:13:47:06 -0500] "GET /pinlessAdminCtrl HTTP/1.1" 307 - "https://www.myringring.net/clientCtrl/transactionsList" "Mozilla/5.0 (Windows NT 6.1) AppleWebKit/537.36 (KHTML, like Gecko) Chrome/66.0.3359.181 Safari/537.36"
50.34.139.68 - - [17/Jun/2018:13:47:34 -0500] "GET /home HTTP/1.1" 307 - "-" "Mozilla/5.0 (Windows NT 6.1) AppleWebKit/537.36 (KHTML, like Gecko) Chrome/66.0.3359.181 Safari/537.36"
24.19.151.163 - - [17/Jun/2018:13:48:26 -0500] "GET /home HTTP/1.1" 307 - "-" "Mozilla/5.0 (Windows NT 6.3; Win64; x64) AppleWebKit/537.36 (KHTML, like Gecko) Chrome/67.0.3396.87 Safari/537.36"
24.19.151.163 - - [17/Jun/2018:13:48:27 -0500] "GET /home HTTP/1.1" 307 - "-" "Mozilla/5.0 (Windows NT 6.3; Win64; x64) AppleWebKit/537.36 (KHTML, like Gecko) Chrome/67.0.3396.87 Safari/537.36"
50.34.139.68 - - [17/Jun/2018:13:49:54 -0500] "GET /login HTTP/1.1" 200 2413 "-" "Mozilla/5.0 (Windows NT 6.1) AppleWebKit/537.36 (KHTML, like Gecko) Chrome/66.0.3359.181 Safari/537.36"
98.232.84.234 - - [17/Jun/2018:13:50:22 -0500] "GET /home HTTP/1.1" 307 - "-" "Mozilla/5.0 (Windows NT 6.1; WOW64; Trident/7.0; rv:11.0) like Gecko"
98.232.84.234 - - [17/Jun/2018:13:50:27 -0500] "GET /home HTTP/1.1" 307 - "-" "Mozilla/5.0 (Windows NT 6.1; WOW64; Trident/7.0; rv:11.0) like Gecko"
50.34.139.68 - - [17/Jun/2018:13:50:33 -0500] "GET /home HTTP/1.1" 307 - "-" "Mozilla/5.0 (Windows NT 6.1) AppleWebKit/537.36 (KHTML, like Gecko) Chrome/66.0.3359.181 Safari/537.36"
96.81.159.54 - - [17/Jun/2018:13:54:49 -0500] "GET /home HTTP/1.1" 307 - "-" "Mozilla/5.0 (Windows NT 6.1; Win64; x64) AppleWebKit/537.36 (KHTML, like Gecko) Chrome/67.0.3396.87 Safari/537.36"
73.225.225.171 - - [17/Jun/2018:13:58:38 -0500] "GET /home HTTP/1.1" 307 - "-" "Mozilla/5.0 (Windows NT 10.0; Win64; x64) AppleWebKit/537.36 (KHTML, like Gecko) Chrome/67.0.3396.87 Safari/537.36"
73.225.225.171 - - [17/Jun/2018:13:58:54 -0500] "GET /home HTTP/1.1" 307 - "-" "Mozilla/5.0 (Windows NT 10.0; Win64; x64) AppleWebKit/537.36 (KHTML, like Gecko) Chrome/67.0.3396.87 Safari/537.36"
96.81.159.54 - - [17/Jun/2018:14:02:33 -0500] "GET /home HTTP/1.1" 307 - "-" "Mozilla/5.0 (Windows NT 6.1; Win64; x64) AppleWebKit/537.36 (KHTML, like Gecko) Chrome/67.0.3396.87 Safari/537.36"
96.81.159.54 - - [17/Jun/2018:14:02:43 -0500] "GET /home HTTP/1.1" 307 - "-" "Mozilla/5.0 (Windows NT 6.1; Win64; x64) AppleWebKit/537.36 (KHTML, like Gecko) Chrome/67.0.3396.87 Safari/537.36"
96.81.159.54 - - [17/Jun/2018:14:02:56 -0500] "GET /home HTTP/1.1" 307 - "-" "Mozilla/5.0 (Windows NT 6.1; Win64; x64) AppleWebKit/537.36 (KHTML, like Gecko) Chrome/67.0.3396.87 Safari/537.36"
173.11.134.186 - - [17/Jun/2018:14:08:29 -0500] "GET /home HTTP/1.1" 307 - "-" "Mozilla/5.0 (Windows NT 10.0; WOW64; Trident/7.0; rv:11.0) like Gecko"
71.94.234.130 - - [17/Jun/2018:14:12:40 -0500] "GET /home HTTP/1.1" 307 - "-" "Mozilla/5.0 (Windows NT 6.1; Win64; x64) AppleWebKit/537.36 (KHTML, like Gecko) Chrome/67.0.3396.87 Safari/537.36"
71.94.234.130 - - [17/Jun/2018:14:12:46 -0500] "GET /home HTTP/1.1" 307 - "-" "Mozilla/5.0 (Windows NT 6.1; Win64; x64) AppleWebKit/537.36 (KHTML, like Gecko) Chrome/67.0.3396.87 Safari/537.36"
71.94.234.130 - - [17/Jun/2018:14:12:54 -0500] "GET /home HTTP/1.1" 307 - "-" "Mozilla/5.0 (Windows NT 6.1; Win64; x64) AppleWebKit/537.36 (KHTML, like Gecko) Chrome/67.0.3396.87 Safari/537.36"
189.216.148.13 - - [17/Jun/2018:14:13:25 -0500] "GET / HTTP/1.1" 200 2413 "-" "Mozilla/5.0 (Macintosh; Intel Mac OS X 10_12_6) AppleWebKit/537.36 (KHTML, like Gecko) Chrome/67.0.3396.87 Safari/537.36"
71.197.152.90 - - [17/Jun/2018:14:13:59 -0500] "GET /home HTTP/1.1" 307 - "-" "Mozilla/5.0 (Windows NT 6.1; Trident/7.0; rv:11.0) like Gecko"
71.197.152.90 - - [17/Jun/2018:14:14:07 -0500] "GET /home HTTP/1.1" 307 - "-" "Mozilla/5.0 (Windows NT 6.1; Trident/7.0; rv:11.0) like Gecko"
71.197.152.90 - - [17/Jun/2018:14:14:35 -0500] "GET /home HTTP/1.1" 307 - "-" "Mozilla/5.0 (Windows NT 6.1; Trident/7.0; rv:11.0) like Gecko"
71.197.152.90 - - [17/Jun/2018:14:14:48 -0500] "GET /home HTTP/1.1" 307 - "-" "Mozilla/5.0 (Windows NT 6.1; Trident/7.0; rv:11.0) like Gecko"
70.90.185.14 - - [17/Jun/2018:14:16:24 -0500] "GET /home HTTP/1.1" 307 - "-" "Mozilla/5.0 (Windows NT 6.1; Win64; x64) AppleWebKit/537.36 (KHTML, like Gecko) Chrome/67.0.3396.87 Safari/537.36"
216.134.167.133 - - [17/Jun/2018:14:16:49 -0500] "GET /home HTTP/1.1" 307 - "-" "Mozilla/5.0 (Linux; Android 7.0; SAMSUNG SM-T580 Build/NRD90M) AppleWebKit/537.36 (KHTML, like Gecko) SamsungBrowser/6.4 Chrome/56.0.2924.87 Safari/537.36"
216.134.167.133 - - [17/Jun/2018:14:16:59 -0500] "GET /home HTTP/1.1" 307 - "-" "Mozilla/5.0 (Linux; Android 7.0; SAMSUNG SM-T580 Build/NRD90M) AppleWebKit/537.36 (KHTML, like Gecko) SamsungBrowser/6.4 Chrome/56.0.2924.87 Safari/537.36"
216.134.167.133 - - [17/Jun/2018:14:17:06 -0500] "GET /home HTTP/1.1" 307 - "-" "Mozilla/5.0 (Linux; Android 7.0; SAMSUNG SM-T580 Build/NRD90M) AppleWebKit/537.36 (KHTML, like Gecko) SamsungBrowser/6.4 Chrome/56.0.2924.87 Safari/537.36"
216.134.167.133 - - [17/Jun/2018:14:17:14 -0500] "GET /home HTTP/1.1" 307 - "-" "Mozilla/5.0 (Linux; Android 7.0; SAMSUNG SM-T580 Build/NRD90M) AppleWebKit/537.36 (KHTML, like Gecko) SamsungBrowser/6.4 Chrome/56.0.2924.87 Safari/537.36"
181.51.165.108 - - [17/Jun/2018:14:17:33 -0500] "GET / HTTP/1.1" 200 2413 "-" "Mozilla/5.0 (Windows NT 6.2; Win64; x64) AppleWebKit/537.36 (KHTML, like Gecko) Chrome/67.0.3396.87 Safari/537.36"
181.51.165.108 - - [17/Jun/2018:14:17:40 -0500] "GET / HTTP/1.1" 200 2413 "-" "Mozilla/5.0 (Windows NT 6.2; Win64; x64) AppleWebKit/537.36 (KHTML, like Gecko) Chrome/67.0.3396.87 Safari/537.36"
173.164.102.17 - - [17/Jun/2018:14:22:10 -0500] "GET /home HTTP/1.1" 307 - "-" "Mozilla/5.0 (Windows NT 6.1; WOW64; Trident/7.0; rv:11.0) like Gecko"
173.164.102.17 - - [17/Jun/2018:14:22:19 -0500] "GET /home HTTP/1.1" 307 - "-" "Mozilla/5.0 (Windows NT 6.1; WOW64; Trident/7.0; rv:11.0) like Gecko"
173.164.102.17 - - [17/Jun/2018:14:22:25 -0500] "GET /home HTTP/1.1" 307 - "-" "Mozilla/5.0 (Windows NT 6.1; WOW64; Trident/7.0; rv:11.0) like Gecko"
173.164.102.17 - - [17/Jun/2018:14:22:30 -0500] "GET /home HTTP/1.1" 307 - "-" "Mozilla/5.0 (Windows NT 6.1; WOW64; Trident/7.0; rv:11.0) like Gecko"
73.240.248.153 - - [17/Jun/2018:14:25:00 -0500] "POST /home/addFunds HTTP/1.1" 303 - "https://www.myringring.net/home/addFunds" "Mozilla/5.0 (Windows NT 10.0; Win64; x64) AppleWebKit/537.36 (KHTML, like Gecko) Chrome/64.0.3282.140 Safari/537.36 Edge/17.17134"
181.51.165.108 - - [17/Jun/2018:14:26:17 -0500] "GET / HTTP/1.1" 403 - "-" "Mozilla/5.0 (Windows NT 6.2; Win64; x64) AppleWebKit/537.36 (KHTML, like Gecko) Chrome/67.0.3396.87 Safari/537.36"
181.51.165.108 - - [17/Jun/2018:14:26:18 -0500] "GET /favicon.ico HTTP/1.1" 403 - "https://www.myringring.net/" "Mozilla/5.0 (Windows NT 6.2; Win64; x64) AppleWebKit/537.36 (KHTML, like Gecko) Chrome/67.0.3396.87 Safari/537.36"
181.51.165.108 - - [17/Jun/2018:14:26:32 -0500] "GET / HTTP/1.1" 403 - "https://www.myringring.net/" "Mozilla/5.0 (Windows NT 6.2; Win64; x64) AppleWebKit/537.36 (KHTML, like Gecko) Chrome/67.0.3396.87 Safari/537.36"
181.51.165.108 - - [17/Jun/2018:14:26:32 -0500] "GET /favicon.ico HTTP/1.1" 403 - "https://www.myringring.net/" "Mozilla/5.0 (Windows NT 6.2; Win64; x64) AppleWebKit/537.36 (KHTML, like Gecko) Chrome/67.0.3396.87 Safari/537.36"
181.51.165.108 - - [17/Jun/2018:14:26:52 -0500] "GET / HTTP/1.1" 403 - "-" "Mozilla/5.0 (Windows NT 6.2; Win64; x64) AppleWebKit/537.36 (KHTML, like Gecko) Chrome/67.0.3396.87 Safari/537.36"
181.51.165.108 - - [17/Jun/2018:14:26:52 -0500] "GET /favicon.ico HTTP/1.1" 403 - "https://www.myringring.net/" "Mozilla/5.0 (Windows NT 6.2; Win64; x64) AppleWebKit/537.36 (KHTML, like Gecko) Chrome/67.0.3396.87 Safari/537.36"
181.51.165.108 - - [17/Jun/2018:14:28:09 -0500] "GET / HTTP/1.1" 200 2413 "-" "Mozilla/5.0 (Windows NT 6.2; Win64; x64) AppleWebKit/537.36 (KHTML, like Gecko) Chrome/67.0.3396.87 Safari/537.36"
181.51.165.108 - - [17/Jun/2018:14:28:29 -0500] "GET / HTTP/1.1" 200 2413 "-" "Mozilla/5.0 (Windows NT 6.2; Win64; x64) AppleWebKit/537.36 (KHTML, like Gecko) Chrome/67.0.3396.87 Safari/537.36"
68.186.105.113 - - [17/Jun/2018:14:28:36 -0500] "GET /home HTTP/1.1" 307 - "-" "Mozilla/5.0 (Windows NT 10.0; Win64; x64) AppleWebKit/537.36 (KHTML, like Gecko) Chrome/64.0.3282.140 Safari/537.36 Edge/17.17134"
68.186.105.113 - - [17/Jun/2018:14:28:47 -0500] "GET /home HTTP/1.1" 307 - "-" "Mozilla/5.0 (Windows NT 10.0; Win64; x64) AppleWebKit/537.36 (KHTML, like Gecko) Chrome/64.0.3282.140 Safari/537.36 Edge/17.17134"
181.51.165.108 - - [17/Jun/2018:14:29:12 -0500] "GET / HTTP/1.1" 200 2413 "-" "Mozilla/5.0 (Windows NT 6.2; Win64; x64) AppleWebKit/537.36 (KHTML, like Gecko) Chrome/67.0.3396.87 Safari/537.36"
181.51.165.108 - - [17/Jun/2018:14:30:18 -0500] "GET / HTTP/1.1" 200 2413 "-" "Mozilla/5.0 (Windows NT 6.2; Win64; x64) AppleWebKit/537.36 (KHTML, like Gecko) Chrome/67.0.3396.87 Safari/537.36"
174.216.2.96 - - [17/Jun/2018:14:30:30 -0500] "GET /home HTTP/1.1" 307 - "-" "Mozilla/5.0 (Linux; Android 7.0; ASUS_P00J Build/NRD90M) AppleWebKit/537.36 (KHTML, like Gecko) Chrome/67.0.3396.87 Safari/537.36"
174.216.2.96 - - [17/Jun/2018:14:30:41 -0500] "GET /home HTTP/1.1" 307 - "-" "Mozilla/5.0 (Linux; Android 7.0; ASUS_P00J Build/NRD90M) AppleWebKit/537.36 (KHTML, like Gecko) Chrome/68.0.3440.23 Safari/537.36"
174.216.2.96 - - [17/Jun/2018:14:31:24 -0500] "GET /home HTTP/1.1" 307 - "-" "Mozilla/5.0 (Linux; Android 7.0; ASUS_P00J Build/NRD90M) AppleWebKit/537.36 (KHTML, like Gecko) Chrome/68.0.3440.23 Safari/537.36"
172.86.137.107 - - [17/Jun/2018:14:31:32 -0500] "GET /home HTTP/1.1" 307 - "-" "Mozilla/5.0 (Windows NT 6.3; Win64; x64) AppleWebKit/537.36 (KHTML, like Gecko) Chrome/67.0.3396.87 Safari/537.36"
181.51.165.108 - - [17/Jun/2018:14:31:33 -0500] "GET / HTTP/1.1" 200 2413 "-" "Mozilla/5.0 (Windows NT 6.2; Win64; x64) AppleWebKit/537.36 (KHTML, like Gecko) Chrome/67.0.3396.87 Safari/537.36"
69.131.229.245 - - [17/Jun/2018:14:32:30 -0500] "GET /home HTTP/1.1" 307 - "-" "Mozilla/5.0 (Windows NT 6.1; WOW64; Trident/7.0; rv:11.0) like Gecko"
97.113.242.141 - - [17/Jun/2018:14:34:01 -0500] "POST /login/authenticate HTTP/1.1" 303 - "https://www.myringring.net/login" "Mozilla/5.0 (Windows NT 6.1; Win64; x64) AppleWebKit/537.36 (KHTML, like Gecko) Chrome/67.0.3396.79 Safari/537.36"
97.113.242.141 - - [17/Jun/2018:14:34:21 -0500] "GET /login HTTP/1.1" 307 - "-" "Mozilla/5.0 (Windows NT 6.1; Win64; x64) AppleWebKit/537.36 (KHTML, like Gecko) Chrome/67.0.3396.79 Safari/537.36"
71.197.152.90 - - [17/Jun/2018:14:36:18 -0500] "GET /home HTTP/1.1" 307 - "-" "Mozilla/5.0 (Windows NT 6.1; Trident/7.0; rv:11.0) like Gecko"
174.216.2.96 - - [17/Jun/2018:14:37:24 -0500] "GET /home HTTP/1.1" 307 - "-" "Mozilla/5.0 (Linux; Android 7.0; ASUS_P00J Build/NRD90M) AppleWebKit/537.36 (KHTML, like Gecko) Chrome/67.0.3396.87 Safari/537.36"
73.180.28.241 - - [17/Jun/2018:14:37:59 -0500] "GET /home HTTP/1.1" 307 - "-" "Mozilla/5.0 (Windows NT 6.1; Win64; x64) AppleWebKit/537.36 (KHTML, like Gecko) Chrome/67.0.3396.87 Safari/537.36"
98.232.84.234 - - [17/Jun/2018:14:38:37 -0500] "GET /home HTTP/1.1" 307 - "-" "Mozilla/5.0 (Windows NT 6.1; WOW64; Trident/7.0; rv:11.0) like Gecko"
71.193.163.1 - - [17/Jun/2018:14:40:11 -0500] "GET /home HTTP/1.1" 307 - "-" "Mozilla/5.0 (Windows NT 6.1; Win64; x64) AppleWebKit/537.36 (KHTML, like Gecko) Chrome/67.0.3396.87 Safari/537.36"
73.169.167.117 - - [17/Jun/2018:14:45:55 -0500] "GET /home/account HTTP/1.1" 307 - "-" "Mozilla/5.0 (Windows NT 6.1) AppleWebKit/537.36 (KHTML, like Gecko) Chrome/67.0.3396.87 Safari/537.36"
73.169.167.117 - - [17/Jun/2018:14:45:55 -0500] "GET /home/account HTTP/1.1" 307 - "-" "Mozilla/5.0 (Windows NT 6.1) AppleWebKit/537.36 (KHTML, like Gecko) Chrome/67.0.3396.87 Safari/537.36"
98.232.84.234 - - [17/Jun/2018:14:47:14 -0500] "GET /home HTTP/1.1" 307 - "-" "Mozilla/5.0 (Windows NT 6.1; WOW64; Trident/7.0; rv:11.0) like Gecko"
73.169.167.117 - - [17/Jun/2018:14:47:33 -0500] "GET /home/account HTTP/1.1" 307 - "-" "Mozilla/5.0 (Windows NT 6.1) AppleWebKit/537.36 (KHTML, like Gecko) Chrome/67.0.3396.87 Safari/537.36"
75.149.169.186 - - [17/Jun/2018:14:49:30 -0500] "GET /home HTTP/1.1" 307 - "-" "Mozilla/5.0 (Windows NT 6.1) AppleWebKit/537.36 (KHTML, like Gecko) Chrome/67.0.3396.87 Safari/537.36"
75.149.169.186 - - [17/Jun/2018:14:49:42 -0500] "GET /home HTTP/1.1" 307 - "-" "Mozilla/5.0 (Windows NT 6.1) AppleWebKit/537.36 (KHTML, like Gecko) Chrome/67.0.3396.87 Safari/537.36"
98.232.84.234 - - [17/Jun/2018:14:49:46 -0500] "GET /home HTTP/1.1" 307 - "-" "Mozilla/5.0 (Windows NT 6.1; WOW64; Trident/7.0; rv:11.0) like Gecko"
69.131.229.245 - - [17/Jun/2018:14:51:13 -0500] "GET /home HTTP/1.1" 307 - "-" "Mozilla/5.0 (Windows NT 6.1; WOW64; Trident/7.0; rv:11.0) like Gecko"
73.169.167.117 - - [17/Jun/2018:14:51:26 -0500] "GET /home/account HTTP/1.1" 307 - "-" "Mozilla/5.0 (Windows NT 6.1) AppleWebKit/537.36 (KHTML, like Gecko) Chrome/67.0.3396.87 Safari/537.36"
73.169.167.117 - - [17/Jun/2018:14:51:28 -0500] "GET /home/account HTTP/1.1" 307 - "-" "Mozilla/5.0 (Windows NT 6.1) AppleWebKit/537.36 (KHTML, like Gecko) Chrome/67.0.3396.87 Safari/537.36"
73.180.28.241 - - [17/Jun/2018:14:52:26 -0500] "GET /home HTTP/1.1" 307 - "-" "Mozilla/5.0 (Windows NT 6.1; Win64; x64) AppleWebKit/537.36 (KHTML, like Gecko) Chrome/67.0.3396.87 Safari/537.36"
50.78.47.98 - - [17/Jun/2018:14:52:59 -0500] "GET /home HTTP/1.1" 307 - "-" "Mozilla/5.0 (Windows NT 6.1; Win64; x64) AppleWebKit/537.36 (KHTML, like Gecko) Chrome/67.0.3396.87 Safari/537.36"
50.78.47.98 - - [17/Jun/2018:14:53:45 -0500] "GET /login HTTP/1.1" 200 2413 "-" "Mozilla/5.0 (Windows NT 6.1; Win64; x64) AppleWebKit/537.36 (KHTML, like Gecko) Chrome/67.0.3396.87 Safari/537.36"
63.155.230.84 - - [17/Jun/2018:14:53:58 -0500] "GET /home HTTP/1.1" 307 - "-" "Mozilla/5.0 (Windows NT 6.1; WOW64; Trident/7.0; rv:11.0) like Gecko"
63.155.230.84 - - [17/Jun/2018:14:53:58 -0500] "GET /login HTTP/1.1" 200 2413 "-" "Mozilla/5.0 (Windows NT 6.1; WOW64; Trident/7.0; rv:11.0) like Gecko"
73.169.167.117 - - [17/Jun/2018:14:54:00 -0500] "GET /home/account HTTP/1.1" 307 - "-" "Mozilla/5.0 (Windows NT 6.1) AppleWebKit/537.36 (KHTML, like Gecko) Chrome/67.0.3396.87 Safari/537.36"
63.155.230.84 - - [17/Jun/2018:14:54:14 -0500] "GET /home HTTP/1.1" 307 - "-" "Mozilla/5.0 (Windows NT 6.1; WOW64; Trident/7.0; rv:11.0) like Gecko"
63.155.230.84 - - [17/Jun/2018:14:54:14 -0500] "GET /login HTTP/1.1" 200 2413 "-" "Mozilla/5.0 (Windows NT 6.1; WOW64; Trident/7.0; rv:11.0) like Gecko"
63.155.230.84 - - [17/Jun/2018:14:54:14 -0500] "GET /js/jquery.validate.min.js HTTP/1.1" 200 22691 "http://www.myringring.net:443/login" "Mozilla/5.0 (Windows NT 6.1; WOW64; Trident/7.0; rv:11.0) like Gecko"
63.155.230.84 - - [17/Jun/2018:14:54:32 -0500] "GET /home HTTP/1.1" 307 - "-" "Mozilla/5.0 (Windows NT 6.1; WOW64; Trident/7.0; rv:11.0) like Gecko"
63.155.230.84 - - [17/Jun/2018:14:54:39 -0500] "GET /home HTTP/1.1" 307 - "-" "Mozilla/5.0 (Windows NT 6.1; WOW64; Trident/7.0; rv:11.0) like Gecko"
63.155.230.84 - - [17/Jun/2018:14:54:49 -0500] "GET /home HTTP/1.1" 307 - "-" "Mozilla/5.0 (Windows NT 6.1; WOW64; Trident/7.0; rv:11.0) like Gecko"
63.155.230.84 - - [17/Jun/2018:14:55:03 -0500] "GET /home HTTP/1.1" 307 - "-" "Mozilla/5.0 (Windows NT 6.1; WOW64; Trident/7.0; rv:11.0) like Gecko"
63.155.230.84 - - [17/Jun/2018:14:55:09 -0500] "GET /home HTTP/1.1" 307 - "-" "Mozilla/5.0 (Windows NT 6.1; WOW64; Trident/7.0; rv:11.0) like Gecko"
63.155.230.84 - - [17/Jun/2018:14:55:17 -0500] "GET /home HTTP/1.1" 307 - "-" "Mozilla/5.0 (Windows NT 6.1; WOW64; Trident/7.0; rv:11.0) like Gecko"
73.11.77.62 - - [17/Jun/2018:14:56:46 -0500] "GET /images/logo-myringring.png HTTP/1.1" 200 195499 "-" "Mozilla/5.0 (Windows NT 10.0; Win64; x64; Trident/7.0; rv:11.0) like Gecko"
98.232.84.234 - - [17/Jun/2018:14:57:00 -0500] "GET /home HTTP/1.1" 307 - "-" "Mozilla/5.0 (Windows NT 6.1; WOW64; Trident/7.0; rv:11.0) like Gecko"
174.216.2.96 - - [17/Jun/2018:14:57:03 -0500] "GET /clientCtrl/transactionsList HTTP/1.1" 307 - "https://www.myringring.net/home" "Mozilla/5.0 (Linux; Android 7.0; ASUS_P00J Build/NRD90M) AppleWebKit/537.36 (KHTML, like Gecko) Chrome/67.0.3396.87 Safari/537.36"
98.232.84.234 - - [17/Jun/2018:14:57:07 -0500] "GET /home HTTP/1.1" 307 - "-" "Mozilla/5.0 (Windows NT 6.1; WOW64; Trident/7.0; rv:11.0) like Gecko"
174.216.2.96 - - [17/Jun/2018:14:57:45 -0500] "GET /home HTTP/1.1" 307 - "-" "Mozilla/5.0 (Linux; Android 7.0; ASUS_P00J Build/NRD90M) AppleWebKit/537.36 (KHTML, like Gecko) Chrome/67.0.3396.87 Safari/537.36"
73.118.183.181 - - [17/Jun/2018:15:04:55 -0500] "GET /home HTTP/1.1" 307 - "-" "Mozilla/5.0 (Windows NT 10.0; Win64; x64) AppleWebKit/537.36 (KHTML, like Gecko) Chrome/64.0.3282.140 Safari/537.36 Edge/17.17134"
73.118.183.181 - - [17/Jun/2018:15:05:01 -0500] "GET /home HTTP/1.1" 307 - "-" "Mozilla/5.0 (Windows NT 10.0; Win64; x64) AppleWebKit/537.36 (KHTML, like Gecko) Chrome/64.0.3282.140 Safari/537.36 Edge/17.17134"
73.118.183.181 - - [17/Jun/2018:15:05:06 -0500] "GET /home HTTP/1.1" 307 - "-" "Mozilla/5.0 (Windows NT 10.0; Win64; x64) AppleWebKit/537.36 (KHTML, like Gecko) Chrome/64.0.3282.140 Safari/537.36 Edge/17.17134"
73.118.183.181 - - [17/Jun/2018:15:05:10 -0500] "GET /home HTTP/1.1" 307 - "-" "Mozilla/5.0 (Windows NT 10.0; Win64; x64) AppleWebKit/537.36 (KHTML, like Gecko) Chrome/64.0.3282.140 Safari/537.36 Edge/17.17134"
73.118.183.181 - - [17/Jun/2018:15:05:26 -0500] "GET /home HTTP/1.1" 307 - "-" "Mozilla/5.0 (Windows NT 10.0; Win64; x64) AppleWebKit/537.36 (KHTML, like Gecko) Chrome/64.0.3282.140 Safari/537.36 Edge/17.17134"
76.193.66.172 - - [17/Jun/2018:15:06:33 -0500] "GET /home HTTP/1.1" 307 - "-" "Mozilla/5.0 (Linux; Android 7.0; SAMSUNG SM-N920A Build/NRD90M) AppleWebKit/537.36 (KHTML, like Gecko) SamsungBrowser/6.4 Chrome/56.0.2924.87 Mobile Safari/537.36"
75.142.131.158 - - [17/Jun/2018:15:25:36 -0500] "GET / HTTP/1.1" 200 2413 "-" "Mozilla/5.0 (X11; CrOS x86_64 10452.99.0) AppleWebKit/537.36 (KHTML, like Gecko) Chrome/66.0.3359.203 Safari/537.36"
76.14.247.41 - - [17/Jun/2018:15:25:44 -0500] "GET /home/account HTTP/1.1" 307 - "-" "Mozilla/5.0 (Windows NT 10.0; WOW64; Trident/7.0; rv:11.0) like Gecko"
76.14.247.41 - - [17/Jun/2018:15:25:49 -0500] "GET /home/account HTTP/1.1" 307 - "-" "Mozilla/5.0 (Windows NT 10.0; WOW64; Trident/7.0; rv:11.0) like Gecko"
97.126.16.180 - - [17/Jun/2018:15:26:13 -0500] "GET /home HTTP/1.1" 307 - "-" "Mozilla/5.0 (Windows NT 6.1) AppleWebKit/537.36 (KHTML, like Gecko) Chrome/67.0.3396.87 Safari/537.36"
63.225.162.76 - - [17/Jun/2018:15:26:21 -0500] "GET /home HTTP/1.1" 307 - "-" "Mozilla/5.0 (Windows NT 10.0; Win64; x64) AppleWebKit/537.36 (KHTML, like Gecko) Chrome/67.0.3396.87 Safari/537.36"
97.126.16.180 - - [17/Jun/2018:15:26:23 -0500] "GET /home HTTP/1.1" 307 - "-" "Mozilla/5.0 (Windows NT 6.1) AppleWebKit/537.36 (KHTML, like Gecko) Chrome/67.0.3396.87 Safari/537.36"
97.126.16.180 - - [17/Jun/2018:15:26:23 -0500] "GET /home HTTP/1.1" 307 - "-" "Mozilla/5.0 (Windows NT 6.1) AppleWebKit/537.36 (KHTML, like Gecko) Chrome/67.0.3396.87 Safari/537.36"
76.14.247.41 - - [17/Jun/2018:15:26:29 -0500] "GET /home/account HTTP/1.1" 307 - "-" "Mozilla/5.0 (Windows NT 10.0; WOW64; Trident/7.0; rv:11.0) like Gecko"
97.126.16.180 - - [17/Jun/2018:15:26:33 -0500] "GET /home HTTP/1.1" 307 - "-" "Mozilla/5.0 (Windows NT 6.1) AppleWebKit/537.36 (KHTML, like Gecko) Chrome/67.0.3396.87 Safari/537.36"
73.169.167.117 - - [17/Jun/2018:15:34:01 -0500] "GET /home/account HTTP/1.1" 307 - "-" "Mozilla/5.0 (Windows NT 6.1) AppleWebKit/537.36 (KHTML, like Gecko) Chrome/67.0.3396.87 Safari/537.36"
172.4.41.139 - - [17/Jun/2018:15:39:29 -0500] "GET /home HTTP/1.1" 307 - "-" "Mozilla/5.0 (Windows NT 6.1; WOW64; Trident/7.0; rv:11.0) like Gecko"
73.118.183.181 - - [17/Jun/2018:15:40:02 -0500] "GET /home HTTP/1.1" 307 - "-" "Mozilla/5.0 (Windows NT 10.0; Win64; x64) AppleWebKit/537.36 (KHTML, like Gecko) Chrome/64.0.3282.140 Safari/537.36 Edge/17.17134"
173.164.102.17 - - [17/Jun/2018:15:41:25 -0500] "GET /home HTTP/1.1" 307 - "-" "Mozilla/5.0 (Windows NT 6.1; WOW64; Trident/7.0; rv:11.0) like Gecko"
67.170.191.156 - - [17/Jun/2018:15:41:42 -0500] "GET /home HTTP/1.1" 307 - "-" "Mozilla/5.0 (Windows NT 10.0; Win64; x64) AppleWebKit/537.36 (KHTML, like Gecko) Chrome/66.0.3359.181 Safari/537.36"
73.118.183.181 - - [17/Jun/2018:15:41:45 -0500] "GET /home HTTP/1.1" 307 - "-" "Mozilla/5.0 (Windows NT 10.0; Win64; x64) AppleWebKit/537.36 (KHTML, like Gecko) Chrome/64.0.3282.140 Safari/537.36 Edge/17.17134"
67.170.191.156 - - [17/Jun/2018:15:42:03 -0500] "GET /home HTTP/1.1" 307 - "-" "Mozilla/5.0 (Windows NT 10.0; Win64; x64) AppleWebKit/537.36 (KHTML, like Gecko) Chrome/66.0.3359.181 Safari/537.36"
172.86.137.107 - - [17/Jun/2018:15:43:37 -0500] "GET /home HTTP/1.1" 307 - "-" "Mozilla/5.0 (Windows NT 6.3; Win64; x64) AppleWebKit/537.36 (KHTML, like Gecko) Chrome/67.0.3396.87 Safari/537.36"
172.86.137.107 - - [17/Jun/2018:15:43:40 -0500] "GET /home HTTP/1.1" 307 - "-" "Mozilla/5.0 (Windows NT 6.3; Win64; x64) AppleWebKit/537.36 (KHTML, like Gecko) Chrome/67.0.3396.87 Safari/537.36"
67.237.226.108 - - [17/Jun/2018:15:45:15 -0500] "GET /home/addFunds HTTP/1.1" 307 - "-" "Mozilla/5.0 (Windows NT 10.0; Win64; x64) AppleWebKit/537.36 (KHTML, like Gecko) Chrome/58.0.3029.110 Safari/537.36 Edge/16.16299"
50.194.59.82 - - [17/Jun/2018:15:51:47 -0500] "GET /home HTTP/1.1" 307 - "-" "Mozilla/5.0 (iPad; CPU OS 7_0_4 like Mac OS X) AppleWebKit/537.51.1 (KHTML, like Gecko) Version/7.0 Mobile/11B554a Safari/9537.53"
50.194.59.82 - - [17/Jun/2018:15:52:07 -0500] "GET /home HTTP/1.1" 307 - "-" "Mozilla/5.0 (iPad; CPU OS 7_0_4 like Mac OS X) AppleWebKit/537.51.1 (KHTML, like Gecko) Version/7.0 Mobile/11B554a Safari/9537.53"
71.94.234.130 - - [17/Jun/2018:15:54:38 -0500] "GET /home HTTP/1.1" 307 - "-" "Mozilla/5.0 (Windows NT 6.1; Win64; x64) AppleWebKit/537.36 (KHTML, like Gecko) Chrome/67.0.3396.87 Safari/537.36"
71.94.234.130 - - [17/Jun/2018:15:56:02 -0500] "GET /home HTTP/1.1" 307 - "-" "Mozilla/5.0 (Windows NT 6.1; Win64; x64) AppleWebKit/537.36 (KHTML, like Gecko) Chrome/67.0.3396.87 Safari/537.36"
172.78.218.66 - - [17/Jun/2018:15:56:09 -0500] "GET /home HTTP/1.1" 307 - "https://www.myringring.net/home/addFunds" "Mozilla/5.0 (Windows NT 6.1; rv:60.0) Gecko/20100101 Firefox/60.0"
71.94.234.130 - - [17/Jun/2018:15:56:12 -0500] "GET /home HTTP/1.1" 307 - "-" "Mozilla/5.0 (Windows NT 6.1; Win64; x64) AppleWebKit/537.36 (KHTML, like Gecko) Chrome/67.0.3396.87 Safari/537.36"
63.225.162.76 - - [17/Jun/2018:15:57:25 -0500] "GET /home HTTP/1.1" 307 - "-" "Mozilla/5.0 (Windows NT 10.0; Win64; x64) AppleWebKit/537.36 (KHTML, like Gecko) Chrome/67.0.3396.87 Safari/537.36"
71.231.0.91 - - [17/Jun/2018:15:57:37 -0500] "GET /home HTTP/1.1" 307 - "-" "Mozilla/5.0 (Windows NT 6.2; Win64; x64) AppleWebKit/537.36 (KHTML, like Gecko) Chrome/67.0.3396.87 Safari/537.36"
71.231.0.91 - - [17/Jun/2018:15:57:51 -0500] "GET /home HTTP/1.1" 307 - "-" "Mozilla/5.0 (Windows NT 6.2; Win64; x64) AppleWebKit/537.36 (KHTML, like Gecko) Chrome/67.0.3396.87 Safari/537.36"
172.78.218.66 - - [17/Jun/2018:15:58:39 -0500] "GET / HTTP/1.1" 200 2413 "-" "Mozilla/5.0 (Windows NT 6.1; rv:60.0) Gecko/20100101 Firefox/60.0"
63.225.162.76 - - [17/Jun/2018:15:58:41 -0500] "GET /home HTTP/1.1" 307 - "-" "Mozilla/5.0 (Windows NT 10.0; Win64; x64) AppleWebKit/537.36 (KHTML, like Gecko) Chrome/67.0.3396.87 Safari/537.36"
172.78.218.66 - - [17/Jun/2018:15:58:46 -0500] "GET / HTTP/1.1" 200 2413 "-" "Mozilla/5.0 (Windows NT 6.1; rv:60.0) Gecko/20100101 Firefox/60.0"
172.78.218.66 - - [17/Jun/2018:15:58:51 -0500] "GET / HTTP/1.1" 200 2413 "-" "Mozilla/5.0 (Windows NT 6.1; rv:60.0) Gecko/20100101 Firefox/60.0"
172.78.218.66 - - [17/Jun/2018:15:59:22 -0500] "GET / HTTP/1.1" 200 2413 "-" "Mozilla/5.0 (Windows NT 6.1; rv:60.0) Gecko/20100101 Firefox/60.0"
172.78.218.66 - - [17/Jun/2018:15:59:30 -0500] "GET / HTTP/1.1" 200 2413 "-" "Mozilla/5.0 (Windows NT 6.1; rv:60.0) Gecko/20100101 Firefox/60.0"
67.170.191.156 - - [17/Jun/2018:15:59:41 -0500] "GET /home HTTP/1.1" 307 - "-" "Mozilla/5.0 (Windows NT 10.0; Win64; x64) AppleWebKit/537.36 (KHTML, like Gecko) Chrome/67.0.3396.87 Safari/537.36"
172.78.218.66 - - [17/Jun/2018:15:59:42 -0500] "GET / HTTP/1.1" 200 2413 "-" "Mozilla/5.0 (Windows NT 6.1; rv:60.0) Gecko/20100101 Firefox/60.0"
172.78.218.66 - - [17/Jun/2018:16:00:06 -0500] "GET / HTTP/1.1" 200 2413 "-" "Mozilla/5.0 (Windows NT 6.1; rv:60.0) Gecko/20100101 Firefox/60.0"
172.78.218.66 - - [17/Jun/2018:16:02:23 -0500] "GET / HTTP/1.1" 200 2413 "-" "Mozilla/5.0 (Windows NT 6.1; rv:60.0) Gecko/20100101 Firefox/60.0"
172.78.218.66 - - [17/Jun/2018:16:03:46 -0500] "GET / HTTP/1.1" 200 2413 "-" "Mozilla/5.0 (Windows NT 6.1; rv:60.0) Gecko/20100101 Firefox/60.0"
98.232.84.234 - - [17/Jun/2018:16:03:49 -0500] "GET /home HTTP/1.1" 307 - "-" "Mozilla/5.0 (Windows NT 6.1; WOW64; Trident/7.0; rv:11.0) like Gecko"
172.78.218.66 - - [17/Jun/2018:16:03:57 -0500] "GET / HTTP/1.1" 200 2413 "-" "Mozilla/5.0 (Windows NT 6.1; rv:60.0) Gecko/20100101 Firefox/60.0"
98.232.84.234 - - [17/Jun/2018:16:03:57 -0500] "GET /home HTTP/1.1" 307 - "-" "Mozilla/5.0 (Windows NT 6.1; WOW64; Trident/7.0; rv:11.0) like Gecko"
172.78.218.66 - - [17/Jun/2018:16:04:04 -0500] "GET / HTTP/1.1" 200 2413 "-" "Mozilla/5.0 (Windows NT 6.1; rv:60.0) Gecko/20100101 Firefox/60.0"
24.22.145.173 - - [17/Jun/2018:16:06:30 -0500] "GET /home HTTP/1.1" 307 - "-" "Mozilla/5.0 (Windows NT 6.1) AppleWebKit/537.36 (KHTML, like Gecko) Chrome/67.0.3396.87 Safari/537.36"
24.22.145.173 - - [17/Jun/2018:16:06:55 -0500] "GET /home HTTP/1.1" 307 - "-" "Mozilla/5.0 (Windows NT 6.1) AppleWebKit/537.36 (KHTML, like Gecko) Chrome/67.0.3396.87 Safari/537.36"
142.0.210.96 - - [17/Jun/2018:16:12:59 -0500] "POST /home/addFunds HTTP/1.1" 303 - "https://www.myringring.net/home" "Mozilla/5.0 (Windows NT 10.0; Win64; x64) AppleWebKit/537.36 (KHTML, like Gecko) Chrome/64.0.3282.140 Safari/537.36 Edge/17.17134"
73.19.108.74 - - [17/Jun/2018:16:15:17 -0500] "GET /home HTTP/1.1" 307 - "-" "Mozilla/5.0 (Windows NT 10.0; Win64; x64) AppleWebKit/537.36 (KHTML, like Gecko) Chrome/67.0.3396.87 Safari/537.36"
73.19.108.74 - - [17/Jun/2018:16:15:51 -0500] "GET /home HTTP/1.1" 307 - "-" "Mozilla/5.0 (Windows NT 10.0; Win64; x64) AppleWebKit/537.36 (KHTML, like Gecko) Chrome/67.0.3396.87 Safari/537.36"
73.19.108.74 - - [17/Jun/2018:16:16:19 -0500] "GET /home HTTP/1.1" 307 - "-" "Mozilla/5.0 (Windows NT 10.0; Win64; x64) AppleWebKit/537.36 (KHTML, like Gecko) Chrome/67.0.3396.87 Safari/537.36"
67.170.191.156 - - [17/Jun/2018:16:20:48 -0500] "GET /home HTTP/1.1" 307 - "-" "Mozilla/5.0 (Windows NT 10.0; Win64; x64) AppleWebKit/537.36 (KHTML, like Gecko) Chrome/67.0.3396.87 Safari/537.36"
174.216.34.4 - - [17/Jun/2018:16:20:51 -0500] "GET /home HTTP/1.1" 307 - "-" "Mozilla/5.0 (Linux; Android 7.0; SM-J327V Build/NRD90M) AppleWebKit/537.36 (KHTML, like Gecko) Chrome/67.0.3396.87 Mobile Safari/537.36"
67.170.191.156 - - [17/Jun/2018:16:20:58 -0500] "GET /home HTTP/1.1" 307 - "-" "Mozilla/5.0 (Windows NT 10.0; Win64; x64) AppleWebKit/537.36 (KHTML, like Gecko) Chrome/67.0.3396.87 Safari/537.36"
67.170.191.156 - - [17/Jun/2018:16:21:37 -0500] "GET /home HTTP/1.1" 307 - "-" "Mozilla/5.0 (Windows NT 10.0; Win64; x64) AppleWebKit/537.36 (KHTML, like Gecko) Chrome/67.0.3396.87 Safari/537.36"
50.45.213.178 - - [17/Jun/2018:16:22:20 -0500] "GET /home HTTP/1.1" 307 - "-" "Mozilla/5.0 (Windows NT 10.0; WOW64) AppleWebKit/537.36 (KHTML, like Gecko) Chrome/67.0.3396.87 Safari/537.36"
50.45.213.178 - - [17/Jun/2018:16:22:20 -0500] "GET /home HTTP/1.1" 307 - "-" "Mozilla/5.0 (Windows NT 10.0; WOW64) AppleWebKit/537.36 (KHTML, like Gecko) Chrome/67.0.3396.87 Safari/537.36"
50.45.213.178 - - [17/Jun/2018:16:22:30 -0500] "GET /home HTTP/1.1" 307 - "-" "Mozilla/5.0 (Windows NT 10.0; WOW64) AppleWebKit/537.36 (KHTML, like Gecko) Chrome/67.0.3396.87 Safari/537.36"
98.232.84.234 - - [17/Jun/2018:16:22:39 -0500] "GET /home HTTP/1.1" 307 - "-" "Mozilla/5.0 (Windows NT 6.1; WOW64; Trident/7.0; rv:11.0) like Gecko"
50.45.213.178 - - [17/Jun/2018:16:22:41 -0500] "GET /home HTTP/1.1" 307 - "-" "Mozilla/5.0 (Windows NT 10.0; WOW64) AppleWebKit/537.36 (KHTML, like Gecko) Chrome/67.0.3396.87 Safari/537.36"
50.45.213.178 - - [17/Jun/2018:16:22:41 -0500] "GET /home HTTP/1.1" 307 - "-" "Mozilla/5.0 (Windows NT 10.0; WOW64) AppleWebKit/537.36 (KHTML, like Gecko) Chrome/67.0.3396.87 Safari/537.36"
97.90.65.182 - - [17/Jun/2018:16:23:07 -0500] "GET /home HTTP/1.1" 307 - "-" "Mozilla/5.0 (Windows NT 6.3; Win64; x64; rv:60.0) Gecko/20100101 Firefox/60.0"
50.45.213.178 - - [17/Jun/2018:16:23:08 -0500] "GET /home HTTP/1.1" 307 - "-" "Mozilla/5.0 (Windows NT 10.0; WOW64) AppleWebKit/537.36 (KHTML, like Gecko) Chrome/67.0.3396.87 Safari/537.36"
98.232.84.234 - - [17/Jun/2018:16:23:22 -0500] "GET /home HTTP/1.1" 307 - "-" "Mozilla/5.0 (Windows NT 6.1; WOW64; Trident/7.0; rv:11.0) like Gecko"
24.216.248.77 - - [17/Jun/2018:16:25:23 -0500] "GET /home/addFunds HTTP/1.1" 307 - "-" "Mozilla/5.0 (Windows NT 10.0; Win64; x64) AppleWebKit/537.36 (KHTML, like Gecko) Chrome/64.0.3282.140 Safari/537.36 Edge/17.17134"
24.216.248.77 - - [17/Jun/2018:16:25:30 -0500] "GET /login HTTP/1.1" 200 2413 "-" "Mozilla/5.0 (Windows NT 10.0; Win64; x64) AppleWebKit/537.36 (KHTML, like Gecko) Chrome/64.0.3282.140 Safari/537.36 Edge/17.17134"
24.216.248.77 - - [17/Jun/2018:16:25:31 -0500] "GET /favicon.ico HTTP/1.1" 404 1190 "-" "Mozilla/5.0 (Windows NT 10.0; Win64; x64) AppleWebKit/537.36 (KHTML, like Gecko) Chrome/64.0.3282.140 Safari/537.36 Edge/17.17134"
24.216.248.77 - - [17/Jun/2018:16:25:35 -0500] "GET /login HTTP/1.1" 200 2413 "-" "Mozilla/5.0 (Windows NT 10.0; Win64; x64) AppleWebKit/537.36 (KHTML, like Gecko) Chrome/64.0.3282.140 Safari/537.36 Edge/17.17134"
24.216.248.77 - - [17/Jun/2018:16:25:36 -0500] "GET /favicon.ico HTTP/1.1" 404 1190 "-" "Mozilla/5.0 (Windows NT 10.0; Win64; x64) AppleWebKit/537.36 (KHTML, like Gecko) Chrome/64.0.3282.140 Safari/537.36 Edge/17.17134"
172.76.112.37 - - [17/Jun/2018:16:28:10 -0500] "GET /home HTTP/1.1" 307 - "-" "Mozilla/5.0 (Windows NT 10.0) AppleWebKit/537.36 (KHTML, like Gecko) Chrome/67.0.3396.87 Safari/537.36"
24.216.248.77 - - [17/Jun/2018:16:30:05 -0500] "GET /login HTTP/1.1" 200 2413 "-" "Mozilla/5.0 (Windows NT 10.0; Win64; x64) AppleWebKit/537.36 (KHTML, like Gecko) Chrome/64.0.3282.140 Safari/537.36 Edge/17.17134"
24.216.248.77 - - [17/Jun/2018:16:30:07 -0500] "GET /favicon.ico HTTP/1.1" 404 1190 "-" "Mozilla/5.0 (Windows NT 10.0; Win64; x64) AppleWebKit/537.36 (KHTML, like Gecko) Chrome/64.0.3282.140 Safari/537.36 Edge/17.17134"
24.216.248.77 - - [17/Jun/2018:16:30:12 -0500] "GET /login HTTP/1.1" 200 2413 "-" "Mozilla/5.0 (Windows NT 10.0; Win64; x64) AppleWebKit/537.36 (KHTML, like Gecko) Chrome/64.0.3282.140 Safari/537.36 Edge/17.17134"
24.216.248.77 - - [17/Jun/2018:16:30:13 -0500] "GET /favicon.ico HTTP/1.1" 404 1190 "-" "Mozilla/5.0 (Windows NT 10.0; Win64; x64) AppleWebKit/537.36 (KHTML, like Gecko) Chrome/64.0.3282.140 Safari/537.36 Edge/17.17134"
50.45.213.178 - - [17/Jun/2018:16:30:39 -0500] "GET /home HTTP/1.1" 307 - "-" "Mozilla/5.0 (Windows NT 10.0; WOW64) AppleWebKit/537.36 (KHTML, like Gecko) Chrome/67.0.3396.87 Safari/537.36"
96.81.159.54 - - [17/Jun/2018:16:30:57 -0500] "GET /home HTTP/1.1" 307 - "-" "Mozilla/5.0 (Windows NT 6.1; Win64; x64) AppleWebKit/537.36 (KHTML, like Gecko) Chrome/67.0.3396.87 Safari/537.36"
50.45.213.178 - - [17/Jun/2018:16:31:00 -0500] "GET /home HTTP/1.1" 307 - "-" "Mozilla/5.0 (Windows NT 10.0; WOW64) AppleWebKit/537.36 (KHTML, like Gecko) Chrome/67.0.3396.87 Safari/537.36"
97.113.247.251 - - [17/Jun/2018:16:31:41 -0500] "GET /home HTTP/1.1" 307 - "-" "Mozilla/5.0 (Windows NT 10.0; Win64; x64) AppleWebKit/537.36 (KHTML, like Gecko) Chrome/67.0.3396.87 Safari/537.36"
73.180.28.241 - - [17/Jun/2018:16:31:44 -0500] "GET /home HTTP/1.1" 307 - "-" "Mozilla/5.0 (Windows NT 6.1; Win64; x64) AppleWebKit/537.36 (KHTML, like Gecko) Chrome/67.0.3396.87 Safari/537.36"
97.113.247.251 - - [17/Jun/2018:16:31:58 -0500] "GET /home HTTP/1.1" 307 - "-" "Mozilla/5.0 (Windows NT 10.0; Win64; x64) AppleWebKit/537.36 (KHTML, like Gecko) Chrome/67.0.3396.87 Safari/537.36"
97.113.247.251 - - [17/Jun/2018:16:32:23 -0500] "GET /home HTTP/1.1" 307 - "-" "Mozilla/5.0 (Windows NT 10.0; Win64; x64) AppleWebKit/537.36 (KHTML, like Gecko) Chrome/67.0.3396.87 Safari/537.36"
24.18.160.71 - - [17/Jun/2018:16:36:30 -0500] "GET /home/getRecipients/4253996772 HTTP/1.1" 307 - "https://www.myringring.net/home/addFunds" "Mozilla/5.0 (Windows NT 6.1) AppleWebKit/537.36 (KHTML, like Gecko) Chrome/66.0.3359.181 Safari/537.36"
24.18.160.71 - - [17/Jun/2018:16:36:40 -0500] "POST /home/addFunds HTTP/1.1" 303 - "https://www.myringring.net/home" "Mozilla/5.0 (Windows NT 6.1) AppleWebKit/537.36 (KHTML, like Gecko) Chrome/66.0.3359.181 Safari/537.36"
24.18.160.71 - - [17/Jun/2018:16:36:54 -0500] "GET /home HTTP/1.1" 307 - "-" "Mozilla/5.0 (Windows NT 6.1) AppleWebKit/537.36 (KHTML, like Gecko) Chrome/66.0.3359.181 Safari/537.36"
24.18.160.71 - - [17/Jun/2018:16:37:23 -0500] "GET /home/getRecipients/4253996772 HTTP/1.1" 307 - "https://www.myringring.net/home/addFunds" "Mozilla/5.0 (Windows NT 6.1) AppleWebKit/537.36 (KHTML, like Gecko) Chrome/66.0.3359.181 Safari/537.36"
24.18.160.71 - - [17/Jun/2018:16:37:39 -0500] "POST /home/addFunds HTTP/1.1" 303 - "https://www.myringring.net/home/addFunds" "Mozilla/5.0 (Windows NT 6.1) AppleWebKit/537.36 (KHTML, like Gecko) Chrome/66.0.3359.181 Safari/537.36"
73.180.28.241 - - [17/Jun/2018:16:39:17 -0500] "GET /home HTTP/1.1" 307 - "-" "Mozilla/5.0 (Windows NT 6.1; Win64; x64) AppleWebKit/537.36 (KHTML, like Gecko) Chrome/67.0.3396.87 Safari/537.36"
63.155.230.84 - - [17/Jun/2018:16:39:54 -0500] "GET /home HTTP/1.1" 307 - "-" "Mozilla/5.0 (Windows NT 6.1; WOW64; Trident/7.0; rv:11.0) like Gecko"
67.170.191.156 - - [17/Jun/2018:16:40:33 -0500] "GET /home HTTP/1.1" 307 - "-" "Mozilla/5.0 (Windows NT 10.0; Win64; x64) AppleWebKit/537.36 (KHTML, like Gecko) Chrome/67.0.3396.87 Safari/537.36"
63.155.230.84 - - [17/Jun/2018:16:40:40 -0500] "GET /home HTTP/1.1" 307 - "-" "Mozilla/5.0 (Windows NT 6.1; WOW64; Trident/7.0; rv:11.0) like Gecko"
63.155.230.84 - - [17/Jun/2018:16:40:43 -0500] "GET /home HTTP/1.1" 307 - "-" "Mozilla/5.0 (Windows NT 6.1; WOW64; Trident/7.0; rv:11.0) like Gecko"
63.155.230.84 - - [17/Jun/2018:16:40:43 -0500] "GET /home HTTP/1.1" 307 - "-" "Mozilla/5.0 (Windows NT 6.1; WOW64; Trident/7.0; rv:11.0) like Gecko"
63.155.230.84 - - [17/Jun/2018:16:40:52 -0500] "GET /home HTTP/1.1" 307 - "-" "Mozilla/5.0 (Windows NT 6.1; WOW64; Trident/7.0; rv:11.0) like Gecko"
63.155.230.84 - - [17/Jun/2018:16:40:52 -0500] "GET /home HTTP/1.1" 307 - "-" "Mozilla/5.0 (Windows NT 6.1; WOW64; Trident/7.0; rv:11.0) like Gecko"
63.155.230.84 - - [17/Jun/2018:16:42:22 -0500] "GET /home HTTP/1.1" 307 - "-" "Mozilla/5.0 (Windows NT 6.1; WOW64; Trident/7.0; rv:11.0) like Gecko"
63.155.230.84 - - [17/Jun/2018:16:43:12 -0500] "GET /home HTTP/1.1" 307 - "-" "Mozilla/5.0 (Windows NT 6.1; WOW64; Trident/7.0; rv:11.0) like Gecko"
63.155.230.84 - - [17/Jun/2018:16:43:31 -0500] "GET /home HTTP/1.1" 307 - "-" "Mozilla/5.0 (Windows NT 6.1; WOW64; Trident/7.0; rv:11.0) like Gecko"
97.113.247.251 - - [17/Jun/2018:16:44:06 -0500] "GET /home HTTP/1.1" 307 - "-" "Mozilla/5.0 (Windows NT 10.0; Win64; x64) AppleWebKit/537.36 (KHTML, like Gecko) Chrome/67.0.3396.87 Safari/537.36"
97.113.247.251 - - [17/Jun/2018:16:44:20 -0500] "GET /home HTTP/1.1" 307 - "-" "Mozilla/5.0 (Windows NT 10.0; Win64; x64) AppleWebKit/537.36 (KHTML, like Gecko) Chrome/67.0.3396.87 Safari/537.36"
71.15.165.182 - - [17/Jun/2018:16:45:39 -0500] "GET /home HTTP/1.1" 307 - "-" "Mozilla/5.0 (Windows NT 10.0; Win64; x64) AppleWebKit/537.36 (KHTML, like Gecko) Chrome/67.0.3396.87 Safari/537.36"
71.15.165.182 - - [17/Jun/2018:16:45:40 -0500] "GET /home HTTP/1.1" 307 - "-" "Mozilla/5.0 (Windows NT 10.0; Win64; x64) AppleWebKit/537.36 (KHTML, like Gecko) Chrome/67.0.3396.87 Safari/537.36"
71.15.165.182 - - [17/Jun/2018:16:45:41 -0500] "GET /home HTTP/1.1" 307 - "-" "Mozilla/5.0 (Windows NT 10.0; Win64; x64) AppleWebKit/537.36 (KHTML, like Gecko) Chrome/67.0.3396.87 Safari/537.36"
71.15.165.182 - - [17/Jun/2018:16:45:44 -0500] "GET /home HTTP/1.1" 307 - "-" "Mozilla/5.0 (Windows NT 10.0; Win64; x64) AppleWebKit/537.36 (KHTML, like Gecko) Chrome/67.0.3396.87 Safari/537.36"
71.15.165.182 - - [17/Jun/2018:16:45:55 -0500] "GET /home HTTP/1.1" 307 - "-" "Mozilla/5.0 (Windows NT 10.0; Win64; x64) AppleWebKit/537.36 (KHTML, like Gecko) Chrome/67.0.3396.87 Safari/537.36"
71.15.165.182 - - [17/Jun/2018:16:46:06 -0500] "GET /home HTTP/1.1" 307 - "-" "Mozilla/5.0 (Windows NT 10.0; Win64; x64) AppleWebKit/537.36 (KHTML, like Gecko) Chrome/67.0.3396.87 Safari/537.36"
71.15.165.182 - - [17/Jun/2018:16:46:07 -0500] "GET /home HTTP/1.1" 307 - "-" "Mozilla/5.0 (Windows NT 10.0; Win64; x64) AppleWebKit/537.36 (KHTML, like Gecko) Chrome/67.0.3396.87 Safari/537.36"
71.15.165.182 - - [17/Jun/2018:16:46:08 -0500] "GET /home HTTP/1.1" 307 - "-" "Mozilla/5.0 (Windows NT 10.0; Win64; x64) AppleWebKit/537.36 (KHTML, like Gecko) Chrome/67.0.3396.87 Safari/537.36"
71.15.165.182 - - [17/Jun/2018:16:46:09 -0500] "GET /home HTTP/1.1" 307 - "-" "Mozilla/5.0 (Windows NT 10.0; Win64; x64) AppleWebKit/537.36 (KHTML, like Gecko) Chrome/67.0.3396.87 Safari/537.36"
71.15.165.182 - - [17/Jun/2018:16:46:09 -0500] "GET /home HTTP/1.1" 307 - "-" "Mozilla/5.0 (Windows NT 10.0; Win64; x64) AppleWebKit/537.36 (KHTML, like Gecko) Chrome/67.0.3396.87 Safari/537.36"
71.15.165.182 - - [17/Jun/2018:16:46:10 -0500] "GET /home HTTP/1.1" 307 - "-" "Mozilla/5.0 (Windows NT 10.0; Win64; x64) AppleWebKit/537.36 (KHTML, like Gecko) Chrome/67.0.3396.87 Safari/537.36"
71.15.165.182 - - [17/Jun/2018:16:46:12 -0500] "GET /home HTTP/1.1" 307 - "-" "Mozilla/5.0 (Windows NT 10.0; Win64; x64) AppleWebKit/537.36 (KHTML, like Gecko) Chrome/67.0.3396.87 Safari/537.36"
71.15.165.182 - - [17/Jun/2018:16:46:12 -0500] "GET /home HTTP/1.1" 307 - "-" "Mozilla/5.0 (Windows NT 10.0; Win64; x64) AppleWebKit/537.36 (KHTML, like Gecko) Chrome/67.0.3396.87 Safari/537.36"
71.15.165.182 - - [17/Jun/2018:16:46:13 -0500] "GET /home HTTP/1.1" 307 - "-" "Mozilla/5.0 (Windows NT 10.0; Win64; x64) AppleWebKit/537.36 (KHTML, like Gecko) Chrome/67.0.3396.87 Safari/537.36"
71.15.165.182 - - [17/Jun/2018:16:46:14 -0500] "GET /home HTTP/1.1" 307 - "-" "Mozilla/5.0 (Windows NT 10.0; Win64; x64) AppleWebKit/537.36 (KHTML, like Gecko) Chrome/67.0.3396.87 Safari/537.36"
71.15.165.182 - - [17/Jun/2018:16:46:27 -0500] "GET /home HTTP/1.1" 307 - "-" "Mozilla/5.0 (Windows NT 10.0; Win64; x64) AppleWebKit/537.36 (KHTML, like Gecko) Chrome/67.0.3396.87 Safari/537.36"
71.34.77.163 - - [17/Jun/2018:16:49:59 -0500] "GET /home HTTP/1.1" 307 - "-" "Mozilla/5.0 (Linux; Android 6.0.1; A1000/P1003/P1010 Build/MMB29M) AppleWebKit/537.36 (KHTML, like Gecko) Chrome/67.0.3396.87 Safari/537.36"
71.34.77.163 - - [17/Jun/2018:16:50:29 -0500] "GET /home HTTP/1.1" 307 - "-" "Mozilla/5.0 (Linux; Android 6.0.1; A1000/P1003/P1010 Build/MMB29M) AppleWebKit/537.36 (KHTML, like Gecko) Chrome/67.0.3396.87 Safari/537.36"
71.34.77.163 - - [17/Jun/2018:16:50:57 -0500] "GET /home/addFunds HTTP/1.1" 307 - "-" "Mozilla/5.0 (Linux; Android 6.0.1; A1000/P1003/P1010 Build/MMB29M) AppleWebKit/537.36 (KHTML, like Gecko) Chrome/67.0.3396.87 Safari/537.36"
71.34.77.163 - - [17/Jun/2018:16:51:13 -0500] "GET /home HTTP/1.1" 307 - "-" "Mozilla/5.0 (Linux; Android 6.0.1; A1000/P1003/P1010 Build/MMB29M) AppleWebKit/537.36 (KHTML, like Gecko) Chrome/67.0.3396.87 Safari/537.36"
71.34.77.163 - - [17/Jun/2018:16:51:38 -0500] "GET /home HTTP/1.1" 307 - "-" "Mozilla/5.0 (Linux; Android 6.0.1; A1000/P1003/P1010 Build/MMB29M) AppleWebKit/537.36 (KHTML, like Gecko) Chrome/67.0.3396.87 Safari/537.36"
71.34.77.163 - - [17/Jun/2018:16:51:53 -0500] "GET /home HTTP/1.1" 307 - "-" "Mozilla/5.0 (Linux; Android 6.0.1; A1000/P1003/P1010 Build/MMB29M) AppleWebKit/537.36 (KHTML, like Gecko) Chrome/67.0.3396.87 Safari/537.36"
71.34.77.163 - - [17/Jun/2018:16:52:42 -0500] "GET /home HTTP/1.1" 307 - "-" "Mozilla/5.0 (Linux; Android 6.0.1; A1000/P1003/P1010 Build/MMB29M) AppleWebKit/537.36 (KHTML, like Gecko) Chrome/67.0.3396.87 Safari/537.36"
71.34.77.163 - - [17/Jun/2018:16:52:52 -0500] "GET /home HTTP/1.1" 307 - "-" "Mozilla/5.0 (Linux; Android 6.0.1; A1000/P1003/P1010 Build/MMB29M) AppleWebKit/537.36 (KHTML, like Gecko) Chrome/67.0.3396.87 Safari/537.36"
71.34.77.163 - - [17/Jun/2018:16:53:03 -0500] "GET /home HTTP/1.1" 307 - "-" "Mozilla/5.0 (Linux; Android 6.0.1; A1000/P1003/P1010 Build/MMB29M) AppleWebKit/537.36 (KHTML, like Gecko) Chrome/67.0.3396.87 Safari/537.36"
71.34.77.163 - - [17/Jun/2018:16:53:24 -0500] "GET /home HTTP/1.1" 307 - "-" "Mozilla/5.0 (Linux; Android 6.0.1; A1000/P1003/P1010 Build/MMB29M) AppleWebKit/537.36 (KHTML, like Gecko) Chrome/67.0.3396.87 Safari/537.36"
76.14.247.41 - - [17/Jun/2018:16:55:35 -0500] "GET /home/account HTTP/1.1" 307 - "-" "Mozilla/5.0 (Windows NT 10.0; WOW64; Trident/7.0; rv:11.0) like Gecko"
76.14.247.41 - - [17/Jun/2018:16:55:38 -0500] "GET /home/account HTTP/1.1" 307 - "-" "Mozilla/5.0 (Windows NT 10.0; WOW64; Trident/7.0; rv:11.0) like Gecko"
174.255.187.90 - - [17/Jun/2018:17:00:01 -0500] "GET /home HTTP/1.1" 200 44399 "-" "Mozilla/5.0 (Linux; Android 7.1.1; Z558VL Build/NMF26V; wv) AppleWebKit/537.36 (KHTML, like Gecko) Version/4.0 Chrome/45.0.2454.95 Mobile Safari/537.36"
174.255.187.90 - - [17/Jun/2018:17:00:02 -0500] "GET /home HTTP/1.1" 200 44399 "-" "Mozilla/5.0 (Linux; Android 7.1.1; Z558VL Build/NMF26V; wv) AppleWebKit/537.36 (KHTML, like Gecko) Version/4.0 Chrome/45.0.2454.95 Mobile Safari/537.36"
174.255.187.90 - - [17/Jun/2018:17:00:02 -0500] "GET /home HTTP/1.1" 200 44399 "-" "Mozilla/5.0 (Linux; Android 7.1.1; Z558VL Build/NMF26V; wv) AppleWebKit/537.36 (KHTML, like Gecko) Version/4.0 Chrome/45.0.2454.95 Mobile Safari/537.36"
174.255.187.90 - - [17/Jun/2018:17:00:02 -0500] "GET /home HTTP/1.1" 200 44399 "-" "Mozilla/5.0 (Linux; Android 7.1.1; Z558VL Build/NMF26V; wv) AppleWebKit/537.36 (KHTML, like Gecko) Version/4.0 Chrome/45.0.2454.95 Mobile Safari/537.36"
174.255.187.90 - - [17/Jun/2018:17:00:02 -0500] "GET /home HTTP/1.1" 200 44399 "-" "Mozilla/5.0 (Linux; Android 7.1.1; Z558VL Build/NMF26V; wv) AppleWebKit/537.36 (KHTML, like Gecko) Version/4.0 Chrome/45.0.2454.95 Mobile Safari/537.36"
174.255.187.90 - - [17/Jun/2018:17:00:02 -0500] "GET /home HTTP/1.1" 200 44399 "-" "Mozilla/5.0 (Linux; Android 7.1.1; Z558VL Build/NMF26V; wv) AppleWebKit/537.36 (KHTML, like Gecko) Version/4.0 Chrome/45.0.2454.95 Mobile Safari/537.36"
50.39.164.251 - - [17/Jun/2018:17:01:41 -0500] "GET /clientCtrl/transactionsList HTTP/1.1" 307 - "-" "Mozilla/5.0 (Windows NT 10.0; Win64; x64) AppleWebKit/537.36 (KHTML, like Gecko) Chrome/67.0.3396.87 Safari/537.36"
50.39.164.251 - - [17/Jun/2018:17:01:48 -0500] "GET /clientCtrl/transactionsList HTTP/1.1" 307 - "-" "Mozilla/5.0 (Windows NT 10.0; Win64; x64) AppleWebKit/537.36 (KHTML, like Gecko) Chrome/67.0.3396.87 Safari/537.36"
71.237.166.220 - - [17/Jun/2018:17:01:56 -0500] "GET /home HTTP/1.1" 307 - "-" "Mozilla/5.0 (iPad; CPU OS 11_0_3 like Mac OS X) AppleWebKit/604.1.38 (KHTML, like Gecko) Version/11.0 Mobile/15A432 Safari/604.1"
71.237.166.220 - - [17/Jun/2018:17:02:00 -0500] "GET /home/account HTTP/1.1" 307 - "-" "Mozilla/5.0 (iPad; CPU OS 11_0_3 like Mac OS X) AppleWebKit/604.1.38 (KHTML, like Gecko) Version/11.0 Mobile/15A432 Safari/604.1"
50.39.164.251 - - [17/Jun/2018:17:02:01 -0500] "GET /clientCtrl/transactionsList HTTP/1.1" 307 - "-" "Mozilla/5.0 (Windows NT 10.0; Win64; x64) AppleWebKit/537.36 (KHTML, like Gecko) Chrome/67.0.3396.87 Safari/537.36"
71.237.166.220 - - [17/Jun/2018:17:02:06 -0500] "GET /home/account HTTP/1.1" 307 - "-" "Mozilla/5.0 (iPad; CPU OS 11_0_3 like Mac OS X) AppleWebKit/604.1.38 (KHTML, like Gecko) Version/11.0 Mobile/15A432 Safari/604.1"
97.120.64.190 - - [17/Jun/2018:17:02:07 -0500] "GET /home HTTP/1.1" 307 - "-" "Mozilla/5.0 (Windows NT 6.3; Win64; x64) AppleWebKit/537.36 (KHTML, like Gecko) Chrome/67.0.3396.87 Safari/537.36"
71.237.166.220 - - [17/Jun/2018:17:02:13 -0500] "GET /home HTTP/1.1" 307 - "-" "Mozilla/5.0 (iPad; CPU OS 11_0_3 like Mac OS X) AppleWebKit/604.1.38 (KHTML, like Gecko) Version/11.0 Mobile/15A432 Safari/604.1"
24.20.3.136 - - [17/Jun/2018:17:02:20 -0500] "GET /home/getRecipients/5419129702 HTTP/1.1" 307 - "https://www.myringring.net/home/addFunds" "Mozilla/5.0 (X11; CrOS x86_64 10452.85.0) AppleWebKit/537.36 (KHTML, like Gecko) Chrome/66.0.3359.158 Safari/537.36"
71.237.166.220 - - [17/Jun/2018:17:02:25 -0500] "GET /home/account HTTP/1.1" 307 - "-" "Mozilla/5.0 (iPad; CPU OS 11_0_3 like Mac OS X) AppleWebKit/604.1.38 (KHTML, like Gecko) Version/11.0 Mobile/15A432 Safari/604.1"
24.20.3.136 - - [17/Jun/2018:17:02:30 -0500] "POST /home/addFunds HTTP/1.1" 303 - "https://www.myringring.net/home" "Mozilla/5.0 (X11; CrOS x86_64 10452.85.0) AppleWebKit/537.36 (KHTML, like Gecko) Chrome/66.0.3359.158 Safari/537.36"
71.237.166.220 - - [17/Jun/2018:17:02:34 -0500] "GET /home HTTP/1.1" 307 - "-" "Mozilla/5.0 (iPad; CPU OS 11_0_3 like Mac OS X) AppleWebKit/604.1.38 (KHTML, like Gecko) Version/11.0 Mobile/15A432 Safari/604.1"
71.237.166.220 - - [17/Jun/2018:17:02:45 -0500] "GET /home/account HTTP/1.1" 307 - "-" "Mozilla/5.0 (iPad; CPU OS 11_0_3 like Mac OS X) AppleWebKit/604.1.38 (KHTML, like Gecko) Version/11.0 Mobile/15A432 Safari/604.1"
71.237.166.220 - - [17/Jun/2018:17:03:12 -0500] "GET /home/account HTTP/1.1" 307 - "-" "Mozilla/5.0 (iPad; CPU OS 11_0_3 like Mac OS X) AppleWebKit/604.1.38 (KHTML, like Gecko) Version/11.0 Mobile/15A432 Safari/604.1"
24.20.3.136 - - [17/Jun/2018:17:03:17 -0500] "GET /home/addFunds HTTP/1.1" 307 - "-" "Mozilla/5.0 (X11; CrOS x86_64 10452.85.0) AppleWebKit/537.36 (KHTML, like Gecko) Chrome/66.0.3359.158 Safari/537.36"
50.39.164.251 - - [17/Jun/2018:17:03:29 -0500] "GET /clientCtrl/transactionsList HTTP/1.1" 307 - "-" "Mozilla/5.0 (Windows NT 10.0; Win64; x64) AppleWebKit/537.36 (KHTML, like Gecko) Chrome/67.0.3396.87 Safari/537.36"
24.216.248.77 - - [17/Jun/2018:17:04:04 -0500] "GET /login HTTP/1.1" 200 2413 "-" "Mozilla/5.0 (Windows NT 10.0; Win64; x64) AppleWebKit/537.36 (KHTML, like Gecko) Chrome/64.0.3282.140 Safari/537.36 Edge/17.17134"
24.216.248.77 - - [17/Jun/2018:17:04:04 -0500] "GET /favicon.ico HTTP/1.1" 404 1190 "-" "Mozilla/5.0 (Windows NT 10.0; Win64; x64) AppleWebKit/537.36 (KHTML, like Gecko) Chrome/64.0.3282.140 Safari/537.36 Edge/17.17134"
24.20.3.136 - - [17/Jun/2018:17:04:18 -0500] "GET /home/addFunds HTTP/1.1" 307 - "-" "Mozilla/5.0 (X11; CrOS x86_64 10452.85.0) AppleWebKit/537.36 (KHTML, like Gecko) Chrome/66.0.3359.158 Safari/537.36"
24.216.248.77 - - [17/Jun/2018:17:04:29 -0500] "GET /login HTTP/1.1" 200 2413 "-" "Mozilla/5.0 (Windows NT 10.0; Win64; x64) AppleWebKit/537.36 (KHTML, like Gecko) Chrome/64.0.3282.140 Safari/537.36 Edge/17.17134"
24.216.248.77 - - [17/Jun/2018:17:04:29 -0500] "GET /favicon.ico HTTP/1.1" 404 1190 "-" "Mozilla/5.0 (Windows NT 10.0; Win64; x64) AppleWebKit/537.36 (KHTML, like Gecko) Chrome/64.0.3282.140 Safari/537.36 Edge/17.17134"
71.237.166.220 - - [17/Jun/2018:17:05:22 -0500] "GET /home/account HTTP/1.1" 307 - "-" "Mozilla/5.0 (iPad; CPU OS 11_0_3 like Mac OS X) AppleWebKit/604.1.38 (KHTML, like Gecko) Version/11.0 Mobile/15A432 Safari/604.1"
71.237.166.220 - - [17/Jun/2018:17:05:34 -0500] "GET /home HTTP/1.1" 307 - "-" "Mozilla/5.0 (iPad; CPU OS 11_0_3 like Mac OS X) AppleWebKit/604.1.38 (KHTML, like Gecko) Version/11.0 Mobile/15A432 Safari/604.1"
50.39.164.251 - - [17/Jun/2018:17:06:39 -0500] "GET /clientCtrl/transactionsList HTTP/1.1" 307 - "-" "Mozilla/5.0 (Windows NT 10.0; Win64; x64) AppleWebKit/537.36 (KHTML, like Gecko) Chrome/67.0.3396.87 Safari/537.36"
24.216.248.77 - - [17/Jun/2018:17:07:09 -0500] "GET /login HTTP/1.1" 200 2413 "-" "Mozilla/5.0 (Windows NT 10.0; Win64; x64) AppleWebKit/537.36 (KHTML, like Gecko) Chrome/64.0.3282.140 Safari/537.36 Edge/17.17134"
24.216.248.77 - - [17/Jun/2018:17:07:09 -0500] "GET /favicon.ico HTTP/1.1" 404 1190 "-" "Mozilla/5.0 (Windows NT 10.0; Win64; x64) AppleWebKit/537.36 (KHTML, like Gecko) Chrome/64.0.3282.140 Safari/537.36 Edge/17.17134"
