24.20.3.136 - - [17/Jun/2018:17:05:48 -0500] "GET /uploads/news-claro-2.png HTTP/1.1" 200 35429 "http://www.myringring.net/home" "Mozilla/5.0 (X11; CrOS x86_64 10452.85.0) AppleWebKit/537.36 (KHTML, like Gecko) Chrome/66.0.3359.158 Safari/537.36"
24.20.3.136 - - [17/Jun/2018:17:05:48 -0500] "GET /uploads/slide-llamadas-ilimitadas.jpg HTTP/1.1" 200 27554 "http://www.myringring.net/home" "Mozilla/5.0 (X11; CrOS x86_64 10452.85.0) AppleWebKit/537.36 (KHTML, like Gecko) Chrome/66.0.3359.158 Safari/537.36"
24.20.3.136 - - [17/Jun/2018:17:05:48 -0500] "GET /uploads/news-l21766-movistar-eps-logo-43798.png HTTP/1.1" 200 78792 "http://www.myringring.net/home" "Mozilla/5.0 (X11; CrOS x86_64 10452.85.0) AppleWebKit/537.36 (KHTML, like Gecko) Chrome/66.0.3359.158 Safari/537.36"
24.20.3.136 - - [17/Jun/2018:17:05:48 -0500] "GET /uploads/slide-tabla-paquetigos.jpg HTTP/1.1" 200 25383 "http://www.myringring.net/home" "Mozilla/5.0 (X11; CrOS x86_64 10452.85.0) AppleWebKit/537.36 (KHTML, like Gecko) Chrome/66.0.3359.158 Safari/537.36"
24.20.3.136 - - [17/Jun/2018:17:05:48 -0500] "GET /js/bxslider/images/bx_loader.gif HTTP/1.1" 200 8581 "http://www.myringring.net/js/bxslider/jquery.bxslider.css" "Mozilla/5.0 (X11; CrOS x86_64 10452.85.0) AppleWebKit/537.36 (KHTML, like Gecko) Chrome/66.0.3359.158 Safari/537.36"
24.20.3.136 - - [17/Jun/2018:17:05:48 -0500] "GET /uploads/slide-telcel1.jpg HTTP/1.1" 200 78673 "http://www.myringring.net/home" "Mozilla/5.0 (X11; CrOS x86_64 10452.85.0) AppleWebKit/537.36 (KHTML, like Gecko) Chrome/66.0.3359.158 Safari/537.36"
24.20.3.136 - - [17/Jun/2018:17:05:48 -0500] "GET /uploads/slide-banner222.jpg HTTP/1.1" 200 62782 "http://www.myringring.net/home" "Mozilla/5.0 (X11; CrOS x86_64 10452.85.0) AppleWebKit/537.36 (KHTML, like Gecko) Chrome/66.0.3359.158 Safari/537.36"
24.20.3.136 - - [17/Jun/2018:17:05:48 -0500] "GET /uploads/slide-super-pack.jpg HTTP/1.1" 200 186130 "http://www.myringring.net/home" "Mozilla/5.0 (X11; CrOS x86_64 10452.85.0) AppleWebKit/537.36 (KHTML, like Gecko) Chrome/66.0.3359.158 Safari/537.36"
24.20.3.136 - - [17/Jun/2018:17:05:48 -0500] "GET /uploads/slide-claro-tigo-movistar-digicel-2.jpg HTTP/1.1" 200 53167 "http://www.myringring.net/home" "Mozilla/5.0 (X11; CrOS x86_64 10452.85.0) AppleWebKit/537.36 (KHTML, like Gecko) Chrome/66.0.3359.158 Safari/537.36"
24.20.3.136 - - [17/Jun/2018:17:05:48 -0500] "GET /uploads/slide-ahr0cdovl3d3dy50b3b0zw5yzxzpzxdzlmnvbs9pl3jldi9hcnrpy2xlcy8xmdq4ni1tzxryb3bjcy12cy1ib29zdc1tb2jpbgutd2hpy2gtz2l2zxmtew91lwjldhrlci1jb3zlcmfnzs1hbmqtbw9yzs1mbgv4awjpbgl0es0uanbn.png HTTP/1.1" 200 91311 "http://www.myringring.net/home" "Mozilla/5.0 (X11; CrOS x86_64 10452.85.0) AppleWebKit/537.36 (KHTML, like Gecko) Chrome/66.0.3359.158 Safari/537.36"
24.20.3.136 - - [17/Jun/2018:17:05:49 -0500] "GET /uploads/slide-verizon.jpg HTTP/1.1" 200 42845 "http://www.myringring.net/home" "Mozilla/5.0 (X11; CrOS x86_64 10452.85.0) AppleWebKit/537.36 (KHTML, like Gecko) Chrome/66.0.3359.158 Safari/537.36"
24.20.3.136 - - [17/Jun/2018:17:05:48 -0500] "GET /uploads/slide-operadores-moviles-mexico-1.png HTTP/1.1" 200 126166 "http://www.myringring.net/home" "Mozilla/5.0 (X11; CrOS x86_64 10452.85.0) AppleWebKit/537.36 (KHTML, like Gecko) Chrome/66.0.3359.158 Safari/537.36"
24.20.3.136 - - [17/Jun/2018:17:05:51 -0500] "GET /home/getRecipients/1111111111 HTTP/1.1" 200 271 "http://www.myringring.net/home" "Mozilla/5.0 (X11; CrOS x86_64 10452.85.0) AppleWebKit/537.36 (KHTML, like Gecko) Chrome/66.0.3359.158 Safari/537.36"
24.20.3.136 - - [17/Jun/2018:17:05:51 -0500] "GET /uploads/telcel-rojo-1-ok-ok.png HTTP/1.1" 200 31210 "http://www.myringring.net/home" "Mozilla/5.0 (X11; CrOS x86_64 10452.85.0) AppleWebKit/537.36 (KHTML, like Gecko) Chrome/66.0.3359.158 Safari/537.36"
24.20.3.136 - - [17/Jun/2018:17:05:51 -0500] "GET /js/intl-tel-input/img/flags.png HTTP/1.1" 200 65960 "http://www.myringring.net/js/intl-tel-input/css/intlTelInput.css" "Mozilla/5.0 (X11; CrOS x86_64 10452.85.0) AppleWebKit/537.36 (KHTML, like Gecko) Chrome/66.0.3359.158 Safari/537.36"
71.212.15.243 - - [17/Jun/2018:17:05:54 -0500] "GET /home/dollarPhoneConfirm/100441/42698378 HTTP/1.1" 200 129 "http://www.myringring.net/home/addFunds" "Mozilla/5.0 (Windows NT 10.0; Win64; x64) AppleWebKit/537.36 (KHTML, like Gecko) Chrome/67.0.3396.87 Safari/537.36"
71.212.15.243 - - [17/Jun/2018:17:06:00 -0500] "GET /home HTTP/1.1" 200 45797 "http://www.myringring.net/home/addFunds" "Mozilla/5.0 (Windows NT 10.0; Win64; x64) AppleWebKit/537.36 (KHTML, like Gecko) Chrome/67.0.3396.87 Safari/537.36"
54.208.182.195 - - [17/Jun/2018:17:06:09 -0500] "GET /ads.txt HTTP/1.1" 404 1190 "-" "AdsTxtCrawler/1.0.1; +https://github.com/InteractiveAdvertisingBureau"
24.20.3.136 - - [17/Jun/2018:17:06:25 -0500] "GET /home/getProducts/us HTTP/1.1" 200 15791 "http://www.myringring.net/home" "Mozilla/5.0 (X11; CrOS x86_64 10452.85.0) AppleWebKit/537.36 (KHTML, like Gecko) Chrome/66.0.3359.158 Safari/537.36"
24.20.3.136 - - [17/Jun/2018:17:06:25 -0500] "GET /uploads/at&t-logo-2016.png HTTP/1.1" 200 10971 "http://www.myringring.net/home" "Mozilla/5.0 (X11; CrOS x86_64 10452.85.0) AppleWebKit/537.36 (KHTML, like Gecko) Chrome/66.0.3359.158 Safari/537.36"
24.20.3.136 - - [17/Jun/2018:17:06:25 -0500] "GET /uploads/boost.png HTTP/1.1" 200 8210 "http://www.myringring.net/home" "Mozilla/5.0 (X11; CrOS x86_64 10452.85.0) AppleWebKit/537.36 (KHTML, like Gecko) Chrome/66.0.3359.158 Safari/537.36"
24.20.3.136 - - [17/Jun/2018:17:06:25 -0500] "GET /uploads/cricket-pequeno.png HTTP/1.1" 200 5064 "http://www.myringring.net/home" "Mozilla/5.0 (X11; CrOS x86_64 10452.85.0) AppleWebKit/537.36 (KHTML, like Gecko) Chrome/66.0.3359.158 Safari/537.36"
24.20.3.136 - - [17/Jun/2018:17:06:25 -0500] "GET /uploads/easygo-ok.png HTTP/1.1" 200 4638 "http://www.myringring.net/home" "Mozilla/5.0 (X11; CrOS x86_64 10452.85.0) AppleWebKit/537.36 (KHTML, like Gecko) Chrome/66.0.3359.158 Safari/537.36"
24.20.3.136 - - [17/Jun/2018:17:06:25 -0500] "GET /uploads/att-ok.png HTTP/1.1" 200 32670 "http://www.myringring.net/home" "Mozilla/5.0 (X11; CrOS x86_64 10452.85.0) AppleWebKit/537.36 (KHTML, like Gecko) Chrome/66.0.3359.158 Safari/537.36"
24.20.3.136 - - [17/Jun/2018:17:06:25 -0500] "GET /home/getProductByPhone/+15419129702 HTTP/1.1" 200 79 "http://www.myringring.net/home" "Mozilla/5.0 (X11; CrOS x86_64 10452.85.0) AppleWebKit/537.36 (KHTML, like Gecko) Chrome/66.0.3359.158 Safari/537.36"
24.20.3.136 - - [17/Jun/2018:17:06:25 -0500] "GET /uploads/metro.png HTTP/1.1" 200 6842 "http://www.myringring.net/home" "Mozilla/5.0 (X11; CrOS x86_64 10452.85.0) AppleWebKit/537.36 (KHTML, like Gecko) Chrome/66.0.3359.158 Safari/537.36"
24.20.3.136 - - [17/Jun/2018:17:06:25 -0500] "GET /uploads/lykaok.png HTTP/1.1" 200 7803 "http://www.myringring.net/home" "Mozilla/5.0 (X11; CrOS x86_64 10452.85.0) AppleWebKit/537.36 (KHTML, like Gecko) Chrome/66.0.3359.158 Safari/537.36"
24.20.3.136 - - [17/Jun/2018:17:06:25 -0500] "GET /uploads/h2o-mas-pequeno.png HTTP/1.1" 200 3800 "http://www.myringring.net/home" "Mozilla/5.0 (X11; CrOS x86_64 10452.85.0) AppleWebKit/537.36 (KHTML, like Gecko) Chrome/66.0.3359.158 Safari/537.36"
24.20.3.136 - - [17/Jun/2018:17:06:25 -0500] "GET /uploads/h2o-ok-ok.png HTTP/1.1" 200 13459 "http://www.myringring.net/home" "Mozilla/5.0 (X11; CrOS x86_64 10452.85.0) AppleWebKit/537.36 (KHTML, like Gecko) Chrome/66.0.3359.158 Safari/537.36"
24.20.3.136 - - [17/Jun/2018:17:06:25 -0500] "GET /uploads/myring-ring-pinless-logo.png HTTP/1.1" 200 33481 "http://www.myringring.net/home" "Mozilla/5.0 (X11; CrOS x86_64 10452.85.0) AppleWebKit/537.36 (KHTML, like Gecko) Chrome/66.0.3359.158 Safari/537.36"
24.20.3.136 - - [17/Jun/2018:17:06:26 -0500] "GET /uploads/pinless-world-55.png HTTP/1.1" 200 34642 "http://www.myringring.net/home" "Mozilla/5.0 (X11; CrOS x86_64 10452.85.0) AppleWebKit/537.36 (KHTML, like Gecko) Chrome/66.0.3359.158 Safari/537.36"
24.20.3.136 - - [17/Jun/2018:17:06:26 -0500] "GET /uploads/net10-ok.png HTTP/1.1" 200 5436 "http://www.myringring.net/home" "Mozilla/5.0 (X11; CrOS x86_64 10452.85.0) AppleWebKit/537.36 (KHTML, like Gecko) Chrome/66.0.3359.158 Safari/537.36"
24.20.3.136 - - [17/Jun/2018:17:06:26 -0500] "GET /uploads/simple-2.png HTTP/1.1" 200 4244 "http://www.myringring.net/home" "Mozilla/5.0 (X11; CrOS x86_64 10452.85.0) AppleWebKit/537.36 (KHTML, like Gecko) Chrome/66.0.3359.158 Safari/537.36"
24.20.3.136 - - [17/Jun/2018:17:06:26 -0500] "GET /uploads/tmobile-ok-.png HTTP/1.1" 200 6967 "http://www.myringring.net/home" "Mozilla/5.0 (X11; CrOS x86_64 10452.85.0) AppleWebKit/537.36 (KHTML, like Gecko) Chrome/66.0.3359.158 Safari/537.36"
24.20.3.136 - - [17/Jun/2018:17:06:26 -0500] "GET /uploads/pageplus-ok.png HTTP/1.1" 200 3343 "http://www.myringring.net/home" "Mozilla/5.0 (X11; CrOS x86_64 10452.85.0) AppleWebKit/537.36 (KHTML, like Gecko) Chrome/66.0.3359.158 Safari/537.36"
24.20.3.136 - - [17/Jun/2018:17:06:26 -0500] "GET /uploads/t-mobile.png HTTP/1.1" 200 4852 "http://www.myringring.net/home" "Mozilla/5.0 (X11; CrOS x86_64 10452.85.0) AppleWebKit/537.36 (KHTML, like Gecko) Chrome/66.0.3359.158 Safari/537.36"
24.20.3.136 - - [17/Jun/2018:17:06:26 -0500] "GET /uploads/tracfone-ok-.png HTTP/1.1" 200 12363 "http://www.myringring.net/home" "Mozilla/5.0 (X11; CrOS x86_64 10452.85.0) AppleWebKit/537.36 (KHTML, like Gecko) Chrome/66.0.3359.158 Safari/537.36"
24.20.3.136 - - [17/Jun/2018:17:06:26 -0500] "GET /uploads/ultra-pequeno.png HTTP/1.1" 200 7246 "http://www.myringring.net/home" "Mozilla/5.0 (X11; CrOS x86_64 10452.85.0) AppleWebKit/537.36 (KHTML, like Gecko) Chrome/66.0.3359.158 Safari/537.36"
24.20.3.136 - - [17/Jun/2018:17:06:26 -0500] "GET /uploads/telcel-america-ok.png HTTP/1.1" 200 8386 "http://www.myringring.net/home" "Mozilla/5.0 (X11; CrOS x86_64 10452.85.0) AppleWebKit/537.36 (KHTML, like Gecko) Chrome/66.0.3359.158 Safari/537.36"
24.20.3.136 - - [17/Jun/2018:17:06:26 -0500] "GET /uploads/unlimited-mexico.png HTTP/1.1" 200 7521 "http://www.myringring.net/home" "Mozilla/5.0 (X11; CrOS x86_64 10452.85.0) AppleWebKit/537.36 (KHTML, like Gecko) Chrome/66.0.3359.158 Safari/537.36"
24.20.3.136 - - [17/Jun/2018:17:06:26 -0500] "GET /uploads/verizon-ok-ok-ok.png HTTP/1.1" 200 9814 "http://www.myringring.net/home" "Mozilla/5.0 (X11; CrOS x86_64 10452.85.0) AppleWebKit/537.36 (KHTML, like Gecko) Chrome/66.0.3359.158 Safari/537.36"
24.20.3.136 - - [17/Jun/2018:17:06:26 -0500] "GET /uploads/verizon.png HTTP/1.1" 200 14921 "http://www.myringring.net/home" "Mozilla/5.0 (X11; CrOS x86_64 10452.85.0) AppleWebKit/537.36 (KHTML, like Gecko) Chrome/66.0.3359.158 Safari/537.36"
24.20.3.136 - - [17/Jun/2018:17:06:37 -0500] "POST /home/addFunds HTTP/1.1" 200 48353 "http://www.myringring.net/home" "Mozilla/5.0 (X11; CrOS x86_64 10452.85.0) AppleWebKit/537.36 (KHTML, like Gecko) Chrome/66.0.3359.158 Safari/537.36"
24.20.3.136 - - [17/Jun/2018:17:06:40 -0500] "GET /images/loading.gif HTTP/1.1" 200 1582 "http://www.myringring.net/home/addFunds" "Mozilla/5.0 (X11; CrOS x86_64 10452.85.0) AppleWebKit/537.36 (KHTML, like Gecko) Chrome/66.0.3359.158 Safari/537.36"
189.216.148.13 - - [17/Jun/2018:17:06:50 -0500] "POST /admin/transactionsList HTTP/1.1" 200 102946 "http://www.myringring.net/admin/transactionsList" "Mozilla/5.0 (Macintosh; Intel Mac OS X 10_12_6) AppleWebKit/537.36 (KHTML, like Gecko) Chrome/67.0.3396.87 Safari/537.36"
24.20.3.136 - - [17/Jun/2018:17:06:50 -0500] "GET /home/logicalConfirm/100442/11572 HTTP/1.1" 200 20 "http://www.myringring.net/home/addFunds" "Mozilla/5.0 (X11; CrOS x86_64 10452.85.0) AppleWebKit/537.36 (KHTML, like Gecko) Chrome/66.0.3359.158 Safari/537.36"
189.216.148.13 - - [17/Jun/2018:17:06:52 -0500] "POST /admin/transactionsList HTTP/1.1" 200 102946 "http://www.myringring.net/admin/transactionsList" "Mozilla/5.0 (Macintosh; Intel Mac OS X 10_12_6) AppleWebKit/537.36 (KHTML, like Gecko) Chrome/67.0.3396.87 Safari/537.36"
24.20.3.136 - - [17/Jun/2018:17:07:00 -0500] "GET /home/logicalConfirm/100442/11572 HTTP/1.1" 200 127 "http://www.myringring.net/home/addFunds" "Mozilla/5.0 (X11; CrOS x86_64 10452.85.0) AppleWebKit/537.36 (KHTML, like Gecko) Chrome/66.0.3359.158 Safari/537.36"
24.216.248.77 - - [17/Jun/2018:17:07:18 -0500] "GET /login HTTP/1.1" 200 2393 "-" "Mozilla/5.0 (Windows NT 10.0; Win64; x64) AppleWebKit/537.36 (KHTML, like Gecko) Chrome/64.0.3282.140 Safari/537.36 Edge/17.17134"
24.216.248.77 - - [17/Jun/2018:17:07:19 -0500] "GET /js/jquery.validate.min.js HTTP/1.1" 200 22691 "http://www.myringring.net/login" "Mozilla/5.0 (Windows NT 10.0; Win64; x64) AppleWebKit/537.36 (KHTML, like Gecko) Chrome/64.0.3282.140 Safari/537.36 Edge/17.17134"
24.216.248.77 - - [17/Jun/2018:17:07:19 -0500] "GET /css/style.css HTTP/1.1" 200 17924 "http://www.myringring.net/login" "Mozilla/5.0 (Windows NT 10.0; Win64; x64) AppleWebKit/537.36 (KHTML, like Gecko) Chrome/64.0.3282.140 Safari/537.36 Edge/17.17134"
24.216.248.77 - - [17/Jun/2018:17:07:19 -0500] "GET /images/logo-myringring.png HTTP/1.1" 200 195499 "http://www.myringring.net/login" "Mozilla/5.0 (Windows NT 10.0; Win64; x64) AppleWebKit/537.36 (KHTML, like Gecko) Chrome/64.0.3282.140 Safari/537.36 Edge/17.17134"
24.216.248.77 - - [17/Jun/2018:17:07:19 -0500] "GET /images/logo-myringring.png HTTP/1.1" 200 195499 "-" "Mozilla/5.0 (Windows NT 10.0; Win64; x64) AppleWebKit/537.36 (KHTML, like Gecko) Chrome/64.0.3282.140 Safari/537.36 Edge/17.17134"
24.216.248.77 - - [17/Jun/2018:17:07:19 -0500] "GET /images/seattle.jpg HTTP/1.1" 200 394562 "http://www.myringring.net/login" "Mozilla/5.0 (Windows NT 10.0; Win64; x64) AppleWebKit/537.36 (KHTML, like Gecko) Chrome/64.0.3282.140 Safari/537.36 Edge/17.17134"
189.216.148.13 - - [17/Jun/2018:17:07:39 -0500] "GET /admin/storesList HTTP/1.1" 200 402549 "http://www.myringring.net/admin/transactionsList" "Mozilla/5.0 (Macintosh; Intel Mac OS X 10_12_6) AppleWebKit/537.36 (KHTML, like Gecko) Chrome/67.0.3396.87 Safari/537.36"
189.216.148.13 - - [17/Jun/2018:17:07:47 -0500] "POST /admin/storesList HTTP/1.1" 200 8998 "http://www.myringring.net/admin/storesList" "Mozilla/5.0 (Macintosh; Intel Mac OS X 10_12_6) AppleWebKit/537.36 (KHTML, like Gecko) Chrome/67.0.3396.87 Safari/537.36"
64.139.99.241 - - [17/Jun/2018:17:07:49 -0500] "GET /home HTTP/1.1" 200 44124 "http://www.myringring.net/home" "Mozilla/5.0 (Windows NT 10.0; Win64; x64) AppleWebKit/537.36 (KHTML, like Gecko) Chrome/67.0.3396.87 Safari/537.36"
64.139.99.241 - - [17/Jun/2018:17:07:49 -0500] "GET /uploads/news-tigopequenookk.png HTTP/1.1" 304 - "http://www.myringring.net/home" "Mozilla/5.0 (Windows NT 10.0; Win64; x64) AppleWebKit/537.36 (KHTML, like Gecko) Chrome/67.0.3396.87 Safari/537.36"
189.216.148.13 - - [17/Jun/2018:17:07:50 -0500] "GET /admin/storeEditForm/622 HTTP/1.1" 200 10559 "http://www.myringring.net/admin/storesList" "Mozilla/5.0 (Macintosh; Intel Mac OS X 10_12_6) AppleWebKit/537.36 (KHTML, like Gecko) Chrome/67.0.3396.87 Safari/537.36"
24.216.248.77 - - [17/Jun/2018:17:08:00 -0500] "GET /login HTTP/1.1" 200 2393 "-" "Mozilla/5.0 (Windows NT 10.0; Win64; x64) AppleWebKit/537.36 (KHTML, like Gecko) Chrome/64.0.3282.140 Safari/537.36 Edge/17.17134"
189.216.148.13 - - [17/Jun/2018:17:08:54 -0500] "POST /admin/storeEdit HTTP/1.1" 200 402597 "http://www.myringring.net/admin/storeEditForm/622" "Mozilla/5.0 (Macintosh; Intel Mac OS X 10_12_6) AppleWebKit/537.36 (KHTML, like Gecko) Chrome/67.0.3396.87 Safari/537.36"
24.216.248.77 - - [17/Jun/2018:17:09:07 -0500] "POST /login/authenticate HTTP/1.1" 303 - "http://www.myringring.net/login" "Mozilla/5.0 (Windows NT 10.0; Win64; x64) AppleWebKit/537.36 (KHTML, like Gecko) Chrome/64.0.3282.140 Safari/537.36 Edge/17.17134"
24.216.248.77 - - [17/Jun/2018:17:09:07 -0500] "GET /home HTTP/1.1" 200 44273 "http://www.myringring.net/login" "Mozilla/5.0 (Windows NT 10.0; Win64; x64) AppleWebKit/537.36 (KHTML, like Gecko) Chrome/64.0.3282.140 Safari/537.36 Edge/17.17134"
24.216.248.77 - - [17/Jun/2018:17:09:07 -0500] "GET /js/fancybox/jquery.fancybox.css HTTP/1.1" 200 4939 "http://www.myringring.net/home" "Mozilla/5.0 (Windows NT 10.0; Win64; x64) AppleWebKit/537.36 (KHTML, like Gecko) Chrome/64.0.3282.140 Safari/537.36 Edge/17.17134"
24.216.248.77 - - [17/Jun/2018:17:09:07 -0500] "GET /js/bxslider/jquery.bxslider.css HTTP/1.1" 200 3900 "http://www.myringring.net/home" "Mozilla/5.0 (Windows NT 10.0; Win64; x64) AppleWebKit/537.36 (KHTML, like Gecko) Chrome/64.0.3282.140 Safari/537.36 Edge/17.17134"
24.216.248.77 - - [17/Jun/2018:17:09:07 -0500] "GET /js/intl-tel-input/css/intlTelInput.css HTTP/1.1" 200 28940 "http://www.myringring.net/home" "Mozilla/5.0 (Windows NT 10.0; Win64; x64) AppleWebKit/537.36 (KHTML, like Gecko) Chrome/64.0.3282.140 Safari/537.36 Edge/17.17134"
24.216.248.77 - - [17/Jun/2018:17:09:07 -0500] "GET /js/bxslider/jquery.bxslider.min.js HTTP/1.1" 200 19368 "http://www.myringring.net/home" "Mozilla/5.0 (Windows NT 10.0; Win64; x64) AppleWebKit/537.36 (KHTML, like Gecko) Chrome/64.0.3282.140 Safari/537.36 Edge/17.17134"
24.216.248.77 - - [17/Jun/2018:17:09:07 -0500] "GET /js/sweetalert/sweetalert.css HTTP/1.1" 200 23892 "http://www.myringring.net/home" "Mozilla/5.0 (Windows NT 10.0; Win64; x64) AppleWebKit/537.36 (KHTML, like Gecko) Chrome/64.0.3282.140 Safari/537.36 Edge/17.17134"
24.216.248.77 - - [17/Jun/2018:17:09:07 -0500] "GET /js/modules/utilities.js HTTP/1.1" 200 2845 "http://www.myringring.net/home" "Mozilla/5.0 (Windows NT 10.0; Win64; x64) AppleWebKit/537.36 (KHTML, like Gecko) Chrome/64.0.3282.140 Safari/537.36 Edge/17.17134"
24.216.248.77 - - [17/Jun/2018:17:09:08 -0500] "GET /images/ES.png HTTP/1.1" 200 694 "http://www.myringring.net/home" "Mozilla/5.0 (Windows NT 10.0; Win64; x64) AppleWebKit/537.36 (KHTML, like Gecko) Chrome/64.0.3282.140 Safari/537.36 Edge/17.17134"
24.216.248.77 - - [17/Jun/2018:17:09:07 -0500] "GET /js/fancybox/jquery.fancybox.pack.js HTTP/1.1" 200 23216 "http://www.myringring.net/home" "Mozilla/5.0 (Windows NT 10.0; Win64; x64) AppleWebKit/537.36 (KHTML, like Gecko) Chrome/64.0.3282.140 Safari/537.36 Edge/17.17134"
24.216.248.77 - - [17/Jun/2018:17:09:08 -0500] "GET /js/sweetalert/sweetalert.min.js HTTP/1.1" 200 16994 "http://www.myringring.net/home" "Mozilla/5.0 (Windows NT 10.0; Win64; x64) AppleWebKit/537.36 (KHTML, like Gecko) Chrome/64.0.3282.140 Safari/537.36 Edge/17.17134"
24.216.248.77 - - [17/Jun/2018:17:09:08 -0500] "GET /images/EN.png HTTP/1.1" 200 773 "http://www.myringring.net/home" "Mozilla/5.0 (Windows NT 10.0; Win64; x64) AppleWebKit/537.36 (KHTML, like Gecko) Chrome/64.0.3282.140 Safari/537.36 Edge/17.17134"
24.216.248.77 - - [17/Jun/2018:17:09:07 -0500] "GET /js/intl-tel-input/js/intlTelInput.js HTTP/1.1" 200 70188 "http://www.myringring.net/home" "Mozilla/5.0 (Windows NT 10.0; Win64; x64) AppleWebKit/537.36 (KHTML, like Gecko) Chrome/64.0.3282.140 Safari/537.36 Edge/17.17134"
24.216.248.77 - - [17/Jun/2018:17:09:08 -0500] "GET /uploads/news-tigopequenookk.png HTTP/1.1" 200 6789 "http://www.myringring.net/home" "Mozilla/5.0 (Windows NT 10.0; Win64; x64) AppleWebKit/537.36 (KHTML, like Gecko) Chrome/64.0.3282.140 Safari/537.36 Edge/17.17134"
24.216.248.77 - - [17/Jun/2018:17:09:08 -0500] "GET /uploads/news-claro-2.png HTTP/1.1" 200 35429 "http://www.myringring.net/home" "Mozilla/5.0 (Windows NT 10.0; Win64; x64) AppleWebKit/537.36 (KHTML, like Gecko) Chrome/64.0.3282.140 Safari/537.36 Edge/17.17134"
24.216.248.77 - - [17/Jun/2018:17:09:08 -0500] "GET /uploads/news-l21766-movistar-eps-logo-43798.png HTTP/1.1" 200 78792 "http://www.myringring.net/home" "Mozilla/5.0 (Windows NT 10.0; Win64; x64) AppleWebKit/537.36 (KHTML, like Gecko) Chrome/64.0.3282.140 Safari/537.36 Edge/17.17134"
24.216.248.77 - - [17/Jun/2018:17:09:08 -0500] "GET /js/intl-tel-input/js/utils.js HTTP/1.1" 200 221371 "http://www.myringring.net/home" "Mozilla/5.0 (Windows NT 10.0; Win64; x64) AppleWebKit/537.36 (KHTML, like Gecko) Chrome/64.0.3282.140 Safari/537.36 Edge/17.17134"
24.216.248.77 - - [17/Jun/2018:17:09:09 -0500] "GET /uploads/slide-claro-tigo-movistar-digicel-2.jpg HTTP/1.1" 200 53167 "http://www.myringring.net/home" "Mozilla/5.0 (Windows NT 10.0; Win64; x64) AppleWebKit/537.36 (KHTML, like Gecko) Chrome/64.0.3282.140 Safari/537.36 Edge/17.17134"
24.216.248.77 - - [17/Jun/2018:17:09:09 -0500] "GET /uploads/slide-banner222.jpg HTTP/1.1" 200 62782 "http://www.myringring.net/home" "Mozilla/5.0 (Windows NT 10.0; Win64; x64) AppleWebKit/537.36 (KHTML, like Gecko) Chrome/64.0.3282.140 Safari/537.36 Edge/17.17134"
24.216.248.77 - - [17/Jun/2018:17:09:09 -0500] "GET /uploads/slide-telcel1.jpg HTTP/1.1" 200 78673 "http://www.myringring.net/home" "Mozilla/5.0 (Windows NT 10.0; Win64; x64) AppleWebKit/537.36 (KHTML, like Gecko) Chrome/64.0.3282.140 Safari/537.36 Edge/17.17134"
24.216.248.77 - - [17/Jun/2018:17:09:09 -0500] "GET /uploads/slide-ahr0cdovl3d3dy50b3b0zw5yzxzpzxdzlmnvbs9pl3jldi9hcnrpy2xlcy8xmdq4ni1tzxryb3bjcy12cy1ib29zdc1tb2jpbgutd2hpy2gtz2l2zxmtew91lwjldhrlci1jb3zlcmfnzs1hbmqtbw9yzs1mbgv4awjpbgl0es0uanbn.png HTTP/1.1" 200 91311 "http://www.myringring.net/home" "Mozilla/5.0 (Windows NT 10.0; Win64; x64) AppleWebKit/537.36 (KHTML, like Gecko) Chrome/64.0.3282.140 Safari/537.36 Edge/17.17134"
24.216.248.77 - - [17/Jun/2018:17:09:09 -0500] "GET /uploads/slide-operadores-moviles-mexico-1.png HTTP/1.1" 200 126166 "http://www.myringring.net/home" "Mozilla/5.0 (Windows NT 10.0; Win64; x64) AppleWebKit/537.36 (KHTML, like Gecko) Chrome/64.0.3282.140 Safari/537.36 Edge/17.17134"
24.216.248.77 - - [17/Jun/2018:17:09:09 -0500] "GET /images/bg-sidebar.png HTTP/1.1" 200 5485 "http://www.myringring.net/home" "Mozilla/5.0 (Windows NT 10.0; Win64; x64) AppleWebKit/537.36 (KHTML, like Gecko) Chrome/64.0.3282.140 Safari/537.36 Edge/17.17134"
24.216.248.77 - - [17/Jun/2018:17:09:09 -0500] "GET /uploads/slide-llamadas-ilimitadas.jpg HTTP/1.1" 200 27554 "http://www.myringring.net/home" "Mozilla/5.0 (Windows NT 10.0; Win64; x64) AppleWebKit/537.36 (KHTML, like Gecko) Chrome/64.0.3282.140 Safari/537.36 Edge/17.17134"
24.216.248.77 - - [17/Jun/2018:17:09:09 -0500] "GET /uploads/slide-super-pack.jpg HTTP/1.1" 200 186130 "http://www.myringring.net/home" "Mozilla/5.0 (Windows NT 10.0; Win64; x64) AppleWebKit/537.36 (KHTML, like Gecko) Chrome/64.0.3282.140 Safari/537.36 Edge/17.17134"
24.216.248.77 - - [17/Jun/2018:17:09:09 -0500] "GET /js/bxslider/images/bx_loader.gif HTTP/1.1" 200 8581 "http://www.myringring.net/home" "Mozilla/5.0 (Windows NT 10.0; Win64; x64) AppleWebKit/537.36 (KHTML, like Gecko) Chrome/64.0.3282.140 Safari/537.36 Edge/17.17134"
24.216.248.77 - - [17/Jun/2018:17:09:09 -0500] "GET /uploads/slide-verizon.jpg HTTP/1.1" 200 42845 "http://www.myringring.net/home" "Mozilla/5.0 (Windows NT 10.0; Win64; x64) AppleWebKit/537.36 (KHTML, like Gecko) Chrome/64.0.3282.140 Safari/537.36 Edge/17.17134"
24.216.248.77 - - [17/Jun/2018:17:09:09 -0500] "GET /js/intl-tel-input/img/flags.png HTTP/1.1" 200 65960 "http://www.myringring.net/home" "Mozilla/5.0 (Windows NT 10.0; Win64; x64) AppleWebKit/537.36 (KHTML, like Gecko) Chrome/64.0.3282.140 Safari/537.36 Edge/17.17134"
24.216.248.77 - - [17/Jun/2018:17:09:09 -0500] "GET /uploads/slide-tabla-paquetigos.jpg HTTP/1.1" 200 25383 "http://www.myringring.net/home" "Mozilla/5.0 (Windows NT 10.0; Win64; x64) AppleWebKit/537.36 (KHTML, like Gecko) Chrome/64.0.3282.140 Safari/537.36 Edge/17.17134"
50.39.164.251 - - [17/Jun/2018:17:09:35 -0500] "GET / HTTP/1.1" 200 2393 "https://www.google.com/" "Mozilla/5.0 (Windows NT 10.0; Win64; x64) AppleWebKit/537.36 (KHTML, like Gecko) Chrome/67.0.3396.87 Safari/537.36"
64.139.99.241 - - [17/Jun/2018:17:09:59 -0500] "GET /home/getRecipients/4341146568 HTTP/1.1" 200 310 "http://www.myringring.net/home" "Mozilla/5.0 (Windows NT 10.0; Win64; x64) AppleWebKit/537.36 (KHTML, like Gecko) Chrome/67.0.3396.87 Safari/537.36"
64.139.99.241 - - [17/Jun/2018:17:10:10 -0500] "GET /home/getProducts/mx HTTP/1.1" 200 4578 "http://www.myringring.net/home" "Mozilla/5.0 (Windows NT 10.0; Win64; x64) AppleWebKit/537.36 (KHTML, like Gecko) Chrome/67.0.3396.87 Safari/537.36"
64.139.99.241 - - [17/Jun/2018:17:10:11 -0500] "GET /home/getProductByPhone/+5214341146568 HTTP/1.1" 200 91 "http://www.myringring.net/home" "Mozilla/5.0 (Windows NT 10.0; Win64; x64) AppleWebKit/537.36 (KHTML, like Gecko) Chrome/67.0.3396.87 Safari/537.36"
189.216.148.13 - - [17/Jun/2018:17:10:36 -0500] "GET /admin/transactionsList HTTP/1.1" 200 99999 "http://www.myringring.net/admin/storeEdit" "Mozilla/5.0 (Macintosh; Intel Mac OS X 10_12_6) AppleWebKit/537.36 (KHTML, like Gecko) Chrome/67.0.3396.87 Safari/537.36"
189.216.148.13 - - [17/Jun/2018:17:10:43 -0500] "POST /admin/transactionsList HTTP/1.1" 200 30837 "http://www.myringring.net/admin/transactionsList" "Mozilla/5.0 (Macintosh; Intel Mac OS X 10_12_6) AppleWebKit/537.36 (KHTML, like Gecko) Chrome/67.0.3396.87 Safari/537.36"
189.216.148.13 - - [17/Jun/2018:17:10:50 -0500] "GET /home/logicalConfirm/100427/11566 HTTP/1.1" 200 127 "http://www.myringring.net/admin/transactionsList" "Mozilla/5.0 (Macintosh; Intel Mac OS X 10_12_6) AppleWebKit/537.36 (KHTML, like Gecko) Chrome/67.0.3396.87 Safari/537.36"
189.216.148.13 - - [17/Jun/2018:17:10:55 -0500] "POST /admin/transactionsList HTTP/1.1" 200 30148 "http://www.myringring.net/admin/transactionsList" "Mozilla/5.0 (Macintosh; Intel Mac OS X 10_12_6) AppleWebKit/537.36 (KHTML, like Gecko) Chrome/67.0.3396.87 Safari/537.36"
189.216.148.13 - - [17/Jun/2018:17:10:59 -0500] "POST /admin/transactionsList HTTP/1.1" 200 99564 "http://www.myringring.net/admin/transactionsList" "Mozilla/5.0 (Macintosh; Intel Mac OS X 10_12_6) AppleWebKit/537.36 (KHTML, like Gecko) Chrome/67.0.3396.87 Safari/537.36"
64.139.99.241 - - [17/Jun/2018:17:11:00 -0500] "POST /home/addFunds HTTP/1.1" 200 48364 "http://www.myringring.net/home" "Mozilla/5.0 (Windows NT 10.0; Win64; x64) AppleWebKit/537.36 (KHTML, like Gecko) Chrome/67.0.3396.87 Safari/537.36"
172.78.218.66 - - [17/Jun/2018:17:11:21 -0500] "GET / HTTP/1.1" 200 2393 "-" "Mozilla/4.0 (compatible; MSIE 7.0; Windows NT 6.1; Trident/6.0; SLCC2; .NET CLR 3.5.30729; .NET CLR 3.0.30729; .NET CLR 2.0.50727; .NET4.0C; .NET4.0E)"
172.78.218.66 - - [17/Jun/2018:17:11:21 -0500] "GET /js/jquery.validate.min.js HTTP/1.1" 200 22691 "http://myringring.net/" "Mozilla/4.0 (compatible; MSIE 7.0; Windows NT 6.1; Trident/6.0; SLCC2; .NET CLR 3.5.30729; .NET CLR 3.0.30729; .NET CLR 2.0.50727; .NET4.0C; .NET4.0E)"
172.78.218.66 - - [17/Jun/2018:17:11:21 -0500] "GET /images/logo-myringring.png HTTP/1.1" 200 195499 "http://myringring.net/" "Mozilla/4.0 (compatible; MSIE 7.0; Windows NT 6.1; Trident/6.0; SLCC2; .NET CLR 3.5.30729; .NET CLR 3.0.30729; .NET CLR 2.0.50727; .NET4.0C; .NET4.0E)"
172.78.218.66 - - [17/Jun/2018:17:11:21 -0500] "GET /css/style.css HTTP/1.1" 200 17924 "http://myringring.net/" "Mozilla/4.0 (compatible; MSIE 7.0; Windows NT 6.1; Trident/6.0; SLCC2; .NET CLR 3.5.30729; .NET CLR 3.0.30729; .NET CLR 2.0.50727; .NET4.0C; .NET4.0E)"
172.78.218.66 - - [17/Jun/2018:17:11:23 -0500] "GET /images/seattle.jpg HTTP/1.1" 200 394562 "http://myringring.net/" "Mozilla/4.0 (compatible; MSIE 7.0; Windows NT 6.1; Trident/6.0; SLCC2; .NET CLR 3.5.30729; .NET CLR 3.0.30729; .NET CLR 2.0.50727; .NET4.0C; .NET4.0E)"
172.78.218.66 - - [17/Jun/2018:17:11:24 -0500] "GET /favicon.ico HTTP/1.1" 404 1190 "-" "Mozilla/4.0 (compatible; MSIE 7.0; Windows NT 6.1; Trident/6.0; SLCC2; .NET CLR 3.5.30729; .NET CLR 3.0.30729; .NET CLR 2.0.50727; .NET4.0C; .NET4.0E)"
64.139.99.241 - - [17/Jun/2018:17:11:30 -0500] "GET /home/dollarPhoneConfirm/100443/42698466 HTTP/1.1" 200 131 "http://www.myringring.net/home/addFunds" "Mozilla/5.0 (Windows NT 10.0; Win64; x64) AppleWebKit/537.36 (KHTML, like Gecko) Chrome/67.0.3396.87 Safari/537.36"
64.139.99.241 - - [17/Jun/2018:17:12:13 -0500] "GET /home HTTP/1.1" 200 44124 "http://www.myringring.net/home/addFunds" "Mozilla/5.0 (Windows NT 10.0; Win64; x64) AppleWebKit/537.36 (KHTML, like Gecko) Chrome/67.0.3396.87 Safari/537.36"
64.139.99.15 - - [17/Jun/2018:17:14:29 -0500] "GET /home/getRecipients/4411224786 HTTP/1.1" 200 2 "http://www.myringring.net/home/addFunds" "Mozilla/5.0 (Windows NT 6.1; Win64; x64) AppleWebKit/537.36 (KHTML, like Gecko) Chrome/67.0.3396.87 Safari/537.36"
64.139.99.241 - - [17/Jun/2018:17:14:33 -0500] "GET /home HTTP/1.1" 200 44124 "http://www.myringring.net/home" "Mozilla/5.0 (Windows NT 10.0; Win64; x64) AppleWebKit/537.36 (KHTML, like Gecko) Chrome/67.0.3396.87 Safari/537.36"
64.139.99.15 - - [17/Jun/2018:17:14:33 -0500] "GET /home/getProducts/mx HTTP/1.1" 200 4578 "http://www.myringring.net/home/addFunds" "Mozilla/5.0 (Windows NT 6.1; Win64; x64) AppleWebKit/537.36 (KHTML, like Gecko) Chrome/67.0.3396.87 Safari/537.36"
64.139.99.15 - - [17/Jun/2018:17:14:34 -0500] "GET /home/getProductByPhone/+5214411224786 HTTP/1.1" 200 91 "http://www.myringring.net/home/addFunds" "Mozilla/5.0 (Windows NT 6.1; Win64; x64) AppleWebKit/537.36 (KHTML, like Gecko) Chrome/67.0.3396.87 Safari/537.36"
64.139.99.15 - - [17/Jun/2018:17:15:18 -0500] "POST /home/addFunds HTTP/1.1" 200 48356 "http://www.myringring.net/home/addFunds" "Mozilla/5.0 (Windows NT 6.1; Win64; x64) AppleWebKit/537.36 (KHTML, like Gecko) Chrome/67.0.3396.87 Safari/537.36"
64.139.99.15 - - [17/Jun/2018:17:15:29 -0500] "GET /home/dollarPhoneConfirm/100444/42698560 HTTP/1.1" 200 101 "http://www.myringring.net/home/addFunds" "Mozilla/5.0 (Windows NT 6.1; Win64; x64) AppleWebKit/537.36 (KHTML, like Gecko) Chrome/67.0.3396.87 Safari/537.36"
64.139.99.15 - - [17/Jun/2018:17:15:40 -0500] "GET /home/dollarPhoneConfirm/100444/42698560 HTTP/1.1" 200 131 "http://www.myringring.net/home/addFunds" "Mozilla/5.0 (Windows NT 6.1; Win64; x64) AppleWebKit/537.36 (KHTML, like Gecko) Chrome/67.0.3396.87 Safari/537.36"
24.216.248.77 - - [17/Jun/2018:17:17:47 -0500] "GET /home/addFunds HTTP/1.1" 200 44273 "-" "Mozilla/5.0 (Windows NT 10.0; Win64; x64) AppleWebKit/537.36 (KHTML, like Gecko) Chrome/64.0.3282.140 Safari/537.36 Edge/17.17134"
24.18.114.115 - - [17/Jun/2018:17:17:52 -0500] "GET / HTTP/1.1" 200 2393 "-" "Mozilla/5.0 (Windows NT 10.0; Win64; x64) AppleWebKit/537.36 (KHTML, like Gecko) Chrome/67.0.3396.87 Safari/537.36"
24.18.114.115 - - [17/Jun/2018:17:17:52 -0500] "GET /css/style.css HTTP/1.1" 200 17924 "http://myringring.net/" "Mozilla/5.0 (Windows NT 10.0; Win64; x64) AppleWebKit/537.36 (KHTML, like Gecko) Chrome/67.0.3396.87 Safari/537.36"
24.18.114.115 - - [17/Jun/2018:17:17:52 -0500] "GET /js/jquery.validate.min.js HTTP/1.1" 200 22691 "http://myringring.net/" "Mozilla/5.0 (Windows NT 10.0; Win64; x64) AppleWebKit/537.36 (KHTML, like Gecko) Chrome/67.0.3396.87 Safari/537.36"
24.18.114.115 - - [17/Jun/2018:17:17:52 -0500] "GET /images/logo-myringring.png HTTP/1.1" 200 195499 "http://myringring.net/" "Mozilla/5.0 (Windows NT 10.0; Win64; x64) AppleWebKit/537.36 (KHTML, like Gecko) Chrome/67.0.3396.87 Safari/537.36"
24.18.114.115 - - [17/Jun/2018:17:17:52 -0500] "GET /images/seattle.jpg HTTP/1.1" 200 394562 "http://www.myringring.net/css/style.css" "Mozilla/5.0 (Windows NT 10.0; Win64; x64) AppleWebKit/537.36 (KHTML, like Gecko) Chrome/67.0.3396.87 Safari/537.36"
64.139.99.15 - - [17/Jun/2018:17:19:02 -0500] "GET /home/getRecipients/5097338127 HTTP/1.1" 200 267 "http://www.myringring.net/home/addFunds" "Mozilla/5.0 (Windows NT 6.1; Win64; x64) AppleWebKit/537.36 (KHTML, like Gecko) Chrome/67.0.3396.87 Safari/537.36"
64.139.99.15 - - [17/Jun/2018:17:19:10 -0500] "GET /home/getProducts/us HTTP/1.1" 200 15791 "http://www.myringring.net/home/addFunds" "Mozilla/5.0 (Windows NT 6.1; Win64; x64) AppleWebKit/537.36 (KHTML, like Gecko) Chrome/67.0.3396.87 Safari/537.36"
64.139.99.15 - - [17/Jun/2018:17:19:11 -0500] "GET /home/getProductByPhone/+15097338127 HTTP/1.1" 200 64 "http://www.myringring.net/home/addFunds" "Mozilla/5.0 (Windows NT 6.1; Win64; x64) AppleWebKit/537.36 (KHTML, like Gecko) Chrome/67.0.3396.87 Safari/537.36"
64.139.99.241 - - [17/Jun/2018:17:19:15 -0500] "GET /home/getRecipients/5097338245 HTTP/1.1" 200 2 "http://www.myringring.net/home" "Mozilla/5.0 (Windows NT 10.0; Win64; x64) AppleWebKit/537.36 (KHTML, like Gecko) Chrome/67.0.3396.87 Safari/537.36"
64.139.99.241 - - [17/Jun/2018:17:19:18 -0500] "GET /home/getProducts/us HTTP/1.1" 200 15791 "http://www.myringring.net/home" "Mozilla/5.0 (Windows NT 10.0; Win64; x64) AppleWebKit/537.36 (KHTML, like Gecko) Chrome/67.0.3396.87 Safari/537.36"
64.139.99.241 - - [17/Jun/2018:17:19:18 -0500] "GET /home/getProductByPhone/+15097338245 HTTP/1.1" 200 64 "http://www.myringring.net/home" "Mozilla/5.0 (Windows NT 10.0; Win64; x64) AppleWebKit/537.36 (KHTML, like Gecko) Chrome/67.0.3396.87 Safari/537.36"
64.139.99.15 - - [17/Jun/2018:17:19:25 -0500] "POST /home/addFunds HTTP/1.1" 200 48347 "http://www.myringring.net/home/addFunds" "Mozilla/5.0 (Windows NT 6.1; Win64; x64) AppleWebKit/537.36 (KHTML, like Gecko) Chrome/67.0.3396.87 Safari/537.36"
64.139.99.241 - - [17/Jun/2018:17:19:26 -0500] "POST /home/addFunds HTTP/1.1" 200 48362 "http://www.myringring.net/home" "Mozilla/5.0 (Windows NT 10.0; Win64; x64) AppleWebKit/537.36 (KHTML, like Gecko) Chrome/67.0.3396.87 Safari/537.36"
64.139.99.15 - - [17/Jun/2018:17:19:36 -0500] "GET /home/logicalConfirm/100445/11573 HTTP/1.1" 200 20 "http://www.myringring.net/home/addFunds" "Mozilla/5.0 (Windows NT 6.1; Win64; x64) AppleWebKit/537.36 (KHTML, like Gecko) Chrome/67.0.3396.87 Safari/537.36"
64.139.99.241 - - [17/Jun/2018:17:19:37 -0500] "GET /home/dollarPhoneConfirm/100446/42698647 HTTP/1.1" 200 127 "http://www.myringring.net/home/addFunds" "Mozilla/5.0 (Windows NT 10.0; Win64; x64) AppleWebKit/537.36 (KHTML, like Gecko) Chrome/67.0.3396.87 Safari/537.36"
64.139.99.15 - - [17/Jun/2018:17:19:46 -0500] "GET /home/logicalConfirm/100445/11573 HTTP/1.1" 200 125 "http://www.myringring.net/home/addFunds" "Mozilla/5.0 (Windows NT 6.1; Win64; x64) AppleWebKit/537.36 (KHTML, like Gecko) Chrome/67.0.3396.87 Safari/537.36"
71.212.15.243 - - [17/Jun/2018:17:22:12 -0500] "GET /clientCtrl/transactionsList HTTP/1.1" 200 63231 "http://www.myringring.net/home" "Mozilla/5.0 (Windows NT 10.0; Win64; x64) AppleWebKit/537.36 (KHTML, like Gecko) Chrome/67.0.3396.87 Safari/537.36"
54.175.56.249 - - [17/Jun/2018:17:22:18 -0500] "GET /clientCtrl/transactionsList HTTP/1.1" 307 - "-" "Mozilla/5.0 (compatible; proximic; +https://www.comscore.com/Web-Crawler)"
54.175.56.249 - - [17/Jun/2018:17:22:18 -0500] "GET /login HTTP/1.1" 200 2393 "-" "Mozilla/5.0 (compatible; proximic; +https://www.comscore.com/Web-Crawler)"
35.164.216.192 - - [17/Jun/2018:17:22:24 -0500] "GET / HTTP/1.1" 200 2393 "-" "Go-http-client/1.1"
24.223.83.189 - - [17/Jun/2018:17:22:38 -0500] "GET / HTTP/1.1" 200 2393 "-" "Mozilla/5.0 (Linux; Android 5.1.1; KFFOWI Build/LVY48F) AppleWebKit/537.36 (KHTML, like Gecko) Silk/66.3.1 like Chrome/66.0.3359.158 Safari/537.36"
66.249.69.110 - - [17/Jun/2018:17:22:42 -0500] "GET /clientCtrl/transactionsList HTTP/1.1" 307 - "-" "Mediapartners-Google"
66.249.69.110 - - [17/Jun/2018:17:22:43 -0500] "GET /login HTTP/1.1" 200 2393 "-" "Mediapartners-Google"
199.36.94.231 - - [17/Jun/2018:17:22:47 -0500] "GET /home/getRecipients/5094702205 HTTP/1.1" 200 256 "http://www.myringring.net/home/addFunds" "Mozilla/5.0 (iPad; CPU OS 11_3 like Mac OS X) AppleWebKit/605.1.15 (KHTML, like Gecko) Version/11.0 Mobile/15E148 Safari/604.1"
199.36.94.231 - - [17/Jun/2018:17:22:54 -0500] "POST /home/addFunds HTTP/1.1" 200 48356 "http://www.myringring.net/home/addFunds" "Mozilla/5.0 (iPad; CPU OS 11_3 like Mac OS X) AppleWebKit/605.1.15 (KHTML, like Gecko) Version/11.0 Mobile/15E148 Safari/604.1"
199.36.94.231 - - [17/Jun/2018:17:22:55 -0500] "GET /uploads/news-tigopequenookk.png HTTP/1.1" 304 - "http://www.myringring.net/home/addFunds" "Mozilla/5.0 (iPad; CPU OS 11_3 like Mac OS X) AppleWebKit/605.1.15 (KHTML, like Gecko) Version/11.0 Mobile/15E148 Safari/604.1"
71.212.15.243 - - [17/Jun/2018:17:23:04 -0500] "GET /js/fancybox/fancybox_sprite.png HTTP/1.1" 200 1362 "http://www.myringring.net/js/fancybox/jquery.fancybox.css" "Mozilla/5.0 (Windows NT 10.0; Win64; x64) AppleWebKit/537.36 (KHTML, like Gecko) Chrome/67.0.3396.87 Safari/537.36"
71.212.15.243 - - [17/Jun/2018:17:23:04 -0500] "GET /js/fancybox/fancybox_loading.gif HTTP/1.1" 200 6567 "http://www.myringring.net/js/fancybox/jquery.fancybox.css" "Mozilla/5.0 (Windows NT 10.0; Win64; x64) AppleWebKit/537.36 (KHTML, like Gecko) Chrome/67.0.3396.87 Safari/537.36"
71.212.15.243 - - [17/Jun/2018:17:23:04 -0500] "GET /js/fancybox/fancybox_overlay.png HTTP/1.1" 200 1003 "http://www.myringring.net/js/fancybox/jquery.fancybox.css" "Mozilla/5.0 (Windows NT 10.0; Win64; x64) AppleWebKit/537.36 (KHTML, like Gecko) Chrome/67.0.3396.87 Safari/537.36"
71.212.15.243 - - [17/Jun/2018:17:23:04 -0500] "GET /printThermo/index/100437 HTTP/1.1" 200 1781 "http://www.myringring.net/clientCtrl/transactionsList" "Mozilla/5.0 (Windows NT 10.0; Win64; x64) AppleWebKit/537.36 (KHTML, like Gecko) Chrome/67.0.3396.87 Safari/537.36"
199.36.94.231 - - [17/Jun/2018:17:23:05 -0500] "GET /home/dollarPhoneConfirm/100447/42698725 HTTP/1.1" 200 127 "http://www.myringring.net/home/addFunds" "Mozilla/5.0 (iPad; CPU OS 11_3 like Mac OS X) AppleWebKit/605.1.15 (KHTML, like Gecko) Version/11.0 Mobile/15E148 Safari/604.1"
71.212.15.243 - - [17/Jun/2018:17:23:46 -0500] "GET /home HTTP/1.1" 200 45797 "http://www.myringring.net/clientCtrl/transactionsList" "Mozilla/5.0 (Windows NT 10.0; Win64; x64) AppleWebKit/537.36 (KHTML, like Gecko) Chrome/67.0.3396.87 Safari/537.36"
24.223.83.189 - - [17/Jun/2018:17:23:47 -0500] "GET / HTTP/1.1" 200 2393 "-" "Mozilla/5.0 (Linux; Android 5.1.1; KFFOWI Build/LVY48F) AppleWebKit/537.36 (KHTML, like Gecko) Silk/66.3.1 like Chrome/66.0.3359.158 Safari/537.36"
24.216.234.222 - - [17/Jun/2018:17:23:56 -0500] "GET /home/getRecipients/3609320966 HTTP/1.1" 200 664 "http://www.myringring.net/home/addFunds" "Mozilla/5.0 (Windows NT 6.1; Win64; x64) AppleWebKit/537.36 (KHTML, like Gecko) Chrome/67.0.3396.87 Safari/537.36"
24.216.234.222 - - [17/Jun/2018:17:23:57 -0500] "GET /uploads/metro.png HTTP/1.1" 200 6842 "http://www.myringring.net/home/addFunds" "Mozilla/5.0 (Windows NT 6.1; Win64; x64) AppleWebKit/537.36 (KHTML, like Gecko) Chrome/67.0.3396.87 Safari/537.36"
24.216.234.222 - - [17/Jun/2018:17:23:57 -0500] "GET /uploads/tigopequenookk.png HTTP/1.1" 200 6789 "http://www.myringring.net/home/addFunds" "Mozilla/5.0 (Windows NT 6.1; Win64; x64) AppleWebKit/537.36 (KHTML, like Gecko) Chrome/67.0.3396.87 Safari/537.36"
24.216.234.222 - - [17/Jun/2018:17:24:46 -0500] "GET /home/getProducts/gt HTTP/1.1" 200 3399 "http://www.myringring.net/home/addFunds" "Mozilla/5.0 (Windows NT 6.1; Win64; x64) AppleWebKit/537.36 (KHTML, like Gecko) Chrome/67.0.3396.87 Safari/537.36"
24.216.234.222 - - [17/Jun/2018:17:24:46 -0500] "GET /uploads/claro-ok-ok.png HTTP/1.1" 200 7284 "http://www.myringring.net/home/addFunds" "Mozilla/5.0 (Windows NT 6.1; Win64; x64) AppleWebKit/537.36 (KHTML, like Gecko) Chrome/67.0.3396.87 Safari/537.36"
24.216.234.222 - - [17/Jun/2018:17:24:46 -0500] "GET /uploads/tigo-pequeno-ok-ok.png HTTP/1.1" 200 6789 "http://www.myringring.net/home/addFunds" "Mozilla/5.0 (Windows NT 6.1; Win64; x64) AppleWebKit/537.36 (KHTML, like Gecko) Chrome/67.0.3396.87 Safari/537.36"
24.216.234.222 - - [17/Jun/2018:17:24:46 -0500] "GET /uploads/claro-ok.png HTTP/1.1" 200 55530 "http://www.myringring.net/home/addFunds" "Mozilla/5.0 (Windows NT 6.1; Win64; x64) AppleWebKit/537.36 (KHTML, like Gecko) Chrome/67.0.3396.87 Safari/537.36"
24.216.234.222 - - [17/Jun/2018:17:24:46 -0500] "GET /home/getProductByPhone/+50248247601 HTTP/1.1" 200 90 "http://www.myringring.net/home/addFunds" "Mozilla/5.0 (Windows NT 6.1; Win64; x64) AppleWebKit/537.36 (KHTML, like Gecko) Chrome/67.0.3396.87 Safari/537.36"
24.216.234.222 - - [17/Jun/2018:17:25:26 -0500] "POST /home/addFunds HTTP/1.1" 200 48354 "http://www.myringring.net/home/addFunds" "Mozilla/5.0 (Windows NT 6.1; Win64; x64) AppleWebKit/537.36 (KHTML, like Gecko) Chrome/67.0.3396.87 Safari/537.36"
24.216.234.222 - - [17/Jun/2018:17:25:27 -0500] "GET /uploads/news-claro-2.png HTTP/1.1" 304 - "http://www.myringring.net/home/addFunds" "Mozilla/5.0 (Windows NT 6.1; Win64; x64) AppleWebKit/537.36 (KHTML, like Gecko) Chrome/67.0.3396.87 Safari/537.36"
24.216.234.222 - - [17/Jun/2018:17:25:37 -0500] "GET /home/dollarPhoneConfirm/100448/42698773 HTTP/1.1" 200 127 "http://www.myringring.net/home/addFunds" "Mozilla/5.0 (Windows NT 6.1; Win64; x64) AppleWebKit/537.36 (KHTML, like Gecko) Chrome/67.0.3396.87 Safari/537.36"
148.64.56.69 - - [17/Jun/2018:17:26:54 -0500] "GET /robots.txt HTTP/1.1" 404 1190 "-" "Mozilla/5.0 (compatible; GrapeshotCrawler/2.0; +http://www.grapeshot.co.uk/crawler.php)"
148.64.56.69 - - [17/Jun/2018:17:26:58 -0500] "GET /home HTTP/1.1" 307 - "-" "Mozilla/5.0 (compatible; GrapeshotCrawler/2.0; +http://www.grapeshot.co.uk/crawler.php)"
206.16.134.28 - - [17/Jun/2018:17:27:27 -0500] "GET /home HTTP/1.1" 307 - "-" "Mozilla/5.0 (Windows NT 6.1; WOW64; rv:29.0) Gecko/20120101 Firefox/29.0"
206.16.134.28 - - [17/Jun/2018:17:27:27 -0500] "GET /login HTTP/1.1" 200 2393 "-" "Mozilla/5.0 (Windows NT 6.1; WOW64; rv:29.0) Gecko/20120101 Firefox/29.0"
172.4.41.139 - - [17/Jun/2018:17:28:18 -0500] "GET / HTTP/1.1" 200 2393 "-" "Mozilla/5.0 (Windows NT 6.1; Win64; x64) AppleWebKit/537.36 (KHTML, like Gecko) Chrome/67.0.3396.87 Safari/537.36"
172.4.41.139 - - [17/Jun/2018:17:28:19 -0500] "POST /login/authenticate HTTP/1.1" 303 - "http://myringring.net/" "Mozilla/5.0 (Windows NT 6.1; Win64; x64) AppleWebKit/537.36 (KHTML, like Gecko) Chrome/67.0.3396.87 Safari/537.36"
172.4.41.139 - - [17/Jun/2018:17:28:20 -0500] "GET /home HTTP/1.1" 200 44118 "http://myringring.net/" "Mozilla/5.0 (Windows NT 6.1; Win64; x64) AppleWebKit/537.36 (KHTML, like Gecko) Chrome/67.0.3396.87 Safari/537.36"
172.4.41.139 - - [17/Jun/2018:17:28:33 -0500] "GET /home/getRecipients/8327048159 HTTP/1.1" 200 294 "http://www.myringring.net/home" "Mozilla/5.0 (Windows NT 6.1; Win64; x64) AppleWebKit/537.36 (KHTML, like Gecko) Chrome/67.0.3396.87 Safari/537.36"
189.216.148.13 - - [17/Jun/2018:17:29:29 -0500] "POST /admin/transactionsList HTTP/1.1" 200 99651 "http://www.myringring.net/admin/transactionsList" "Mozilla/5.0 (Macintosh; Intel Mac OS X 10_12_6) AppleWebKit/537.36 (KHTML, like Gecko) Chrome/67.0.3396.87 Safari/537.36"
172.4.41.139 - - [17/Jun/2018:17:29:31 -0500] "GET /home/getProducts/mx HTTP/1.1" 200 4578 "http://www.myringring.net/home" "Mozilla/5.0 (Windows NT 6.1; Win64; x64) AppleWebKit/537.36 (KHTML, like Gecko) Chrome/67.0.3396.87 Safari/537.36"
172.4.41.139 - - [17/Jun/2018:17:29:31 -0500] "GET /home/getProductByPhone/+5217223934553 HTTP/1.1" 200 91 "http://www.myringring.net/home" "Mozilla/5.0 (Windows NT 6.1; Win64; x64) AppleWebKit/537.36 (KHTML, like Gecko) Chrome/67.0.3396.87 Safari/537.36"
189.216.148.13 - - [17/Jun/2018:17:29:55 -0500] "POST /login/authenticate HTTP/1.1" 303 - "http://www.myringring.net/login" "Mozilla/5.0 (Macintosh; Intel Mac OS X 10_12_6) AppleWebKit/605.1.15 (KHTML, like Gecko) Version/11.1.1 Safari/605.1.15"
189.216.148.13 - - [17/Jun/2018:17:29:55 -0500] "GET /home HTTP/1.1" 200 44258 "http://www.myringring.net/login" "Mozilla/5.0 (Macintosh; Intel Mac OS X 10_12_6) AppleWebKit/605.1.15 (KHTML, like Gecko) Version/11.1.1 Safari/605.1.15"
189.216.148.13 - - [17/Jun/2018:17:29:56 -0500] "GET /uploads/news-claro-2.png HTTP/1.1" 304 - "http://www.myringring.net/home" "Mozilla/5.0 (Macintosh; Intel Mac OS X 10_12_6) AppleWebKit/605.1.15 (KHTML, like Gecko) Version/11.1.1 Safari/605.1.15"
189.216.148.13 - - [17/Jun/2018:17:29:58 -0500] "GET /clientCtrl/pinlessAccess HTTP/1.1" 200 12262 "http://www.myringring.net/home" "Mozilla/5.0 (Macintosh; Intel Mac OS X 10_12_6) AppleWebKit/605.1.15 (KHTML, like Gecko) Version/11.1.1 Safari/605.1.15"
189.216.148.13 - - [17/Jun/2018:17:29:59 -0500] "GET /js/modules/pinless_admin.js HTTP/1.1" 200 3363 "http://www.myringring.net/clientCtrl/pinlessAccess" "Mozilla/5.0 (Macintosh; Intel Mac OS X 10_12_6) AppleWebKit/605.1.15 (KHTML, like Gecko) Version/11.1.1 Safari/605.1.15"
174.216.14.122 - - [17/Jun/2018:17:30:07 -0500] "GET /home HTTP/1.1" 200 6876 "http://www.myringring.net/home" "Mozilla/5.0 (Linux; Android 7.0; SM-T818V Build/NRD90M) AppleWebKit/537.36 (KHTML, like Gecko) Chrome/66.0.3359.158 Safari/537.36"
174.216.14.122 - - [17/Jun/2018:17:30:11 -0500] "GET /report/guestsNumbers HTTP/1.1" 200 7281 "http://www.myringring.net/home" "Mozilla/5.0 (Linux; Android 7.0; SM-T818V Build/NRD90M) AppleWebKit/537.36 (KHTML, like Gecko) Chrome/66.0.3359.158 Safari/537.36"
174.216.14.122 - - [17/Jun/2018:17:30:13 -0500] "GET /report/guestsNumbersDeleteAll HTTP/1.1" 200 6883 "http://www.myringring.net/report/guestsNumbers" "Mozilla/5.0 (Linux; Android 7.0; SM-T818V Build/NRD90M) AppleWebKit/537.36 (KHTML, like Gecko) Chrome/66.0.3359.158 Safari/537.36"
174.216.14.122 - - [17/Jun/2018:17:30:16 -0500] "GET /home HTTP/1.1" 200 6876 "http://www.myringring.net/report/guestsNumbersDeleteAll" "Mozilla/5.0 (Linux; Android 7.0; SM-T818V Build/NRD90M) AppleWebKit/537.36 (KHTML, like Gecko) Chrome/66.0.3359.158 Safari/537.36"
64.139.99.241 - - [17/Jun/2018:17:30:23 -0500] "GET /home HTTP/1.1" 200 44122 "http://www.myringring.net/home/addFunds" "Mozilla/5.0 (Windows NT 10.0; Win64; x64) AppleWebKit/537.36 (KHTML, like Gecko) Chrome/67.0.3396.87 Safari/537.36"
64.139.99.241 - - [17/Jun/2018:17:30:58 -0500] "GET /home/getRecipients/5097338269 HTTP/1.1" 307 - "http://www.myringring.net/home/addFunds" "Mozilla/5.0 (Windows NT 10.0; Win64; x64) AppleWebKit/537.36 (KHTML, like Gecko) Chrome/66.0.3359.181 Safari/537.36"
64.139.99.241 - - [17/Jun/2018:17:30:58 -0500] "GET /login HTTP/1.1" 200 2393 "http://www.myringring.net/home/addFunds" "Mozilla/5.0 (Windows NT 10.0; Win64; x64) AppleWebKit/537.36 (KHTML, like Gecko) Chrome/66.0.3359.181 Safari/537.36"
64.139.99.241 - - [17/Jun/2018:17:31:02 -0500] "POST /home/addFunds HTTP/1.1" 303 - "http://www.myringring.net/home" "Mozilla/5.0 (Windows NT 10.0; Win64; x64) AppleWebKit/537.36 (KHTML, like Gecko) Chrome/66.0.3359.181 Safari/537.36"
64.139.99.241 - - [17/Jun/2018:17:31:02 -0500] "GET /login HTTP/1.1" 200 2393 "http://www.myringring.net/home" "Mozilla/5.0 (Windows NT 10.0; Win64; x64) AppleWebKit/537.36 (KHTML, like Gecko) Chrome/66.0.3359.181 Safari/537.36"
64.139.99.241 - - [17/Jun/2018:17:31:03 -0500] "GET /images/seattle.jpg HTTP/1.1" 200 394562 "http://www.myringring.net/css/style.css" "Mozilla/5.0 (Windows NT 10.0; Win64; x64) AppleWebKit/537.36 (KHTML, like Gecko) Chrome/66.0.3359.181 Safari/537.36"
64.139.99.241 - - [17/Jun/2018:17:31:05 -0500] "POST /login/authenticate HTTP/1.1" 303 - "http://www.myringring.net/login" "Mozilla/5.0 (Windows NT 10.0; Win64; x64) AppleWebKit/537.36 (KHTML, like Gecko) Chrome/66.0.3359.181 Safari/537.36"
64.139.99.241 - - [17/Jun/2018:17:31:05 -0500] "GET /home HTTP/1.1" 200 44122 "http://www.myringring.net/login" "Mozilla/5.0 (Windows NT 10.0; Win64; x64) AppleWebKit/537.36 (KHTML, like Gecko) Chrome/66.0.3359.181 Safari/537.36"
64.139.99.241 - - [17/Jun/2018:17:31:13 -0500] "GET /home/getRecipients/5097338269 HTTP/1.1" 200 2 "http://www.myringring.net/home" "Mozilla/5.0 (Windows NT 10.0; Win64; x64) AppleWebKit/537.36 (KHTML, like Gecko) Chrome/66.0.3359.181 Safari/537.36"
64.139.99.241 - - [17/Jun/2018:17:31:16 -0500] "GET /home/getProducts/us HTTP/1.1" 200 15791 "http://www.myringring.net/home" "Mozilla/5.0 (Windows NT 10.0; Win64; x64) AppleWebKit/537.36 (KHTML, like Gecko) Chrome/66.0.3359.181 Safari/537.36"
64.139.99.241 - - [17/Jun/2018:17:31:16 -0500] "GET /uploads/at&t-logo-2016.png HTTP/1.1" 200 10971 "http://www.myringring.net/home" "Mozilla/5.0 (Windows NT 10.0; Win64; x64) AppleWebKit/537.36 (KHTML, like Gecko) Chrome/66.0.3359.181 Safari/537.36"
64.139.99.241 - - [17/Jun/2018:17:31:16 -0500] "GET /uploads/boost.png HTTP/1.1" 200 8210 "http://www.myringring.net/home" "Mozilla/5.0 (Windows NT 10.0; Win64; x64) AppleWebKit/537.36 (KHTML, like Gecko) Chrome/66.0.3359.181 Safari/537.36"
64.139.99.241 - - [17/Jun/2018:17:31:16 -0500] "GET /uploads/cricket-pequeno.png HTTP/1.1" 200 5064 "http://www.myringring.net/home" "Mozilla/5.0 (Windows NT 10.0; Win64; x64) AppleWebKit/537.36 (KHTML, like Gecko) Chrome/66.0.3359.181 Safari/537.36"
64.139.99.241 - - [17/Jun/2018:17:31:16 -0500] "GET /uploads/easygo-ok.png HTTP/1.1" 200 4638 "http://www.myringring.net/home" "Mozilla/5.0 (Windows NT 10.0; Win64; x64) AppleWebKit/537.36 (KHTML, like Gecko) Chrome/66.0.3359.181 Safari/537.36"
64.139.99.241 - - [17/Jun/2018:17:31:16 -0500] "GET /uploads/att-ok.png HTTP/1.1" 200 32670 "http://www.myringring.net/home" "Mozilla/5.0 (Windows NT 10.0; Win64; x64) AppleWebKit/537.36 (KHTML, like Gecko) Chrome/66.0.3359.181 Safari/537.36"
64.139.99.241 - - [17/Jun/2018:17:31:16 -0500] "GET /uploads/h2o-mas-pequeno.png HTTP/1.1" 200 3800 "http://www.myringring.net/home" "Mozilla/5.0 (Windows NT 10.0; Win64; x64) AppleWebKit/537.36 (KHTML, like Gecko) Chrome/66.0.3359.181 Safari/537.36"
64.139.99.241 - - [17/Jun/2018:17:31:16 -0500] "GET /uploads/metro.png HTTP/1.1" 200 6842 "http://www.myringring.net/home" "Mozilla/5.0 (Windows NT 10.0; Win64; x64) AppleWebKit/537.36 (KHTML, like Gecko) Chrome/66.0.3359.181 Safari/537.36"
64.139.99.241 - - [17/Jun/2018:17:31:16 -0500] "GET /uploads/h2o-ok-ok.png HTTP/1.1" 200 13459 "http://www.myringring.net/home" "Mozilla/5.0 (Windows NT 10.0; Win64; x64) AppleWebKit/537.36 (KHTML, like Gecko) Chrome/66.0.3359.181 Safari/537.36"
64.139.99.241 - - [17/Jun/2018:17:31:16 -0500] "GET /uploads/lykaok.png HTTP/1.1" 200 7803 "http://www.myringring.net/home" "Mozilla/5.0 (Windows NT 10.0; Win64; x64) AppleWebKit/537.36 (KHTML, like Gecko) Chrome/66.0.3359.181 Safari/537.36"
