73.32.133.141 - - [17/Jun/2018:08:04:11 -0500] "GET /home HTTP/1.1" 307 - "-" "Mozilla/5.0 (Windows NT 6.1; Trident/7.0; rv:11.0) like Gecko"
204.195.78.38 - - [17/Jun/2018:08:29:34 -0500] "GET /home HTTP/1.1" 307 - "-" "Mozilla/5.0 (Macintosh; Intel Mac OS X 10_13_5) AppleWebKit/537.36 (KHTML, like Gecko) Chrome/67.0.3396.87 Safari/537.36"
172.0.33.115 - - [17/Jun/2018:09:10:19 -0500] "GET /login HTTP/1.1" 200 2413 "-" "Mozilla/5.0 (Windows NT 6.1; Win64; x64) AppleWebKit/537.36 (KHTML, like Gecko) Chrome/67.0.3396.87 Safari/537.36"
172.0.33.115 - - [17/Jun/2018:09:10:48 -0500] "GET /home HTTP/1.1" 307 - "-" "Mozilla/5.0 (Windows NT 6.1; Win64; x64) AppleWebKit/537.36 (KHTML, like Gecko) Chrome/67.0.3396.87 Safari/537.36"
162.193.19.97 - - [17/Jun/2018:09:23:06 -0500] "GET /home HTTP/1.1" 307 - "-" "Mozilla/5.0 (Windows NT 10.0; Win64; x64) AppleWebKit/537.36 (KHTML, like Gecko) Chrome/67.0.3396.87 Safari/537.36"
162.193.19.97 - - [17/Jun/2018:09:23:29 -0500] "GET /home/addFunds HTTP/1.1" 307 - "-" "Mozilla/5.0 (Windows NT 10.0; Win64; x64) AppleWebKit/537.36 (KHTML, like Gecko) Chrome/67.0.3396.87 Safari/537.36"
162.193.19.97 - - [17/Jun/2018:09:23:34 -0500] "GET /home/addFunds HTTP/1.1" 307 - "-" "Mozilla/5.0 (Windows NT 10.0; Win64; x64) AppleWebKit/537.36 (KHTML, like Gecko) Chrome/67.0.3396.87 Safari/537.36"
162.193.19.97 - - [17/Jun/2018:09:23:34 -0500] "GET /home/addFunds HTTP/1.1" 307 - "-" "Mozilla/5.0 (Windows NT 10.0; Win64; x64) AppleWebKit/537.36 (KHTML, like Gecko) Chrome/67.0.3396.87 Safari/537.36"
162.193.19.97 - - [17/Jun/2018:09:28:46 -0500] "GET /reportsCtrl/invoices HTTP/1.1" 307 - "-" "Mozilla/5.0 (Windows NT 10.0; Win64; x64) AppleWebKit/537.36 (KHTML, like Gecko) Chrome/67.0.3396.87 Safari/537.36"
71.93.20.53 - - [17/Jun/2018:09:30:55 -0500] "GET /home HTTP/1.1" 307 - "-" "Mozilla/5.0 (Windows NT 10.0; Win64; x64) AppleWebKit/537.36 (KHTML, like Gecko) Chrome/67.0.3396.87 Safari/537.36"
71.93.20.53 - - [17/Jun/2018:09:31:05 -0500] "GET /home HTTP/1.1" 307 - "-" "Mozilla/5.0 (Windows NT 10.0; Win64; x64) AppleWebKit/537.36 (KHTML, like Gecko) Chrome/67.0.3396.87 Safari/537.36"
71.93.20.53 - - [17/Jun/2018:09:31:27 -0500] "GET /home HTTP/1.1" 307 - "-" "Mozilla/5.0 (Windows NT 10.0; Win64; x64) AppleWebKit/537.36 (KHTML, like Gecko) Chrome/67.0.3396.87 Safari/537.36"
71.93.20.53 - - [17/Jun/2018:09:33:21 -0500] "GET /home HTTP/1.1" 307 - "-" "Mozilla/5.0 (Windows NT 10.0; WOW64; Trident/7.0; Touch; rv:11.0) like Gecko"
71.93.20.53 - - [17/Jun/2018:09:33:36 -0500] "GET /home HTTP/1.1" 307 - "-" "Mozilla/5.0 (Windows NT 10.0; Win64; x64) AppleWebKit/537.36 (KHTML, like Gecko) Chrome/67.0.3396.87 Safari/537.36"
73.32.133.141 - - [17/Jun/2018:09:35:49 -0500] "GET /home HTTP/1.1" 307 - "-" "Mozilla/5.0 (Windows NT 6.1; Trident/7.0; rv:11.0) like Gecko"
173.11.134.186 - - [17/Jun/2018:09:46:51 -0500] "GET /home HTTP/1.1" 307 - "-" "Mozilla/5.0 (Windows NT 10.0; WOW64; Trident/7.0; rv:11.0) like Gecko"
76.193.66.172 - - [17/Jun/2018:10:10:07 -0500] "GET /home HTTP/1.1" 307 - "-" "Mozilla/5.0 (Linux; Android 7.0; SAMSUNG SM-N920A Build/NRD90M) AppleWebKit/537.36 (KHTML, like Gecko) SamsungBrowser/6.4 Chrome/56.0.2924.87 Mobile Safari/537.36"
76.193.66.172 - - [17/Jun/2018:10:10:11 -0500] "GET /home HTTP/1.1" 307 - "-" "Mozilla/5.0 (Linux; Android 7.0; SAMSUNG SM-N920A Build/NRD90M) AppleWebKit/537.36 (KHTML, like Gecko) SamsungBrowser/6.4 Chrome/56.0.2924.87 Mobile Safari/537.36"
76.193.66.172 - - [17/Jun/2018:10:17:21 -0500] "GET /home HTTP/1.1" 307 - "-" "Mozilla/5.0 (Linux; Android 7.0; SAMSUNG SM-N920A Build/NRD90M) AppleWebKit/537.36 (KHTML, like Gecko) SamsungBrowser/6.4 Chrome/56.0.2924.87 Mobile Safari/537.36"
174.208.4.152 - - [17/Jun/2018:10:19:32 -0500] "GET /home HTTP/1.1" 307 - "-" "Mozilla/5.0 (iPad; CPU OS 10_0_1 like Mac OS X) AppleWebKit/602.1.50 (KHTML, like Gecko) Version/10.0 Mobile/14A403 Safari/602.1"
174.208.4.152 - - [17/Jun/2018:10:23:19 -0500] "GET /home HTTP/1.1" 307 - "-" "Mozilla/5.0 (iPad; CPU OS 10_0_1 like Mac OS X) AppleWebKit/602.1.50 (KHTML, like Gecko) Version/10.0 Mobile/14A403 Safari/602.1"
73.240.51.13 - - [17/Jun/2018:10:27:42 -0500] "GET /home HTTP/1.1" 307 - "-" "Mozilla/5.0 (iPhone; CPU iPhone OS 11_3 like Mac OS X) AppleWebKit/605.1.15 (KHTML, like Gecko) Version/11.0 Mobile/15E148 Safari/604.1"
71.193.163.1 - - [17/Jun/2018:10:34:48 -0500] "GET /home HTTP/1.1" 307 - "-" "Mozilla/5.0 (Windows NT 6.1; Win64; x64) AppleWebKit/537.36 (KHTML, like Gecko) Chrome/67.0.3396.87 Safari/537.36"
71.193.163.1 - - [17/Jun/2018:10:35:07 -0500] "GET /home HTTP/1.1" 307 - "-" "Mozilla/5.0 (Windows NT 6.1; Win64; x64) AppleWebKit/537.36 (KHTML, like Gecko) Chrome/67.0.3396.87 Safari/537.36"
172.76.112.37 - - [17/Jun/2018:10:40:07 -0500] "GET /home HTTP/1.1" 307 - "https://www.myringring.net/home" "Mozilla/5.0 (Windows NT 10.0) AppleWebKit/537.36 (KHTML, like Gecko) Chrome/67.0.3396.87 Safari/537.36"
172.76.112.37 - - [17/Jun/2018:10:40:20 -0500] "GET /home HTTP/1.1" 307 - "-" "Mozilla/5.0 (Windows NT 10.0) AppleWebKit/537.36 (KHTML, like Gecko) Chrome/67.0.3396.87 Safari/537.36"
172.76.112.37 - - [17/Jun/2018:10:40:40 -0500] "GET /home HTTP/1.1" 307 - "-" "Mozilla/5.0 (Windows NT 10.0) AppleWebKit/537.36 (KHTML, like Gecko) Chrome/67.0.3396.87 Safari/537.36"
172.76.112.37 - - [17/Jun/2018:10:40:51 -0500] "GET /home HTTP/1.1" 307 - "-" "Mozilla/5.0 (Windows NT 10.0) AppleWebKit/537.36 (KHTML, like Gecko) Chrome/67.0.3396.87 Safari/537.36"
76.193.66.172 - - [17/Jun/2018:10:41:28 -0500] "GET /home HTTP/1.1" 307 - "-" "Mozilla/5.0 (Linux; Android 7.0; SAMSUNG SM-N920A Build/NRD90M) AppleWebKit/537.36 (KHTML, like Gecko) SamsungBrowser/6.4 Chrome/56.0.2924.87 Mobile Safari/537.36"
172.76.112.37 - - [17/Jun/2018:10:41:58 -0500] "GET /home HTTP/1.1" 307 - "-" "Mozilla/5.0 (Windows NT 10.0) AppleWebKit/537.36 (KHTML, like Gecko) Chrome/67.0.3396.87 Safari/537.36"
174.216.34.4 - - [17/Jun/2018:11:00:53 -0500] "GET /home HTTP/1.1" 307 - "-" "Mozilla/5.0 (Windows NT 10.0; Win64; x64) AppleWebKit/537.36 (KHTML, like Gecko) Chrome/66.0.3359.181 Safari/537.36"
174.216.34.4 - - [17/Jun/2018:11:00:53 -0500] "GET /home HTTP/1.1" 307 - "-" "Mozilla/5.0 (Windows NT 10.0; Win64; x64) AppleWebKit/537.36 (KHTML, like Gecko) Chrome/66.0.3359.181 Safari/537.36"
174.216.34.4 - - [17/Jun/2018:11:01:53 -0500] "GET /home HTTP/1.1" 307 - "-" "Mozilla/5.0 (Linux; Android 7.0; SM-J327V Build/NRD90M) AppleWebKit/537.36 (KHTML, like Gecko) Chrome/67.0.3396.87 Mobile Safari/537.36"
174.216.34.4 - - [17/Jun/2018:11:03:44 -0500] "GET / HTTP/1.1" 200 2413 "https://www.searchencrypt.com/" "Mozilla/5.0 (Windows NT 10.0; Win64; x64) AppleWebKit/537.36 (KHTML, like Gecko) Chrome/66.0.3359.181 Safari/537.36"
70.90.185.14 - - [17/Jun/2018:11:09:09 -0500] "GET /home HTTP/1.1" 307 - "-" "Mozilla/5.0 (Windows NT 6.1; Win64; x64) AppleWebKit/537.36 (KHTML, like Gecko) Chrome/67.0.3396.87 Safari/537.36"
70.90.185.14 - - [17/Jun/2018:11:09:20 -0500] "GET /home HTTP/1.1" 307 - "-" "Mozilla/5.0 (Windows NT 6.1; Win64; x64) AppleWebKit/537.36 (KHTML, like Gecko) Chrome/67.0.3396.87 Safari/537.36"
70.90.185.14 - - [17/Jun/2018:11:09:25 -0500] "GET /home HTTP/1.1" 307 - "-" "Mozilla/5.0 (Windows NT 6.1; Win64; x64) AppleWebKit/537.36 (KHTML, like Gecko) Chrome/67.0.3396.87 Safari/537.36"
174.216.34.4 - - [17/Jun/2018:11:10:12 -0500] "GET / HTTP/1.1" 200 2413 "https://www.searchencrypt.com/" "Mozilla/5.0 (Windows NT 10.0; Win64; x64) AppleWebKit/537.36 (KHTML, like Gecko) Chrome/66.0.3359.181 Safari/537.36"
174.216.34.4 - - [17/Jun/2018:11:15:53 -0500] "GET /home HTTP/1.1" 307 - "-" "Mozilla/5.0 (Windows NT 10.0; Win64; x64) AppleWebKit/537.36 (KHTML, like Gecko) Chrome/67.0.3396.87 Safari/537.36"
174.216.34.4 - - [17/Jun/2018:11:15:53 -0500] "GET /home HTTP/1.1" 307 - "-" "Mozilla/5.0 (Windows NT 10.0; Win64; x64) AppleWebKit/537.36 (KHTML, like Gecko) Chrome/67.0.3396.87 Safari/537.36"
63.225.162.76 - - [17/Jun/2018:11:31:37 -0500] "GET /home HTTP/1.1" 307 - "-" "Mozilla/5.0 (Windows NT 10.0; Win64; x64) AppleWebKit/537.36 (KHTML, like Gecko) Chrome/67.0.3396.87 Safari/537.36"
63.225.162.76 - - [17/Jun/2018:11:31:38 -0500] "GET /home HTTP/1.1" 307 - "-" "Mozilla/5.0 (Windows NT 10.0; Win64; x64) AppleWebKit/537.36 (KHTML, like Gecko) Chrome/67.0.3396.87 Safari/537.36"
63.225.162.76 - - [17/Jun/2018:11:31:52 -0500] "GET /home HTTP/1.1" 307 - "-" "Mozilla/5.0 (Windows NT 10.0; Win64; x64) AppleWebKit/537.36 (KHTML, like Gecko) Chrome/67.0.3396.87 Safari/537.36"
63.225.162.76 - - [17/Jun/2018:11:32:08 -0500] "GET /login HTTP/1.1" 200 2413 "-" "Mozilla/5.0 (Windows NT 10.0; Win64; x64) AppleWebKit/537.36 (KHTML, like Gecko) Chrome/67.0.3396.87 Safari/537.36"
63.225.162.76 - - [17/Jun/2018:11:32:19 -0500] "GET /home HTTP/1.1" 307 - "-" "Mozilla/5.0 (Windows NT 10.0; Win64; x64) AppleWebKit/537.36 (KHTML, like Gecko) Chrome/67.0.3396.87 Safari/537.36"
63.225.162.76 - - [17/Jun/2018:11:35:23 -0500] "GET /home HTTP/1.1" 307 - "-" "Mozilla/5.0 (Windows NT 10.0; Win64; x64) AppleWebKit/537.36 (KHTML, like Gecko) Chrome/67.0.3396.87 Safari/537.36"
63.225.162.76 - - [17/Jun/2018:11:36:58 -0500] "GET /home/getProducts/mx HTTP/1.1" 307 - "https://www.myringring.net/home/addFunds" "Mozilla/5.0 (Windows NT 10.0; Win64; x64) AppleWebKit/537.36 (KHTML, like Gecko) Chrome/67.0.3396.87 Safari/537.36"
63.225.162.76 - - [17/Jun/2018:11:37:08 -0500] "GET /home/getProducts/mx HTTP/1.1" 307 - "https://www.myringring.net/home/addFunds" "Mozilla/5.0 (Windows NT 10.0; Win64; x64) AppleWebKit/537.36 (KHTML, like Gecko) Chrome/67.0.3396.87 Safari/537.36"
63.225.162.76 - - [17/Jun/2018:11:37:21 -0500] "GET /home HTTP/1.1" 307 - "-" "Mozilla/5.0 (Windows NT 10.0; Win64; x64) AppleWebKit/537.36 (KHTML, like Gecko) Chrome/67.0.3396.87 Safari/537.36"
66.191.1.66 - - [17/Jun/2018:11:38:03 -0500] "GET /home HTTP/1.1" 307 - "-" "Mozilla/5.0 (Windows NT 10.0; Win64; x64) AppleWebKit/537.36 (KHTML, like Gecko) Chrome/67.0.3396.87 Safari/537.36"
66.191.1.66 - - [17/Jun/2018:11:38:07 -0500] "GET /home HTTP/1.1" 307 - "-" "Mozilla/5.0 (Windows NT 10.0; Win64; x64) AppleWebKit/537.36 (KHTML, like Gecko) Chrome/67.0.3396.87 Safari/537.36"
65.102.138.129 - - [17/Jun/2018:11:38:08 -0500] "GET /home HTTP/1.1" 307 - "-" "Mozilla/5.0 (Windows NT 10.0; Win64; x64) AppleWebKit/537.36 (KHTML, like Gecko) Chrome/67.0.3396.87 Safari/537.36"
65.102.138.129 - - [17/Jun/2018:11:38:41 -0500] "GET /home HTTP/1.1" 307 - "-" "Mozilla/5.0 (Windows NT 10.0; Win64; x64) AppleWebKit/537.36 (KHTML, like Gecko) Chrome/67.0.3396.87 Safari/537.36"
73.225.225.171 - - [17/Jun/2018:11:44:07 -0500] "GET /home HTTP/1.1" 307 - "-" "Mozilla/5.0 (Windows NT 10.0; Win64; x64) AppleWebKit/537.36 (KHTML, like Gecko) Chrome/67.0.3396.87 Safari/537.36"
73.225.225.171 - - [17/Jun/2018:11:44:22 -0500] "GET /home HTTP/1.1" 307 - "-" "Mozilla/5.0 (Windows NT 10.0; Win64; x64) AppleWebKit/537.36 (KHTML, like Gecko) Chrome/67.0.3396.87 Safari/537.36"
65.103.139.217 - - [17/Jun/2018:11:45:54 -0500] "GET /login/authenticate HTTP/1.1" 200 2468 "-" "Mozilla/5.0 (Windows NT 6.1; WOW64; Trident/7.0; rv:11.0) like Gecko"
65.103.139.217 - - [17/Jun/2018:11:45:57 -0500] "GET /favicon.ico HTTP/1.1" 404 1190 "-" "Mozilla/5.0 (Windows NT 6.1; Win64; x64; Trident/7.0; rv:11.0) like Gecko"
71.85.20.9 - - [17/Jun/2018:12:01:23 -0500] "GET /home HTTP/1.1" 307 - "https://www.myringring.net/home" "Mozilla/5.0 (Windows NT 6.1) AppleWebKit/537.36 (KHTML, like Gecko) Chrome/67.0.3396.79 Safari/537.36"
71.85.20.9 - - [17/Jun/2018:12:01:59 -0500] "GET /home HTTP/1.1" 307 - "-" "Mozilla/5.0 (Windows NT 6.1) AppleWebKit/537.36 (KHTML, like Gecko) Chrome/67.0.3396.79 Safari/537.36"
173.11.134.186 - - [17/Jun/2018:12:03:57 -0500] "GET /home HTTP/1.1" 307 - "-" "Mozilla/5.0 (Windows NT 10.0; WOW64; Trident/7.0; rv:11.0) like Gecko"
97.120.64.190 - - [17/Jun/2018:12:04:04 -0500] "GET /home HTTP/1.1" 307 - "-" "Mozilla/5.0 (Windows NT 6.3; Win64; x64) AppleWebKit/537.36 (KHTML, like Gecko) Chrome/67.0.3396.87 Safari/537.36"
97.120.64.190 - - [17/Jun/2018:12:04:05 -0500] "GET /home HTTP/1.1" 307 - "-" "Mozilla/5.0 (Windows NT 6.3; Win64; x64) AppleWebKit/537.36 (KHTML, like Gecko) Chrome/67.0.3396.87 Safari/537.36"
71.193.163.1 - - [17/Jun/2018:12:04:08 -0500] "GET /home HTTP/1.1" 307 - "-" "Mozilla/5.0 (Windows NT 6.1; Win64; x64) AppleWebKit/537.36 (KHTML, like Gecko) Chrome/67.0.3396.87 Safari/537.36"
71.193.163.1 - - [17/Jun/2018:12:04:42 -0500] "GET /home HTTP/1.1" 307 - "-" "Mozilla/5.0 (Windows NT 6.1; Win64; x64) AppleWebKit/537.36 (KHTML, like Gecko) Chrome/67.0.3396.87 Safari/537.36"
98.232.84.234 - - [17/Jun/2018:12:06:59 -0500] "GET /home HTTP/1.1" 307 - "-" "Mozilla/5.0 (Windows NT 6.1; WOW64; Trident/7.0; rv:11.0) like Gecko"
98.232.84.234 - - [17/Jun/2018:12:06:59 -0500] "GET /login HTTP/1.1" 200 2413 "-" "Mozilla/5.0 (Windows NT 6.1; WOW64; Trident/7.0; rv:11.0) like Gecko"
98.232.84.234 - - [17/Jun/2018:12:07:05 -0500] "GET /home HTTP/1.1" 307 - "-" "Mozilla/5.0 (Windows NT 6.1; WOW64; Trident/7.0; rv:11.0) like Gecko"
98.232.84.234 - - [17/Jun/2018:12:07:06 -0500] "GET /login HTTP/1.1" 200 2413 "-" "Mozilla/5.0 (Windows NT 6.1; WOW64; Trident/7.0; rv:11.0) like Gecko"
98.232.84.234 - - [17/Jun/2018:12:07:06 -0500] "GET /js/jquery.validate.min.js HTTP/1.1" 200 22691 "http://www.myringring.net:443/login" "Mozilla/5.0 (Windows NT 6.1; WOW64; Trident/7.0; rv:11.0) like Gecko"
98.232.84.234 - - [17/Jun/2018:12:07:19 -0500] "GET /home HTTP/1.1" 307 - "-" "Mozilla/5.0 (Windows NT 6.1; WOW64; Trident/7.0; rv:11.0) like Gecko"
98.232.84.234 - - [17/Jun/2018:12:07:19 -0500] "GET /login HTTP/1.1" 200 2413 "-" "Mozilla/5.0 (Windows NT 6.1; WOW64; Trident/7.0; rv:11.0) like Gecko"
98.232.84.234 - - [17/Jun/2018:12:07:19 -0500] "GET /js/jquery.validate.min.js HTTP/1.1" 200 22691 "http://www.myringring.net:443/login" "Mozilla/5.0 (Windows NT 6.1; WOW64; Trident/7.0; rv:11.0) like Gecko"
98.232.84.234 - - [17/Jun/2018:12:07:54 -0500] "GET /home HTTP/1.1" 307 - "-" "Mozilla/5.0 (Windows NT 6.1; WOW64; Trident/7.0; rv:11.0) like Gecko"
98.232.84.234 - - [17/Jun/2018:12:07:54 -0500] "GET /login HTTP/1.1" 200 2413 "-" "Mozilla/5.0 (Windows NT 6.1; WOW64; Trident/7.0; rv:11.0) like Gecko"
98.232.84.234 - - [17/Jun/2018:12:07:55 -0500] "GET /js/jquery.validate.min.js HTTP/1.1" 200 22691 "http://www.myringring.net:443/login" "Mozilla/5.0 (Windows NT 6.1; WOW64; Trident/7.0; rv:11.0) like Gecko"
98.232.84.234 - - [17/Jun/2018:12:08:11 -0500] "GET /home HTTP/1.1" 307 - "-" "Mozilla/5.0 (Windows NT 6.1; WOW64; Trident/7.0; rv:11.0) like Gecko"
98.232.84.234 - - [17/Jun/2018:12:08:11 -0500] "GET /login HTTP/1.1" 200 2413 "-" "Mozilla/5.0 (Windows NT 6.1; WOW64; Trident/7.0; rv:11.0) like Gecko"
98.232.84.234 - - [17/Jun/2018:12:08:12 -0500] "GET /js/jquery.validate.min.js HTTP/1.1" 200 22691 "http://www.myringring.net:443/login" "Mozilla/5.0 (Windows NT 6.1; WOW64; Trident/7.0; rv:11.0) like Gecko"
98.232.84.234 - - [17/Jun/2018:12:08:13 -0500] "GET /home HTTP/1.1" 307 - "-" "Mozilla/5.0 (Windows NT 6.1; WOW64; Trident/7.0; rv:11.0) like Gecko"
98.232.84.234 - - [17/Jun/2018:12:08:13 -0500] "GET /login HTTP/1.1" 200 2413 "-" "Mozilla/5.0 (Windows NT 6.1; WOW64; Trident/7.0; rv:11.0) like Gecko"
98.232.84.234 - - [17/Jun/2018:12:08:13 -0500] "GET /js/jquery.validate.min.js HTTP/1.1" 200 22691 "http://www.myringring.net:443/login" "Mozilla/5.0 (Windows NT 6.1; WOW64; Trident/7.0; rv:11.0) like Gecko"
66.102.6.226 - - [17/Jun/2018:12:08:22 -0500] "GET /login HTTP/1.1" 200 2413 "-" "Mozilla/5.0 (X11; Linux x86_64) AppleWebKit/537.36 (KHTML, like Gecko) Chrome/49.0.2623.75 Safari/537.36 Google Favicon"
98.232.84.234 - - [17/Jun/2018:12:08:31 -0500] "GET /home HTTP/1.1" 307 - "-" "Mozilla/5.0 (Windows NT 6.1; WOW64; Trident/7.0; rv:11.0) like Gecko"
98.232.84.234 - - [17/Jun/2018:12:08:31 -0500] "GET /login HTTP/1.1" 200 2413 "-" "Mozilla/5.0 (Windows NT 6.1; WOW64; Trident/7.0; rv:11.0) like Gecko"
98.232.84.234 - - [17/Jun/2018:12:08:31 -0500] "GET /js/jquery.validate.min.js HTTP/1.1" 200 22691 "http://www.myringring.net:443/login" "Mozilla/5.0 (Windows NT 6.1; WOW64; Trident/7.0; rv:11.0) like Gecko"
66.249.75.206 - - [17/Jun/2018:12:09:10 -0500] "GET /robots.txt HTTP/1.1" 404 1190 "-" "Mozilla/5.0 (compatible; Googlebot/2.1; +http://www.google.com/bot.html)"
66.249.75.208 - - [17/Jun/2018:12:09:10 -0500] "GET /ads.txt HTTP/1.1" 404 1190 "-" "Mozilla/5.0 (compatible; Googlebot/2.1; +http://www.google.com/bot.html)"
96.81.159.54 - - [17/Jun/2018:12:09:19 -0500] "GET /home HTTP/1.1" 307 - "-" "Mozilla/5.0 (Windows NT 6.1; Win64; x64) AppleWebKit/537.36 (KHTML, like Gecko) Chrome/67.0.3396.87 Safari/537.36"
96.81.159.54 - - [17/Jun/2018:12:09:26 -0500] "GET /home HTTP/1.1" 307 - "-" "Mozilla/5.0 (Windows NT 6.1; Win64; x64) AppleWebKit/537.36 (KHTML, like Gecko) Chrome/67.0.3396.87 Safari/537.36"
96.81.159.54 - - [17/Jun/2018:12:09:38 -0500] "GET /home HTTP/1.1" 307 - "-" "Mozilla/5.0 (Windows NT 6.1; Win64; x64) AppleWebKit/537.36 (KHTML, like Gecko) Chrome/67.0.3396.87 Safari/537.36"
96.81.159.54 - - [17/Jun/2018:12:09:45 -0500] "GET /home HTTP/1.1" 307 - "-" "Mozilla/5.0 (Windows NT 6.1; Win64; x64) AppleWebKit/537.36 (KHTML, like Gecko) Chrome/67.0.3396.87 Safari/537.36"
96.81.159.54 - - [17/Jun/2018:12:10:10 -0500] "GET /home HTTP/1.1" 307 - "-" "Mozilla/5.0 (Windows NT 6.1; Win64; x64) AppleWebKit/537.36 (KHTML, like Gecko) Chrome/67.0.3396.87 Safari/537.36"
98.232.84.234 - - [17/Jun/2018:12:13:08 -0500] "GET /home HTTP/1.1" 307 - "-" "Mozilla/5.0 (Windows NT 6.1; WOW64; Trident/7.0; rv:11.0) like Gecko"
98.232.84.234 - - [17/Jun/2018:12:13:09 -0500] "GET /login HTTP/1.1" 200 2413 "-" "Mozilla/5.0 (Windows NT 6.1; WOW64; Trident/7.0; rv:11.0) like Gecko"
98.232.84.234 - - [17/Jun/2018:12:13:09 -0500] "GET /css/style.css HTTP/1.1" 200 17924 "http://www.myringring.net:443/login" "Mozilla/5.0 (Windows NT 6.1; WOW64; Trident/7.0; rv:11.0) like Gecko"
24.18.114.115 - - [17/Jun/2018:12:16:37 -0500] "GET /js/intl-tel-input/img/flags@2x.png HTTP/1.1" 304 - "https://www.myringring.net/js/intl-tel-input/css/intlTelInput.css" "Mozilla/5.0 (Windows NT 10.0; Win64; x64) AppleWebKit/537.36 (KHTML, like Gecko) Chrome/66.0.3359.181 Safari/537.36"
98.232.84.234 - - [17/Jun/2018:12:17:57 -0500] "GET /home HTTP/1.1" 307 - "-" "Mozilla/5.0 (Windows NT 6.1; WOW64; Trident/7.0; rv:11.0) like Gecko"
98.232.84.234 - - [17/Jun/2018:12:17:57 -0500] "GET /login HTTP/1.1" 200 2413 "-" "Mozilla/5.0 (Windows NT 6.1; WOW64; Trident/7.0; rv:11.0) like Gecko"
98.232.84.234 - - [17/Jun/2018:12:18:22 -0500] "GET /home HTTP/1.1" 307 - "-" "Mozilla/5.0 (Windows NT 6.1; WOW64; Trident/7.0; rv:11.0) like Gecko"
98.232.84.234 - - [17/Jun/2018:12:18:22 -0500] "GET /login HTTP/1.1" 200 2413 "-" "Mozilla/5.0 (Windows NT 6.1; WOW64; Trident/7.0; rv:11.0) like Gecko"
24.18.114.115 - - [17/Jun/2018:12:18:29 -0500] "GET /home/getProducts/us HTTP/1.1" 307 - "https://www.myringring.net/home/addFunds" "Mozilla/5.0 (Windows NT 10.0; Win64; x64) AppleWebKit/537.36 (KHTML, like Gecko) Chrome/66.0.3359.181 Safari/537.36"
24.18.114.115 - - [17/Jun/2018:12:18:36 -0500] "GET /home/getProducts/us HTTP/1.1" 307 - "https://www.myringring.net/home/addFunds" "Mozilla/5.0 (Windows NT 10.0; Win64; x64) AppleWebKit/537.36 (KHTML, like Gecko) Chrome/66.0.3359.181 Safari/537.36"
24.18.114.115 - - [17/Jun/2018:12:18:44 -0500] "GET /home HTTP/1.1" 307 - "-" "Mozilla/5.0 (Windows NT 10.0; Win64; x64) AppleWebKit/537.36 (KHTML, like Gecko) Chrome/66.0.3359.181 Safari/537.36"
24.18.114.115 - - [17/Jun/2018:12:18:54 -0500] "GET /home HTTP/1.1" 307 - "-" "Mozilla/5.0 (Windows NT 10.0; Win64; x64) AppleWebKit/537.36 (KHTML, like Gecko) Chrome/66.0.3359.181 Safari/537.36"
24.18.114.115 - - [17/Jun/2018:12:19:05 -0500] "GET /js/intl-tel-input/img/flags@2x.png HTTP/1.1" 304 - "https://www.myringring.net/js/intl-tel-input/css/intlTelInput.css" "Mozilla/5.0 (Windows NT 10.0; Win64; x64) AppleWebKit/537.36 (KHTML, like Gecko) Chrome/66.0.3359.181 Safari/537.36"
24.18.114.115 - - [17/Jun/2018:12:19:14 -0500] "GET /home/getProducts/us HTTP/1.1" 307 - "https://www.myringring.net/home/addFunds" "Mozilla/5.0 (Windows NT 10.0; Win64; x64) AppleWebKit/537.36 (KHTML, like Gecko) Chrome/66.0.3359.181 Safari/537.36"
24.18.114.115 - - [17/Jun/2018:12:19:22 -0500] "GET /home HTTP/1.1" 307 - "-" "Mozilla/5.0 (Windows NT 10.0; Win64; x64) AppleWebKit/537.36 (KHTML, like Gecko) Chrome/66.0.3359.181 Safari/537.36"
172.86.137.107 - - [17/Jun/2018:12:22:32 -0500] "GET /home HTTP/1.1" 307 - "-" "Mozilla/5.0 (Windows NT 6.3; Win64; x64) AppleWebKit/537.36 (KHTML, like Gecko) Chrome/67.0.3396.87 Safari/537.36"
172.86.137.107 - - [17/Jun/2018:12:22:43 -0500] "GET /home HTTP/1.1" 307 - "-" "Mozilla/5.0 (Windows NT 6.3; Win64; x64) AppleWebKit/537.36 (KHTML, like Gecko) Chrome/67.0.3396.87 Safari/537.36"
172.86.137.107 - - [17/Jun/2018:12:22:44 -0500] "GET /home HTTP/1.1" 307 - "-" "Mozilla/5.0 (Windows NT 6.3; Win64; x64) AppleWebKit/537.36 (KHTML, like Gecko) Chrome/67.0.3396.87 Safari/537.36"
172.86.137.107 - - [17/Jun/2018:12:22:48 -0500] "GET /home HTTP/1.1" 307 - "-" "Mozilla/5.0 (Windows NT 6.3; Win64; x64) AppleWebKit/537.36 (KHTML, like Gecko) Chrome/67.0.3396.87 Safari/537.36"
172.86.137.107 - - [17/Jun/2018:12:22:58 -0500] "GET /home HTTP/1.1" 307 - "-" "Mozilla/5.0 (Windows NT 6.3; Win64; x64) AppleWebKit/537.36 (KHTML, like Gecko) Chrome/67.0.3396.87 Safari/537.36"
172.86.137.107 - - [17/Jun/2018:12:23:14 -0500] "GET /home HTTP/1.1" 307 - "-" "Mozilla/5.0 (Windows NT 6.3; Win64; x64) AppleWebKit/537.36 (KHTML, like Gecko) Chrome/67.0.3396.87 Safari/537.36"
24.18.114.115 - - [17/Jun/2018:12:25:03 -0500] "GET /home HTTP/1.1" 307 - "-" "Mozilla/5.0 (Windows NT 10.0; Win64; x64) AppleWebKit/537.36 (KHTML, like Gecko) Chrome/66.0.3359.181 Safari/537.36"
24.19.151.163 - - [17/Jun/2018:12:26:05 -0500] "GET /home HTTP/1.1" 307 - "-" "Mozilla/5.0 (Windows NT 6.3; Win64; x64) AppleWebKit/537.36 (KHTML, like Gecko) Chrome/67.0.3396.87 Safari/537.36"
172.86.137.107 - - [17/Jun/2018:12:27:10 -0500] "GET /home HTTP/1.1" 307 - "-" "Mozilla/5.0 (Windows NT 6.3; Win64; x64) AppleWebKit/537.36 (KHTML, like Gecko) Chrome/67.0.3396.87 Safari/537.36"
172.86.137.107 - - [17/Jun/2018:12:27:42 -0500] "GET /home HTTP/1.1" 307 - "-" "Mozilla/5.0 (Windows NT 6.3; Win64; x64) AppleWebKit/537.36 (KHTML, like Gecko) Chrome/67.0.3396.87 Safari/537.36"
172.86.137.107 - - [17/Jun/2018:12:28:03 -0500] "GET /home HTTP/1.1" 307 - "-" "Mozilla/5.0 (Windows NT 6.3; Win64; x64) AppleWebKit/537.36 (KHTML, like Gecko) Chrome/67.0.3396.87 Safari/537.36"
98.232.84.234 - - [17/Jun/2018:12:28:06 -0500] "GET /home HTTP/1.1" 307 - "-" "Mozilla/5.0 (Windows NT 6.1; WOW64; Trident/7.0; rv:11.0) like Gecko"
98.232.84.234 - - [17/Jun/2018:12:28:06 -0500] "GET /login HTTP/1.1" 200 2413 "-" "Mozilla/5.0 (Windows NT 6.1; WOW64; Trident/7.0; rv:11.0) like Gecko"
172.86.137.107 - - [17/Jun/2018:12:28:07 -0500] "GET /home HTTP/1.1" 307 - "-" "Mozilla/5.0 (Windows NT 6.3; Win64; x64) AppleWebKit/537.36 (KHTML, like Gecko) Chrome/67.0.3396.87 Safari/537.36"
172.86.137.107 - - [17/Jun/2018:12:28:09 -0500] "GET /home HTTP/1.1" 307 - "-" "Mozilla/5.0 (Windows NT 6.3; Win64; x64) AppleWebKit/537.36 (KHTML, like Gecko) Chrome/67.0.3396.87 Safari/537.36"
172.86.137.107 - - [17/Jun/2018:12:28:13 -0500] "GET /home HTTP/1.1" 307 - "-" "Mozilla/5.0 (Windows NT 6.3; Win64; x64) AppleWebKit/537.36 (KHTML, like Gecko) Chrome/67.0.3396.87 Safari/537.36"
172.86.137.107 - - [17/Jun/2018:12:28:14 -0500] "GET /home HTTP/1.1" 307 - "-" "Mozilla/5.0 (Windows NT 6.3; Win64; x64) AppleWebKit/537.36 (KHTML, like Gecko) Chrome/67.0.3396.87 Safari/537.36"
172.86.137.107 - - [17/Jun/2018:12:28:25 -0500] "GET /home HTTP/1.1" 307 - "-" "Mozilla/5.0 (Windows NT 6.3; Win64; x64) AppleWebKit/537.36 (KHTML, like Gecko) Chrome/67.0.3396.87 Safari/537.36"
172.86.137.107 - - [17/Jun/2018:12:28:27 -0500] "GET /home HTTP/1.1" 307 - "-" "Mozilla/5.0 (Windows NT 6.3; Win64; x64) AppleWebKit/537.36 (KHTML, like Gecko) Chrome/67.0.3396.87 Safari/537.36"
97.113.84.211 - - [17/Jun/2018:12:31:25 -0500] "GET /home/account HTTP/1.1" 307 - "-" "Mozilla/5.0 (Windows NT 10.0; Win64; x64) AppleWebKit/537.36 (KHTML, like Gecko) Chrome/64.0.3282.140 Safari/537.36 Edge/17.17134"
97.113.84.211 - - [17/Jun/2018:12:32:35 -0500] "GET /home/account HTTP/1.1" 307 - "-" "Mozilla/5.0 (Windows NT 10.0; Win64; x64) AppleWebKit/537.36 (KHTML, like Gecko) Chrome/64.0.3282.140 Safari/537.36 Edge/17.17134"
97.113.84.211 - - [17/Jun/2018:12:32:50 -0500] "GET /home/account HTTP/1.1" 307 - "-" "Mozilla/5.0 (Windows NT 10.0; Win64; x64) AppleWebKit/537.36 (KHTML, like Gecko) Chrome/64.0.3282.140 Safari/537.36 Edge/17.17134"
97.113.84.211 - - [17/Jun/2018:12:33:01 -0500] "GET /home/account HTTP/1.1" 307 - "-" "Mozilla/5.0 (Windows NT 10.0; Win64; x64) AppleWebKit/537.36 (KHTML, like Gecko) Chrome/64.0.3282.140 Safari/537.36 Edge/17.17134"
98.232.84.234 - - [17/Jun/2018:12:33:55 -0500] "GET /home HTTP/1.1" 307 - "-" "Mozilla/5.0 (Windows NT 6.1; WOW64; Trident/7.0; rv:11.0) like Gecko"
71.212.15.243 - - [17/Jun/2018:12:34:40 -0500] "GET /home HTTP/1.1" 307 - "-" "Mozilla/5.0 (Windows NT 10.0; Win64; x64) AppleWebKit/537.36 (KHTML, like Gecko) Chrome/67.0.3396.87 Safari/537.36"
71.212.15.243 - - [17/Jun/2018:12:35:11 -0500] "GET /home HTTP/1.1" 307 - "-" "Mozilla/5.0 (Windows NT 10.0; Win64; x64) AppleWebKit/537.36 (KHTML, like Gecko) Chrome/67.0.3396.87 Safari/537.36"
71.212.15.243 - - [17/Jun/2018:12:35:24 -0500] "GET /home HTTP/1.1" 307 - "-" "Mozilla/5.0 (Windows NT 10.0; Win64; x64) AppleWebKit/537.36 (KHTML, like Gecko) Chrome/67.0.3396.87 Safari/537.36"
71.212.15.243 - - [17/Jun/2018:12:36:47 -0500] "GET /home HTTP/1.1" 200 45774 "-" "Mozilla/5.0 (Windows NT 10.0; Win64; x64) AppleWebKit/537.36 (KHTML, like Gecko) Chrome/67.0.3396.87 Safari/537.36"
71.212.15.243 - - [17/Jun/2018:12:37:01 -0500] "GET /home HTTP/1.1" 200 45774 "-" "Mozilla/5.0 (Windows NT 10.0; Win64; x64) AppleWebKit/537.36 (KHTML, like Gecko) Chrome/67.0.3396.87 Safari/537.36"
71.212.15.243 - - [17/Jun/2018:12:37:04 -0500] "GET /home HTTP/1.1" 200 45774 "-" "Mozilla/5.0 (Windows NT 10.0; Win64; x64) AppleWebKit/537.36 (KHTML, like Gecko) Chrome/67.0.3396.87 Safari/537.36"
71.212.15.243 - - [17/Jun/2018:12:37:12 -0500] "GET /home HTTP/1.1" 200 45774 "-" "Mozilla/5.0 (Windows NT 10.0; Win64; x64) AppleWebKit/537.36 (KHTML, like Gecko) Chrome/67.0.3396.87 Safari/537.36"
71.212.15.243 - - [17/Jun/2018:12:38:07 -0500] "GET /home HTTP/1.1" 200 45774 "-" "Mozilla/5.0 (Windows NT 10.0; Win64; x64) AppleWebKit/537.36 (KHTML, like Gecko) Chrome/67.0.3396.87 Safari/537.36"
71.212.15.243 - - [17/Jun/2018:12:38:11 -0500] "GET /home HTTP/1.1" 200 45774 "https://www.myringring.net/home" "Mozilla/5.0 (Windows NT 10.0; Win64; x64) AppleWebKit/537.36 (KHTML, like Gecko) Chrome/67.0.3396.87 Safari/537.36"
174.216.34.4 - - [17/Jun/2018:12:40:00 -0500] "GET /home HTTP/1.1" 307 - "-" "Mozilla/5.0 (Linux; Android 7.0; SM-J327V Build/NRD90M) AppleWebKit/537.36 (KHTML, like Gecko) Chrome/67.0.3396.87 Mobile Safari/537.36"
50.39.164.251 - - [17/Jun/2018:12:40:14 -0500] "GET /clientCtrl/transactionsList HTTP/1.1" 307 - "-" "Mozilla/5.0 (Windows NT 10.0; Win64; x64) AppleWebKit/537.36 (KHTML, like Gecko) Chrome/67.0.3396.87 Safari/537.36"
73.118.183.181 - - [17/Jun/2018:12:40:15 -0500] "GET /home HTTP/1.1" 307 - "-" "Mozilla/5.0 (Windows NT 10.0; Win64; x64) AppleWebKit/537.36 (KHTML, like Gecko) Chrome/64.0.3282.140 Safari/537.36 Edge/17.17134"
73.118.183.181 - - [17/Jun/2018:12:40:22 -0500] "GET /home HTTP/1.1" 307 - "-" "Mozilla/5.0 (Windows NT 10.0; Win64; x64) AppleWebKit/537.36 (KHTML, like Gecko) Chrome/64.0.3282.140 Safari/537.36 Edge/17.17134"
73.118.183.181 - - [17/Jun/2018:12:40:29 -0500] "GET /home HTTP/1.1" 307 - "-" "Mozilla/5.0 (Windows NT 10.0; Win64; x64) AppleWebKit/537.36 (KHTML, like Gecko) Chrome/64.0.3282.140 Safari/537.36 Edge/17.17134"
50.39.164.251 - - [17/Jun/2018:12:40:29 -0500] "GET /clientCtrl/transactionsList HTTP/1.1" 307 - "-" "Mozilla/5.0 (Windows NT 10.0; Win64; x64) AppleWebKit/537.36 (KHTML, like Gecko) Chrome/67.0.3396.87 Safari/537.36"
66.189.180.85 - - [17/Jun/2018:12:42:16 -0500] "GET /home HTTP/1.1" 307 - "-" "Mozilla/5.0 (Windows NT 10.0; Win64; x64) AppleWebKit/537.36 (KHTML, like Gecko) Chrome/64.0.3282.140 Safari/537.36 Edge/17.17134"
50.39.164.251 - - [17/Jun/2018:12:42:20 -0500] "GET /clientCtrl/transactionsList HTTP/1.1" 307 - "-" "Mozilla/5.0 (Windows NT 10.0; Win64; x64) AppleWebKit/537.36 (KHTML, like Gecko) Chrome/67.0.3396.87 Safari/537.36"
66.189.180.85 - - [17/Jun/2018:12:42:33 -0500] "GET /home HTTP/1.1" 307 - "-" "Mozilla/5.0 (Windows NT 10.0; Win64; x64) AppleWebKit/537.36 (KHTML, like Gecko) Chrome/64.0.3282.140 Safari/537.36 Edge/17.17134"
198.71.29.157 - - [17/Jun/2018:12:42:56 -0500] "GET /home HTTP/1.1" 307 - "-" "Mozilla/5.0 (iPad; CPU OS 11_3 like Mac OS X) AppleWebKit/605.1.15 (KHTML, like Gecko) Version/11.0 Mobile/15E148 Safari/604.1"
198.71.29.157 - - [17/Jun/2018:12:43:05 -0500] "GET /home HTTP/1.1" 307 - "-" "Mozilla/5.0 (iPad; CPU OS 11_3 like Mac OS X) AppleWebKit/605.1.15 (KHTML, like Gecko) Version/11.0 Mobile/15E148 Safari/604.1"
198.71.29.157 - - [17/Jun/2018:12:43:18 -0500] "GET /home HTTP/1.1" 307 - "-" "Mozilla/5.0 (iPad; CPU OS 11_3 like Mac OS X) AppleWebKit/605.1.15 (KHTML, like Gecko) Version/11.0 Mobile/15E148 Safari/604.1"
71.231.0.91 - - [17/Jun/2018:12:43:28 -0500] "POST /login/authenticate HTTP/1.1" 303 - "https://www.myringring.net/login" "Mozilla/5.0 (Windows NT 6.2; Win64; x64) AppleWebKit/537.36 (KHTML, like Gecko) Chrome/67.0.3396.87 Safari/537.36"
198.71.29.157 - - [17/Jun/2018:12:43:35 -0500] "GET /home HTTP/1.1" 307 - "-" "Mozilla/5.0 (iPad; CPU OS 11_3 like Mac OS X) AppleWebKit/605.1.15 (KHTML, like Gecko) Version/11.0 Mobile/15E148 Safari/604.1"
71.231.0.91 - - [17/Jun/2018:12:43:38 -0500] "GET /home HTTP/1.1" 200 44400 "-" "Mozilla/5.0 (Windows NT 6.2; Win64; x64) AppleWebKit/537.36 (KHTML, like Gecko) Chrome/67.0.3396.87 Safari/537.36"
71.231.0.91 - - [17/Jun/2018:12:43:43 -0500] "GET /home HTTP/1.1" 200 44400 "-" "Mozilla/5.0 (Windows NT 6.2; Win64; x64) AppleWebKit/537.36 (KHTML, like Gecko) Chrome/67.0.3396.87 Safari/537.36"
71.231.0.91 - - [17/Jun/2018:12:44:14 -0500] "GET /home HTTP/1.1" 200 44400 "-" "Mozilla/5.0 (Windows NT 6.2; Win64; x64) AppleWebKit/537.36 (KHTML, like Gecko) Chrome/67.0.3396.87 Safari/537.36"
71.231.0.91 - - [17/Jun/2018:12:44:14 -0500] "GET /home HTTP/1.1" 200 44400 "-" "Mozilla/5.0 (Windows NT 6.2; Win64; x64) AppleWebKit/537.36 (KHTML, like Gecko) Chrome/67.0.3396.87 Safari/537.36"
71.231.0.91 - - [17/Jun/2018:12:44:16 -0500] "GET /home HTTP/1.1" 200 44400 "-" "Mozilla/5.0 (Windows NT 6.2; Win64; x64) AppleWebKit/537.36 (KHTML, like Gecko) Chrome/67.0.3396.87 Safari/537.36"
71.231.0.91 - - [17/Jun/2018:12:44:17 -0500] "GET /home HTTP/1.1" 200 44400 "-" "Mozilla/5.0 (Windows NT 6.2; Win64; x64) AppleWebKit/537.36 (KHTML, like Gecko) Chrome/67.0.3396.87 Safari/537.36"
71.231.0.91 - - [17/Jun/2018:12:44:39 -0500] "GET /home HTTP/1.1" 200 44400 "-" "Mozilla/5.0 (Windows NT 6.2; Win64; x64) AppleWebKit/537.36 (KHTML, like Gecko) Chrome/67.0.3396.87 Safari/537.36"
172.4.41.139 - - [17/Jun/2018:12:44:42 -0500] "GET /home HTTP/1.1" 307 - "-" "Mozilla/5.0 (Windows NT 6.1; WOW64; Trident/7.0; rv:11.0) like Gecko"
24.18.160.71 - - [17/Jun/2018:12:49:45 -0500] "GET /home HTTP/1.1" 307 - "-" "Mozilla/5.0 (Windows NT 6.1) AppleWebKit/537.36 (KHTML, like Gecko) Chrome/66.0.3359.181 Safari/537.36"
24.18.160.71 - - [17/Jun/2018:12:50:02 -0500] "GET /home HTTP/1.1" 307 - "-" "Mozilla/5.0 (Windows NT 6.1) AppleWebKit/537.36 (KHTML, like Gecko) Chrome/66.0.3359.181 Safari/537.36"
24.18.160.71 - - [17/Jun/2018:12:50:22 -0500] "GET /home HTTP/1.1" 307 - "-" "Mozilla/5.0 (Windows NT 6.1) AppleWebKit/537.36 (KHTML, like Gecko) Chrome/66.0.3359.181 Safari/537.36"
24.18.160.71 - - [17/Jun/2018:12:50:47 -0500] "GET /home HTTP/1.1" 307 - "-" "Mozilla/5.0 (Windows NT 6.1) AppleWebKit/537.36 (KHTML, like Gecko) Chrome/66.0.3359.181 Safari/537.36"
24.18.160.71 - - [17/Jun/2018:12:51:08 -0500] "GET /home HTTP/1.1" 307 - "-" "Mozilla/5.0 (Windows NT 6.1) AppleWebKit/537.36 (KHTML, like Gecko) Chrome/66.0.3359.181 Safari/537.36"
24.18.160.71 - - [17/Jun/2018:12:51:24 -0500] "GET /home HTTP/1.1" 307 - "-" "Mozilla/5.0 (Windows NT 6.1) AppleWebKit/537.36 (KHTML, like Gecko) Chrome/66.0.3359.181 Safari/537.36"
24.18.160.71 - - [17/Jun/2018:12:51:32 -0500] "GET /home HTTP/1.1" 307 - "-" "Mozilla/5.0 (Windows NT 6.1) AppleWebKit/537.36 (KHTML, like Gecko) Chrome/66.0.3359.181 Safari/537.36"
24.18.160.71 - - [17/Jun/2018:12:51:42 -0500] "GET /home HTTP/1.1" 307 - "-" "Mozilla/5.0 (Windows NT 6.1) AppleWebKit/537.36 (KHTML, like Gecko) Chrome/66.0.3359.181 Safari/537.36"
24.18.160.71 - - [17/Jun/2018:12:51:56 -0500] "GET /login HTTP/1.1" 200 2413 "-" "Mozilla/5.0 (Windows NT 6.1) AppleWebKit/537.36 (KHTML, like Gecko) Chrome/66.0.3359.181 Safari/537.36"
50.125.188.149 - - [17/Jun/2018:12:52:02 -0500] "GET /home HTTP/1.1" 307 - "-" "Mozilla/5.0 (Windows NT 6.1; Win64; x64) AppleWebKit/537.36 (KHTML, like Gecko) Chrome/67.0.3396.87 Safari/537.36"
50.125.188.149 - - [17/Jun/2018:12:52:07 -0500] "GET /home HTTP/1.1" 307 - "-" "Mozilla/5.0 (Windows NT 6.1; Win64; x64) AppleWebKit/537.36 (KHTML, like Gecko) Chrome/67.0.3396.87 Safari/537.36"
24.18.160.71 - - [17/Jun/2018:12:52:11 -0500] "GET /login HTTP/1.1" 200 2413 "-" "Mozilla/5.0 (Windows NT 6.1) AppleWebKit/537.36 (KHTML, like Gecko) Chrome/66.0.3359.181 Safari/537.36"
24.18.160.71 - - [17/Jun/2018:12:52:21 -0500] "GET /home HTTP/1.1" 307 - "-" "Mozilla/5.0 (Windows NT 6.1) AppleWebKit/537.36 (KHTML, like Gecko) Chrome/66.0.3359.181 Safari/537.36"
24.18.160.71 - - [17/Jun/2018:12:52:34 -0500] "GET /home HTTP/1.1" 307 - "-" "Mozilla/5.0 (Windows NT 6.1) AppleWebKit/537.36 (KHTML, like Gecko) Chrome/66.0.3359.181 Safari/537.36"
71.231.0.91 - - [17/Jun/2018:12:52:34 -0500] "GET /home HTTP/1.1" 200 44400 "-" "Mozilla/5.0 (Windows NT 6.2; Win64; x64) AppleWebKit/537.36 (KHTML, like Gecko) Chrome/67.0.3396.87 Safari/537.36"
71.231.0.91 - - [17/Jun/2018:12:52:38 -0500] "GET /home HTTP/1.1" 200 44400 "-" "Mozilla/5.0 (Windows NT 6.2; Win64; x64) AppleWebKit/537.36 (KHTML, like Gecko) Chrome/67.0.3396.87 Safari/537.36"
66.178.162.10 - - [17/Jun/2018:12:52:50 -0500] "GET / HTTP/1.1" 200 2413 "-" "Mozilla/5.0 (Windows NT 6.1; WOW64; Trident/7.0; rv:11.0) like Gecko"
66.178.162.10 - - [17/Jun/2018:12:52:51 -0500] "GET /favicon.ico HTTP/1.1" 404 1190 "-" "Mozilla/5.0 (Windows NT 6.1; WOW64; Trident/7.0; rv:11.0) like Gecko"
71.231.0.91 - - [17/Jun/2018:12:53:04 -0500] "GET /home HTTP/1.1" 200 44400 "-" "Mozilla/5.0 (Windows NT 6.2; Win64; x64) AppleWebKit/537.36 (KHTML, like Gecko) Chrome/67.0.3396.87 Safari/537.36"
71.231.0.91 - - [17/Jun/2018:12:53:06 -0500] "GET /home HTTP/1.1" 200 44400 "-" "Mozilla/5.0 (Windows NT 6.2; Win64; x64) AppleWebKit/537.36 (KHTML, like Gecko) Chrome/67.0.3396.87 Safari/537.36"
66.178.162.10 - - [17/Jun/2018:12:53:12 -0500] "GET / HTTP/1.1" 200 2413 "-" "Mozilla/5.0 (Windows NT 6.1; WOW64; Trident/7.0; rv:11.0) like Gecko"
66.178.162.10 - - [17/Jun/2018:12:53:13 -0500] "GET /favicon.ico HTTP/1.1" 404 1190 "-" "Mozilla/5.0 (Windows NT 6.1; WOW64; Trident/7.0; rv:11.0) like Gecko"
174.21.166.37 - - [17/Jun/2018:12:53:17 -0500] "GET /home HTTP/1.1" 307 - "-" "Mozilla/5.0 (Windows NT 10.0; WOW64) AppleWebKit/537.36 (KHTML, like Gecko) Chrome/67.0.3396.87 Safari/537.36"
98.232.84.234 - - [17/Jun/2018:12:53:24 -0500] "GET /home HTTP/1.1" 307 - "-" "Mozilla/5.0 (Windows NT 6.1; WOW64; Trident/7.0; rv:11.0) like Gecko"
98.232.84.234 - - [17/Jun/2018:12:53:28 -0500] "GET /home HTTP/1.1" 307 - "-" "Mozilla/5.0 (Windows NT 6.1; WOW64; Trident/7.0; rv:11.0) like Gecko"
174.31.24.5 - - [17/Jun/2018:12:53:34 -0500] "GET /home HTTP/1.1" 307 - "https://www.myringring.net/home/addFunds" "Mozilla/5.0 (Windows NT 10.0; Win64; x64) AppleWebKit/537.36 (KHTML, like Gecko) Chrome/67.0.3396.62 Safari/537.36"
66.178.162.10 - - [17/Jun/2018:12:53:39 -0500] "GET / HTTP/1.1" 200 2413 "-" "Mozilla/5.0 (Windows NT 6.1; WOW64; Trident/7.0; rv:11.0) like Gecko"
66.178.162.10 - - [17/Jun/2018:12:53:40 -0500] "GET /favicon.ico HTTP/1.1" 404 1190 "-" "Mozilla/5.0 (Windows NT 6.1; WOW64; Trident/7.0; rv:11.0) like Gecko"
66.178.162.10 - - [17/Jun/2018:12:53:43 -0500] "GET / HTTP/1.1" 200 2413 "-" "Mozilla/5.0 (Windows NT 6.1; WOW64; Trident/7.0; rv:11.0) like Gecko"
66.178.162.10 - - [17/Jun/2018:12:53:44 -0500] "GET /favicon.ico HTTP/1.1" 404 1190 "-" "Mozilla/5.0 (Windows NT 6.1; WOW64; Trident/7.0; rv:11.0) like Gecko"
66.178.162.10 - - [17/Jun/2018:12:53:47 -0500] "GET / HTTP/1.1" 200 2413 "-" "Mozilla/5.0 (Windows NT 6.1; WOW64; Trident/7.0; rv:11.0) like Gecko"
66.178.162.10 - - [17/Jun/2018:12:53:48 -0500] "GET /favicon.ico HTTP/1.1" 404 1190 "-" "Mozilla/5.0 (Windows NT 6.1; WOW64; Trident/7.0; rv:11.0) like Gecko"
13.56.250.235 - - [17/Jun/2018:12:54:19 -0500] "GET / HTTP/1.1" 200 2413 "-" "Mozilla/5.0 (Macintosh; Intel Mac OS X 10_12_6) AppleWebKit/537.36 (KHTML, like Gecko) Chrome/61.0.3163.100 Safari/537.36"
174.21.166.37 - - [17/Jun/2018:12:55:20 -0500] "GET /home HTTP/1.1" 307 - "-" "Mozilla/5.0 (Windows NT 10.0; WOW64) AppleWebKit/537.36 (KHTML, like Gecko) Chrome/67.0.3396.87 Safari/537.36"
174.31.24.5 - - [17/Jun/2018:12:55:26 -0500] "GET /home/addFunds HTTP/1.1" 307 - "-" "Mozilla/5.0 (Windows NT 10.0; Win64; x64) AppleWebKit/537.36 (KHTML, like Gecko) Chrome/67.0.3396.87 Safari/537.36"
174.31.24.5 - - [17/Jun/2018:12:55:39 -0500] "GET /login/authenticate HTTP/1.1" 200 2468 "-" "Mozilla/5.0 (Windows NT 10.0; Win64; x64) AppleWebKit/537.36 (KHTML, like Gecko) Chrome/67.0.3396.87 Safari/537.36"
69.131.229.245 - - [17/Jun/2018:12:55:43 -0500] "GET /home HTTP/1.1" 307 - "-" "Mozilla/5.0 (Windows NT 6.1; WOW64; Trident/7.0; rv:11.0) like Gecko"
174.31.24.5 - - [17/Jun/2018:12:55:56 -0500] "GET /home HTTP/1.1" 307 - "-" "Mozilla/5.0 (Windows NT 10.0; Win64; x64) AppleWebKit/537.36 (KHTML, like Gecko) Chrome/67.0.3396.87 Safari/537.36"
174.21.166.37 - - [17/Jun/2018:12:55:59 -0500] "GET /login HTTP/1.1" 200 2413 "-" "Mozilla/5.0 (Windows NT 10.0; WOW64) AppleWebKit/537.36 (KHTML, like Gecko) Chrome/67.0.3396.87 Safari/537.36"
174.31.24.5 - - [17/Jun/2018:12:56:09 -0500] "GET /login/authenticate HTTP/1.1" 200 2468 "-" "Mozilla/5.0 (Windows NT 10.0; Win64; x64) AppleWebKit/537.36 (KHTML, like Gecko) Chrome/67.0.3396.87 Safari/537.36"
69.131.229.245 - - [17/Jun/2018:12:56:10 -0500] "GET /home HTTP/1.1" 307 - "-" "Mozilla/5.0 (Windows NT 6.1; WOW64; Trident/7.0; rv:11.0) like Gecko"
66.178.162.10 - - [17/Jun/2018:12:56:14 -0500] "GET / HTTP/1.1" 200 2413 "-" "Mozilla/5.0 (Windows NT 6.1; WOW64; Trident/7.0; rv:11.0) like Gecko"
66.178.162.10 - - [17/Jun/2018:12:56:14 -0500] "GET /favicon.ico HTTP/1.1" 404 1190 "-" "Mozilla/5.0 (Windows NT 6.1; WOW64; Trident/7.0; rv:11.0) like Gecko"
174.21.166.37 - - [17/Jun/2018:12:56:17 -0500] "GET /home HTTP/1.1" 307 - "-" "Mozilla/5.0 (Windows NT 10.0; WOW64) AppleWebKit/537.36 (KHTML, like Gecko) Chrome/67.0.3396.87 Safari/537.36"
66.178.162.10 - - [17/Jun/2018:12:56:19 -0500] "GET / HTTP/1.1" 200 2413 "-" "Mozilla/5.0 (Windows NT 6.1; WOW64; Trident/7.0; rv:11.0) like Gecko"
66.178.162.10 - - [17/Jun/2018:12:56:26 -0500] "GET / HTTP/1.1" 200 2413 "-" "Mozilla/5.0 (Windows NT 6.1; WOW64; Trident/7.0; rv:11.0) like Gecko"
181.51.165.108 - - [17/Jun/2018:12:56:34 -0500] "GET / HTTP/1.1" 200 2413 "-" "Mozilla/5.0 (Linux; Android 4.4.4; SD4930UR Build/KTU84P) AppleWebKit/537.36 (KHTML, like Gecko) Silk/66.3.1 like Chrome/66.0.3359.158 Mobile Safari/537.36"
181.51.165.108 - - [17/Jun/2018:12:56:40 -0500] "GET / HTTP/1.1" 200 2413 "-" "Mozilla/5.0 (Linux; Android 4.4.4; SD4930UR Build/KTU84P) AppleWebKit/537.36 (KHTML, like Gecko) Silk/66.3.1 like Chrome/66.0.3359.158 Mobile Safari/537.36"
174.31.24.5 - - [17/Jun/2018:12:56:53 -0500] "GET /home/addFunds HTTP/1.1" 307 - "-" "Mozilla/5.0 (Windows NT 10.0; Win64; x64) AppleWebKit/537.36 (KHTML, like Gecko) Chrome/67.0.3396.87 Safari/537.36"
174.21.166.37 - - [17/Jun/2018:12:57:03 -0500] "GET /login HTTP/1.1" 200 2413 "-" "Mozilla/5.0 (Windows NT 10.0; WOW64) AppleWebKit/537.36 (KHTML, like Gecko) Chrome/67.0.3396.87 Safari/537.36"
174.21.166.37 - - [17/Jun/2018:12:57:09 -0500] "GET /login HTTP/1.1" 200 2413 "-" "Mozilla/5.0 (Windows NT 10.0; WOW64) AppleWebKit/537.36 (KHTML, like Gecko) Chrome/67.0.3396.87 Safari/537.36"
174.21.166.37 - - [17/Jun/2018:12:57:31 -0500] "GET /home HTTP/1.1" 307 - "-" "Mozilla/5.0 (Windows NT 10.0; WOW64) AppleWebKit/537.36 (KHTML, like Gecko) Chrome/67.0.3396.87 Safari/537.36"
174.31.24.5 - - [17/Jun/2018:12:57:42 -0500] "GET /home/addFunds HTTP/1.1" 307 - "-" "Mozilla/5.0 (Windows NT 10.0; Win64; x64) AppleWebKit/537.36 (KHTML, like Gecko) Chrome/67.0.3396.87 Safari/537.36"
174.31.24.5 - - [17/Jun/2018:12:58:06 -0500] "GET /home HTTP/1.1" 307 - "-" "Mozilla/5.0 (Windows NT 10.0; Win64; x64) AppleWebKit/537.36 (KHTML, like Gecko) Chrome/67.0.3396.87 Safari/537.36"
97.113.84.211 - - [17/Jun/2018:12:58:17 -0500] "GET /home/account HTTP/1.1" 307 - "-" "Mozilla/5.0 (Windows NT 10.0; Win64; x64) AppleWebKit/537.36 (KHTML, like Gecko) Chrome/64.0.3282.140 Safari/537.36 Edge/17.17134"
174.31.24.5 - - [17/Jun/2018:12:58:19 -0500] "GET /home/addFunds HTTP/1.1" 307 - "-" "Mozilla/5.0 (Windows NT 10.0; Win64; x64) AppleWebKit/537.36 (KHTML, like Gecko) Chrome/67.0.3396.87 Safari/537.36"
97.113.84.211 - - [17/Jun/2018:12:58:40 -0500] "GET /home/account HTTP/1.1" 307 - "-" "Mozilla/5.0 (Windows NT 10.0; Win64; x64) AppleWebKit/537.36 (KHTML, like Gecko) Chrome/64.0.3282.140 Safari/537.36 Edge/17.17134"
174.31.24.5 - - [17/Jun/2018:12:58:42 -0500] "GET /home HTTP/1.1" 307 - "-" "Mozilla/5.0 (Windows NT 10.0; Win64; x64) AppleWebKit/537.36 (KHTML, like Gecko) Chrome/67.0.3396.87 Safari/537.36"
69.131.229.245 - - [17/Jun/2018:13:00:19 -0500] "GET /home HTTP/1.1" 307 - "-" "Mozilla/5.0 (Windows NT 6.1; WOW64; Trident/7.0; rv:11.0) like Gecko"
69.131.229.245 - - [17/Jun/2018:13:00:37 -0500] "GET /home HTTP/1.1" 307 - "-" "Mozilla/5.0 (Windows NT 6.1; WOW64; Trident/7.0; rv:11.0) like Gecko"
66.178.162.10 - - [17/Jun/2018:13:00:42 -0500] "GET /home HTTP/1.1" 307 - "-" "Mozilla/5.0 (Windows NT 6.1; WOW64; Trident/7.0; rv:11.0) like Gecko"
66.178.162.10 - - [17/Jun/2018:13:00:42 -0500] "GET /login HTTP/1.1" 200 2413 "-" "Mozilla/5.0 (Windows NT 6.1; WOW64; Trident/7.0; rv:11.0) like Gecko"
69.131.229.245 - - [17/Jun/2018:13:00:51 -0500] "GET /home HTTP/1.1" 307 - "-" "Mozilla/5.0 (Windows NT 6.1; WOW64; Trident/7.0; rv:11.0) like Gecko"
63.155.235.29 - - [17/Jun/2018:13:02:43 -0500] "GET /home HTTP/1.1" 307 - "-" "Mozilla/5.0 (Windows NT 6.1; Trident/7.0; rv:11.0) like Gecko"
63.155.235.29 - - [17/Jun/2018:13:03:00 -0500] "GET /home HTTP/1.1" 307 - "-" "Mozilla/5.0 (Windows NT 6.1; Trident/7.0; rv:11.0) like Gecko"
174.31.24.5 - - [17/Jun/2018:13:04:55 -0500] "GET /home HTTP/1.1" 307 - "-" "Mozilla/5.0 (Windows NT 10.0; Win64; x64) AppleWebKit/537.36 (KHTML, like Gecko) Chrome/67.0.3396.87 Safari/537.36"
174.31.24.5 - - [17/Jun/2018:13:05:09 -0500] "GET /home/addFunds HTTP/1.1" 307 - "-" "Mozilla/5.0 (Windows NT 10.0; Win64; x64) AppleWebKit/537.36 (KHTML, like Gecko) Chrome/67.0.3396.87 Safari/537.36"
65.102.138.129 - - [17/Jun/2018:13:05:20 -0500] "GET /home HTTP/1.1" 307 - "-" "Mozilla/5.0 (Windows NT 10.0; Win64; x64) AppleWebKit/537.36 (KHTML, like Gecko) Chrome/67.0.3396.87 Safari/537.36"
174.31.24.5 - - [17/Jun/2018:13:05:23 -0500] "GET /login/authenticate HTTP/1.1" 200 2468 "-" "Mozilla/5.0 (Windows NT 10.0; Win64; x64) AppleWebKit/537.36 (KHTML, like Gecko) Chrome/67.0.3396.87 Safari/537.36"
174.31.24.5 - - [17/Jun/2018:13:05:43 -0500] "GET /home HTTP/1.1" 307 - "-" "Mozilla/5.0 (Windows NT 10.0; Win64; x64) AppleWebKit/537.36 (KHTML, like Gecko) Chrome/67.0.3396.87 Safari/537.36"
174.31.24.5 - - [17/Jun/2018:13:06:14 -0500] "GET /home HTTP/1.1" 307 - "-" "Mozilla/5.0 (Windows NT 10.0; Win64; x64) AppleWebKit/537.36 (KHTML, like Gecko) Chrome/67.0.3396.87 Safari/537.36"
98.232.84.234 - - [17/Jun/2018:13:06:22 -0500] "GET /home HTTP/1.1" 307 - "-" "Mozilla/5.0 (Windows NT 6.1; WOW64; Trident/7.0; rv:11.0) like Gecko"
63.155.235.29 - - [17/Jun/2018:13:06:25 -0500] "GET /home HTTP/1.1" 307 - "-" "Mozilla/5.0 (Windows NT 6.1; Trident/7.0; rv:11.0) like Gecko"
75.149.169.186 - - [17/Jun/2018:13:11:48 -0500] "GET /home HTTP/1.1" 307 - "-" "Mozilla/5.0 (Windows NT 6.1) AppleWebKit/537.36 (KHTML, like Gecko) Chrome/67.0.3396.87 Safari/537.36"
174.216.14.122 - - [17/Jun/2018:13:16:01 -0500] "GET /home HTTP/1.1" 307 - "https://www.myringring.net/report/guestsNumbersDeleteAll" "Mozilla/5.0 (Linux; Android 7.0; SM-T818V Build/NRD90M) AppleWebKit/537.36 (KHTML, like Gecko) Chrome/66.0.3359.158 Safari/537.36"
174.216.14.122 - - [17/Jun/2018:13:16:26 -0500] "GET /home HTTP/1.1" 307 - "-" "Mozilla/5.0 (Linux; Android 7.0; SM-T818V Build/NRD90M) AppleWebKit/537.36 (KHTML, like Gecko) Chrome/66.0.3359.158 Safari/537.36"
66.189.180.85 - - [17/Jun/2018:13:17:23 -0500] "GET /home HTTP/1.1" 307 - "-" "Mozilla/5.0 (Windows NT 10.0; Win64; x64) AppleWebKit/537.36 (KHTML, like Gecko) Chrome/64.0.3282.140 Safari/537.36 Edge/17.17134"
63.225.162.76 - - [17/Jun/2018:13:17:51 -0500] "GET /home HTTP/1.1" 307 - "-" "Mozilla/5.0 (Windows NT 10.0; Win64; x64) AppleWebKit/537.36 (KHTML, like Gecko) Chrome/67.0.3396.87 Safari/537.36"
24.18.160.71 - - [17/Jun/2018:13:18:34 -0500] "GET /home HTTP/1.1" 307 - "-" "Mozilla/5.0 (Windows NT 6.1) AppleWebKit/537.36 (KHTML, like Gecko) Chrome/66.0.3359.181 Safari/537.36"
98.232.84.234 - - [17/Jun/2018:13:18:54 -0500] "GET /home HTTP/1.1" 307 - "-" "Mozilla/5.0 (Windows NT 6.1; WOW64; Trident/7.0; rv:11.0) like Gecko"
24.18.160.71 - - [17/Jun/2018:13:21:13 -0500] "GET /home HTTP/1.1" 307 - "-" "Mozilla/5.0 (Windows NT 6.1) AppleWebKit/537.36 (KHTML, like Gecko) Chrome/66.0.3359.181 Safari/537.36"
198.71.31.181 - - [17/Jun/2018:13:37:01 -0500] "GET /home/getRecipients/5097908166 HTTP/1.1" 307 - "https://www.myringring.net/home/addFunds" "Mozilla/5.0 (X11; CrOS x86_64 10323.67.0) AppleWebKit/537.36 (KHTML, like Gecko) Chrome/65.0.3325.209 Safari/537.36"
198.71.31.181 - - [17/Jun/2018:13:37:10 -0500] "POST /home/addFunds HTTP/1.1" 303 - "https://www.myringring.net/home" "Mozilla/5.0 (X11; CrOS x86_64 10323.67.0) AppleWebKit/537.36 (KHTML, like Gecko) Chrome/65.0.3325.209 Safari/537.36"
76.193.66.172 - - [17/Jun/2018:13:38:50 -0500] "GET /home HTTP/1.1" 307 - "-" "Mozilla/5.0 (Linux; Android 7.0; SAMSUNG SM-N920A Build/NRD90M) AppleWebKit/537.36 (KHTML, like Gecko) SamsungBrowser/6.4 Chrome/56.0.2924.87 Mobile Safari/537.36"
76.193.66.172 - - [17/Jun/2018:13:39:07 -0500] "GET /home HTTP/1.1" 307 - "-" "Mozilla/5.0 (Linux; Android 7.0; SAMSUNG SM-N920A Build/NRD90M) AppleWebKit/537.36 (KHTML, like Gecko) SamsungBrowser/6.4 Chrome/56.0.2924.87 Mobile Safari/537.36"
173.11.134.186 - - [17/Jun/2018:13:39:51 -0500] "GET /home HTTP/1.1" 307 - "-" "Mozilla/5.0 (Windows NT 10.0; WOW64; Trident/7.0; rv:11.0) like Gecko"
173.11.134.186 - - [17/Jun/2018:13:39:59 -0500] "GET /home HTTP/1.1" 307 - "-" "Mozilla/5.0 (Windows NT 10.0; WOW64; Trident/7.0; rv:11.0) like Gecko"
71.193.163.1 - - [17/Jun/2018:13:41:01 -0500] "GET /home HTTP/1.1" 307 - "-" "Mozilla/5.0 (Windows NT 6.1; Win64; x64) AppleWebKit/537.36 (KHTML, like Gecko) Chrome/67.0.3396.87 Safari/537.36"
50.197.71.38 - - [17/Jun/2018:13:41:45 -0500] "GET /home HTTP/1.1" 307 - "-" "Mozilla/5.0 (Windows NT 6.1; Win64; x64) AppleWebKit/537.36 (KHTML, like Gecko) Chrome/67.0.3396.87 Safari/537.36"
189.216.148.13 - - [17/Jun/2018:13:42:01 -0500] "GET /report/guestsNumbersDeleteAll HTTP/1.1" 307 - "-" "Mozilla/5.0 (Macintosh; Intel Mac OS X 10_12_6) AppleWebKit/537.36 (KHTML, like Gecko) Chrome/67.0.3396.87 Safari/537.36"
172.0.33.115 - - [17/Jun/2018:13:42:11 -0500] "GET /home HTTP/1.1" 307 - "-" "Mozilla/5.0 (iPhone; CPU iPhone OS 11_4 like Mac OS X) AppleWebKit/605.1.15 (KHTML, like Gecko) Version/11.0 Mobile/15E148 Safari/604.1"
189.216.148.13 - - [17/Jun/2018:13:42:13 -0500] "GET / HTTP/1.1" 200 2413 "-" "Mozilla/5.0 (Macintosh; Intel Mac OS X 10_12_6) AppleWebKit/537.36 (KHTML, like Gecko) Chrome/67.0.3396.87 Safari/537.36"
189.216.148.13 - - [17/Jun/2018:13:42:28 -0500] "GET / HTTP/1.1" 200 2413 "-" "Mozilla/5.0 (Macintosh; Intel Mac OS X 10_12_6) AppleWebKit/537.36 (KHTML, like Gecko) Chrome/67.0.3396.87 Safari/537.36"
50.197.71.38 - - [17/Jun/2018:13:42:30 -0500] "GET /home HTTP/1.1" 307 - "-" "Mozilla/5.0 (Windows NT 6.1; Win64; x64) AppleWebKit/537.36 (KHTML, like Gecko) Chrome/67.0.3396.87 Safari/537.36"
189.216.148.13 - - [17/Jun/2018:13:42:37 -0500] "GET /home HTTP/1.1" 307 - "-" "Mozilla/5.0 (Macintosh; Intel Mac OS X 10_12_6) AppleWebKit/605.1.15 (KHTML, like Gecko) Version/11.1.1 Safari/605.1.15"
50.194.59.82 - - [17/Jun/2018:13:44:52 -0500] "GET /home HTTP/1.1" 307 - "-" "Mozilla/5.0 (iPad; CPU OS 7_0_4 like Mac OS X) AppleWebKit/537.51.1 (KHTML, like Gecko) Version/7.0 Mobile/11B554a Safari/9537.53"
173.11.134.186 - - [17/Jun/2018:13:44:52 -0500] "GET /home HTTP/1.1" 307 - "-" "Mozilla/5.0 (Windows NT 10.0; WOW64; Trident/7.0; rv:11.0) like Gecko"
50.194.59.82 - - [17/Jun/2018:13:44:59 -0500] "GET /home HTTP/1.1" 307 - "-" "Mozilla/5.0 (iPad; CPU OS 7_0_4 like Mac OS X) AppleWebKit/537.51.1 (KHTML, like Gecko) Version/7.0 Mobile/11B554a Safari/9537.53"
71.231.0.91 - - [17/Jun/2018:13:45:02 -0500] "GET /home HTTP/1.1" 200 44400 "-" "Mozilla/5.0 (Windows NT 6.2; Win64; x64) AppleWebKit/537.36 (KHTML, like Gecko) Chrome/67.0.3396.87 Safari/537.36"
71.231.0.91 - - [17/Jun/2018:13:45:04 -0500] "GET /home HTTP/1.1" 200 44400 "-" "Mozilla/5.0 (Windows NT 6.2; Win64; x64) AppleWebKit/537.36 (KHTML, like Gecko) Chrome/67.0.3396.87 Safari/537.36"
