24.216.248.77 - - [17/Jun/2018:17:07:54 -0500] "GET /login HTTP/1.1" 200 2413 "-" "Mozilla/5.0 (Windows NT 10.0; Win64; x64) AppleWebKit/537.36 (KHTML, like Gecko) Chrome/64.0.3282.140 Safari/537.36 Edge/17.17134"
24.216.248.77 - - [17/Jun/2018:17:07:55 -0500] "GET /favicon.ico HTTP/1.1" 404 1190 "-" "Mozilla/5.0 (Windows NT 10.0; Win64; x64) AppleWebKit/537.36 (KHTML, like Gecko) Chrome/64.0.3282.140 Safari/537.36 Edge/17.17134"
50.39.164.251 - - [17/Jun/2018:17:08:03 -0500] "GET /clientCtrl/transactionsList HTTP/1.1" 307 - "-" "Mozilla/5.0 (Windows NT 10.0; Win64; x64) AppleWebKit/537.36 (KHTML, like Gecko) Chrome/67.0.3396.87 Safari/537.36"
50.39.164.251 - - [17/Jun/2018:17:09:32 -0500] "GET /clientCtrl/transactionsList HTTP/1.1" 307 - "-" "Mozilla/5.0 (Windows NT 10.0; Win64; x64) AppleWebKit/537.36 (KHTML, like Gecko) Chrome/67.0.3396.87 Safari/537.36"
24.216.248.77 - - [17/Jun/2018:17:10:10 -0500] "GET /login HTTP/1.1" 307 - "-" "Mozilla/5.0 (Windows NT 10.0; Win64; x64) AppleWebKit/537.36 (KHTML, like Gecko) Chrome/64.0.3282.140 Safari/537.36 Edge/17.17134"
24.216.248.77 - - [17/Jun/2018:17:10:17 -0500] "GET /login HTTP/1.1" 307 - "-" "Mozilla/5.0 (Windows NT 10.0; Win64; x64) AppleWebKit/537.36 (KHTML, like Gecko) Chrome/64.0.3282.140 Safari/537.36 Edge/17.17134"
24.216.248.77 - - [17/Jun/2018:17:10:23 -0500] "GET /home/addFunds HTTP/1.1" 200 44557 "-" "Mozilla/5.0 (Windows NT 10.0; Win64; x64) AppleWebKit/537.36 (KHTML, like Gecko) Chrome/64.0.3282.140 Safari/537.36 Edge/17.17134"
24.216.248.77 - - [17/Jun/2018:17:10:24 -0500] "GET /favicon.ico HTTP/1.1" 404 1190 "-" "Mozilla/5.0 (Windows NT 10.0; Win64; x64) AppleWebKit/537.36 (KHTML, like Gecko) Chrome/64.0.3282.140 Safari/537.36 Edge/17.17134"
24.216.248.77 - - [17/Jun/2018:17:10:31 -0500] "GET /login HTTP/1.1" 307 - "-" "Mozilla/5.0 (Windows NT 10.0; Win64; x64) AppleWebKit/537.36 (KHTML, like Gecko) Chrome/64.0.3282.140 Safari/537.36 Edge/17.17134"
24.216.248.77 - - [17/Jun/2018:17:10:46 -0500] "GET /home/addFunds HTTP/1.1" 200 44557 "-" "Mozilla/5.0 (Windows NT 10.0; Win64; x64) AppleWebKit/537.36 (KHTML, like Gecko) Chrome/64.0.3282.140 Safari/537.36 Edge/17.17134"
24.216.248.77 - - [17/Jun/2018:17:10:47 -0500] "GET /favicon.ico HTTP/1.1" 404 1190 "-" "Mozilla/5.0 (Windows NT 10.0; Win64; x64) AppleWebKit/537.36 (KHTML, like Gecko) Chrome/64.0.3282.140 Safari/537.36 Edge/17.17134"
24.216.248.77 - - [17/Jun/2018:17:10:58 -0500] "GET /home/addFunds HTTP/1.1" 200 44557 "-" "Mozilla/5.0 (Windows NT 10.0; Win64; x64) AppleWebKit/537.36 (KHTML, like Gecko) Chrome/64.0.3282.140 Safari/537.36 Edge/17.17134"
24.216.248.77 - - [17/Jun/2018:17:10:59 -0500] "GET /favicon.ico HTTP/1.1" 404 1190 "-" "Mozilla/5.0 (Windows NT 10.0; Win64; x64) AppleWebKit/537.36 (KHTML, like Gecko) Chrome/64.0.3282.140 Safari/537.36 Edge/17.17134"
24.216.248.77 - - [17/Jun/2018:17:11:05 -0500] "GET /home/addFunds HTTP/1.1" 200 44557 "https://www.myringring.net/home/addFunds" "Mozilla/5.0 (Windows NT 10.0; Win64; x64) AppleWebKit/537.36 (KHTML, like Gecko) Chrome/64.0.3282.140 Safari/537.36 Edge/17.17134"
24.216.248.77 - - [17/Jun/2018:17:11:05 -0500] "GET /favicon.ico HTTP/1.1" 404 1190 "-" "Mozilla/5.0 (Windows NT 10.0; Win64; x64) AppleWebKit/537.36 (KHTML, like Gecko) Chrome/64.0.3282.140 Safari/537.36 Edge/17.17134"
24.216.248.77 - - [17/Jun/2018:17:11:11 -0500] "GET /login HTTP/1.1" 307 - "-" "Mozilla/5.0 (Windows NT 10.0; Win64; x64) AppleWebKit/537.36 (KHTML, like Gecko) Chrome/64.0.3282.140 Safari/537.36 Edge/17.17134"
24.216.248.77 - - [17/Jun/2018:17:11:16 -0500] "GET /login HTTP/1.1" 307 - "-" "Mozilla/5.0 (Windows NT 10.0; Win64; x64) AppleWebKit/537.36 (KHTML, like Gecko) Chrome/64.0.3282.140 Safari/537.36 Edge/17.17134"
50.39.164.251 - - [17/Jun/2018:17:15:02 -0500] "GET /clientCtrl/transactionsList HTTP/1.1" 307 - "-" "Mozilla/5.0 (Windows NT 10.0; Win64; x64) AppleWebKit/537.36 (KHTML, like Gecko) Chrome/67.0.3396.87 Safari/537.36"
63.155.230.84 - - [17/Jun/2018:17:15:58 -0500] "GET /home HTTP/1.1" 307 - "-" "Mozilla/5.0 (Windows NT 6.1; WOW64; Trident/7.0; rv:11.0) like Gecko"
24.216.248.77 - - [17/Jun/2018:17:17:25 -0500] "GET /login HTTP/1.1" 307 - "-" "Mozilla/5.0 (Windows NT 10.0; Win64; x64) AppleWebKit/537.36 (KHTML, like Gecko) Chrome/64.0.3282.140 Safari/537.36 Edge/17.17134"
24.18.114.115 - - [17/Jun/2018:17:17:30 -0500] "GET /home HTTP/1.1" 307 - "-" "Mozilla/5.0 (Windows NT 10.0; Win64; x64) AppleWebKit/537.36 (KHTML, like Gecko) Chrome/67.0.3396.87 Safari/537.36"
24.216.248.77 - - [17/Jun/2018:17:17:32 -0500] "GET /home/addFunds HTTP/1.1" 200 44557 "-" "Mozilla/5.0 (Windows NT 10.0; Win64; x64) AppleWebKit/537.36 (KHTML, like Gecko) Chrome/64.0.3282.140 Safari/537.36 Edge/17.17134"
24.216.248.77 - - [17/Jun/2018:17:17:33 -0500] "GET /favicon.ico HTTP/1.1" 404 1190 "-" "Mozilla/5.0 (Windows NT 10.0; Win64; x64) AppleWebKit/537.36 (KHTML, like Gecko) Chrome/64.0.3282.140 Safari/537.36 Edge/17.17134"
24.18.114.115 - - [17/Jun/2018:17:17:33 -0500] "GET /home HTTP/1.1" 307 - "-" "Mozilla/5.0 (Windows NT 10.0; Win64; x64) AppleWebKit/537.36 (KHTML, like Gecko) Chrome/67.0.3396.87 Safari/537.36"
63.155.230.84 - - [17/Jun/2018:17:18:31 -0500] "GET /home HTTP/1.1" 307 - "-" "Mozilla/5.0 (Windows NT 6.1; WOW64; Trident/7.0; rv:11.0) like Gecko"
73.118.183.181 - - [17/Jun/2018:17:20:48 -0500] "GET /home HTTP/1.1" 307 - "-" "Mozilla/5.0 (Windows NT 10.0; Win64; x64) AppleWebKit/537.36 (KHTML, like Gecko) Chrome/64.0.3282.140 Safari/537.36 Edge/17.17134"
24.223.83.189 - - [17/Jun/2018:17:22:13 -0500] "GET /login HTTP/1.1" 200 2413 "-" "Mozilla/5.0 (Linux; Android 5.1.1; KFFOWI Build/LVY48F) AppleWebKit/537.36 (KHTML, like Gecko) Silk/66.3.1 like Chrome/66.0.3359.158 Safari/537.36"
24.223.83.189 - - [17/Jun/2018:17:22:33 -0500] "GET /login HTTP/1.1" 200 2413 "-" "Mozilla/5.0 (Linux; Android 5.1.1; KFFOWI Build/LVY48F) AppleWebKit/537.36 (KHTML, like Gecko) Silk/66.3.1 like Chrome/66.0.3359.158 Safari/537.36"
24.223.83.189 - - [17/Jun/2018:17:23:30 -0500] "GET /login HTTP/1.1" 200 2413 "-" "Mozilla/5.0 (Linux; Android 5.1.1; KFFOWI Build/LVY48F) AppleWebKit/537.36 (KHTML, like Gecko) Silk/66.3.1 like Chrome/66.0.3359.158 Safari/537.36"
24.223.83.189 - - [17/Jun/2018:17:23:57 -0500] "GET /login HTTP/1.1" 200 2413 "-" "Mozilla/5.0 (Linux; Android 5.1.1; KFFOWI Build/LVY48F) AppleWebKit/537.36 (KHTML, like Gecko) Silk/66.3.1 like Chrome/66.0.3359.158 Safari/537.36"
24.223.83.189 - - [17/Jun/2018:17:24:16 -0500] "GET /login HTTP/1.1" 200 2413 "-" "Mozilla/5.0 (Linux; Android 5.1.1; KFFOWI Build/LVY48F) AppleWebKit/537.36 (KHTML, like Gecko) Silk/66.3.1 like Chrome/66.0.3359.158 Safari/537.36"
24.223.83.189 - - [17/Jun/2018:17:24:35 -0500] "GET /login HTTP/1.1" 200 2413 "-" "Mozilla/5.0 (Linux; Android 5.1.1; KFFOWI Build/LVY48F) AppleWebKit/537.36 (KHTML, like Gecko) Silk/66.3.1 like Chrome/66.0.3359.158 Safari/537.36"
172.4.41.139 - - [17/Jun/2018:17:27:40 -0500] "GET /home HTTP/1.1" 307 - "-" "Mozilla/5.0 (Windows NT 6.1; WOW64; Trident/7.0; rv:11.0) like Gecko"
97.113.247.251 - - [17/Jun/2018:17:34:00 -0500] "GET /home HTTP/1.1" 307 - "-" "Mozilla/5.0 (Windows NT 10.0; Win64; x64) AppleWebKit/537.36 (KHTML, like Gecko) Chrome/67.0.3396.87 Safari/537.36"
98.232.84.234 - - [17/Jun/2018:17:35:10 -0500] "GET /home HTTP/1.1" 307 - "-" "Mozilla/5.0 (Windows NT 6.1; WOW64; Trident/7.0; rv:11.0) like Gecko"
68.118.51.11 - - [17/Jun/2018:17:37:45 -0500] "GET /home HTTP/1.1" 307 - "-" "Mozilla/5.0 (Windows NT 6.1) AppleWebKit/537.36 (KHTML, like Gecko) Chrome/67.0.3396.87 Safari/537.36"
66.189.180.85 - - [17/Jun/2018:17:38:35 -0500] "GET /home HTTP/1.1" 307 - "-" "Mozilla/5.0 (Windows NT 10.0; Win64; x64) AppleWebKit/537.36 (KHTML, like Gecko) Chrome/64.0.3282.140 Safari/537.36 Edge/17.17134"
63.155.230.84 - - [17/Jun/2018:17:40:50 -0500] "GET /home HTTP/1.1" 307 - "-" "Mozilla/5.0 (Windows NT 6.1; WOW64; Trident/7.0; rv:11.0) like Gecko"
50.106.32.134 - - [17/Jun/2018:17:41:39 -0500] "GET /home HTTP/1.1" 307 - "-" "Mozilla/5.0 (Windows NT 6.3; WOW64) AppleWebKit/537.36 (KHTML, like Gecko) Chrome/37.0.2062.124 Safari/537.36"
50.106.32.134 - - [17/Jun/2018:17:42:34 -0500] "GET /home HTTP/1.1" 307 - "-" "Mozilla/5.0 (Windows NT 6.3; WOW64) AppleWebKit/537.36 (KHTML, like Gecko) Chrome/37.0.2062.124 Safari/537.36"
50.106.32.134 - - [17/Jun/2018:17:43:19 -0500] "GET /home HTTP/1.1" 307 - "-" "Mozilla/5.0 (Windows NT 6.3; WOW64) AppleWebKit/537.36 (KHTML, like Gecko) Chrome/37.0.2062.124 Safari/537.36"
50.106.32.134 - - [17/Jun/2018:17:43:42 -0500] "GET /home HTTP/1.1" 307 - "-" "Mozilla/5.0 (Windows NT 6.3; WOW64) AppleWebKit/537.36 (KHTML, like Gecko) Chrome/37.0.2062.124 Safari/537.36"
63.155.230.84 - - [17/Jun/2018:17:43:48 -0500] "GET /home HTTP/1.1" 307 - "-" "Mozilla/5.0 (Windows NT 6.1; WOW64; Trident/7.0; rv:11.0) like Gecko"
50.106.32.134 - - [17/Jun/2018:17:45:00 -0500] "GET /home HTTP/1.1" 307 - "-" "Mozilla/5.0 (Windows NT 6.3; WOW64) AppleWebKit/537.36 (KHTML, like Gecko) Chrome/37.0.2062.124 Safari/537.36"
68.186.81.30 - - [17/Jun/2018:17:47:18 -0500] "GET /home HTTP/1.1" 307 - "-" "Mozilla/5.0 (Windows NT 6.1; WOW64; Trident/7.0; rv:11.0) like Gecko"
68.186.81.30 - - [17/Jun/2018:17:47:28 -0500] "GET /home HTTP/1.1" 307 - "-" "Mozilla/5.0 (Windows NT 6.1; WOW64; Trident/7.0; rv:11.0) like Gecko"
68.186.81.30 - - [17/Jun/2018:17:47:31 -0500] "GET /home HTTP/1.1" 307 - "-" "Mozilla/5.0 (Windows NT 6.1; WOW64; Trident/7.0; rv:11.0) like Gecko"
67.237.226.108 - - [17/Jun/2018:17:47:55 -0500] "GET /home/addFunds HTTP/1.1" 307 - "-" "Mozilla/5.0 (Windows NT 10.0; Win64; x64) AppleWebKit/537.36 (KHTML, like Gecko) Chrome/58.0.3029.110 Safari/537.36 Edge/16.16299"
68.186.81.30 - - [17/Jun/2018:17:48:00 -0500] "GET /home HTTP/1.1" 307 - "-" "Mozilla/5.0 (Windows NT 6.1; WOW64; Trident/7.0; rv:11.0) like Gecko"
50.194.59.82 - - [17/Jun/2018:17:48:05 -0500] "GET /home HTTP/1.1" 307 - "-" "Mozilla/5.0 (iPad; CPU OS 7_0_4 like Mac OS X) AppleWebKit/537.51.1 (KHTML, like Gecko) Version/7.0 Mobile/11B554a Safari/9537.53"
68.186.81.30 - - [17/Jun/2018:17:48:10 -0500] "GET /home HTTP/1.1" 307 - "-" "Mozilla/5.0 (Windows NT 6.1; WOW64; Trident/7.0; rv:11.0) like Gecko"
67.168.120.175 - - [17/Jun/2018:17:49:39 -0500] "GET /home HTTP/1.1" 307 - "-" "Mozilla/5.0 (Windows NT 10.0; Win64; x64) AppleWebKit/537.36 (KHTML, like Gecko) Chrome/66.0.3359.181 Safari/537.36"
67.168.120.175 - - [17/Jun/2018:17:50:29 -0500] "GET /home HTTP/1.1" 307 - "-" "Mozilla/5.0 (Windows NT 10.0; Win64; x64) AppleWebKit/537.36 (KHTML, like Gecko) Chrome/66.0.3359.181 Safari/537.36"
172.86.136.52 - - [17/Jun/2018:17:52:31 -0500] "GET /home HTTP/1.1" 307 - "-" "Mozilla/5.0 (iPad; CPU OS 7_1_2 like Mac OS X) AppleWebKit/537.51.2 (KHTML, like Gecko) Version/7.0 Mobile/11D257 Safari/9537.53"
50.34.139.68 - - [17/Jun/2018:17:52:31 -0500] "GET /home HTTP/1.1" 307 - "-" "Mozilla/5.0 (Windows NT 6.1) AppleWebKit/537.36 (KHTML, like Gecko) Chrome/66.0.3359.181 Safari/537.36"
172.86.136.52 - - [17/Jun/2018:17:52:52 -0500] "GET /home/getRecipients/5093460972 HTTP/1.1" 307 - "https://www.myringring.net/home/addFunds" "Mozilla/5.0 (iPad; CPU OS 7_1_2 like Mac OS X) AppleWebKit/537.51.2 (KHTML, like Gecko) Version/7.0 Mobile/11D257 Safari/9537.53"
172.86.136.52 - - [17/Jun/2018:17:52:58 -0500] "GET /home HTTP/1.1" 307 - "-" "Mozilla/5.0 (iPad; CPU OS 7_1_2 like Mac OS X) AppleWebKit/537.51.2 (KHTML, like Gecko) Version/7.0 Mobile/11D257 Safari/9537.53"
172.86.136.52 - - [17/Jun/2018:17:53:02 -0500] "GET /home/addFunds HTTP/1.1" 307 - "-" "Mozilla/5.0 (iPad; CPU OS 7_1_2 like Mac OS X) AppleWebKit/537.51.2 (KHTML, like Gecko) Version/7.0 Mobile/11D257 Safari/9537.53"
172.86.136.52 - - [17/Jun/2018:17:53:04 -0500] "GET /home/addFunds HTTP/1.1" 307 - "-" "Mozilla/5.0 (iPad; CPU OS 7_1_2 like Mac OS X) AppleWebKit/537.51.2 (KHTML, like Gecko) Version/7.0 Mobile/11D257 Safari/9537.53"
50.106.32.134 - - [17/Jun/2018:17:53:05 -0500] "GET /home HTTP/1.1" 307 - "-" "Mozilla/5.0 (Windows NT 6.3; WOW64) AppleWebKit/537.36 (KHTML, like Gecko) Chrome/37.0.2062.124 Safari/537.36"
172.86.136.52 - - [17/Jun/2018:17:53:06 -0500] "GET /home/addFunds HTTP/1.1" 307 - "-" "Mozilla/5.0 (iPad; CPU OS 7_1_2 like Mac OS X) AppleWebKit/537.51.2 (KHTML, like Gecko) Version/7.0 Mobile/11D257 Safari/9537.53"
172.86.136.52 - - [17/Jun/2018:17:53:07 -0500] "GET /home/addFunds HTTP/1.1" 307 - "-" "Mozilla/5.0 (iPad; CPU OS 7_1_2 like Mac OS X) AppleWebKit/537.51.2 (KHTML, like Gecko) Version/7.0 Mobile/11D257 Safari/9537.53"
172.86.136.52 - - [17/Jun/2018:17:53:13 -0500] "GET /home HTTP/1.1" 307 - "-" "Mozilla/5.0 (iPad; CPU OS 7_1_2 like Mac OS X) AppleWebKit/537.51.2 (KHTML, like Gecko) Version/7.0 Mobile/11D257 Safari/9537.53"
172.86.136.52 - - [17/Jun/2018:17:53:29 -0500] "GET /home HTTP/1.1" 307 - "-" "Mozilla/5.0 (iPad; CPU OS 7_1_2 like Mac OS X) AppleWebKit/537.51.2 (KHTML, like Gecko) Version/7.0 Mobile/11D257 Safari/9537.53"
50.39.164.251 - - [17/Jun/2018:17:55:16 -0500] "GET /clientCtrl/transactionsList HTTP/1.1" 307 - "-" "Mozilla/5.0 (Windows NT 10.0; Win64; x64) AppleWebKit/537.36 (KHTML, like Gecko) Chrome/67.0.3396.87 Safari/537.36"
67.168.120.175 - - [17/Jun/2018:17:57:56 -0500] "GET /home HTTP/1.1" 307 - "-" "Mozilla/5.0 (Windows NT 10.0; Win64; x64) AppleWebKit/537.36 (KHTML, like Gecko) Chrome/66.0.3359.181 Safari/537.36"
67.168.120.175 - - [17/Jun/2018:17:58:19 -0500] "GET /home HTTP/1.1" 307 - "-" "Mozilla/5.0 (Windows NT 10.0; Win64; x64) AppleWebKit/537.36 (KHTML, like Gecko) Chrome/66.0.3359.181 Safari/537.36"
67.168.120.175 - - [17/Jun/2018:17:58:33 -0500] "GET /home HTTP/1.1" 307 - "-" "Mozilla/5.0 (Windows NT 10.0; Win64; x64) AppleWebKit/537.36 (KHTML, like Gecko) Chrome/66.0.3359.181 Safari/537.36"
67.168.120.175 - - [17/Jun/2018:17:58:45 -0500] "GET /home HTTP/1.1" 307 - "-" "Mozilla/5.0 (Windows NT 10.0; Win64; x64) AppleWebKit/537.36 (KHTML, like Gecko) Chrome/66.0.3359.181 Safari/537.36"
47.33.174.115 - - [17/Jun/2018:17:58:55 -0500] "GET /home HTTP/1.1" 307 - "-" "Mozilla/5.0 (Windows NT 6.1) AppleWebKit/537.36 (KHTML, like Gecko) Chrome/67.0.3396.87 Safari/537.36"
47.33.174.115 - - [17/Jun/2018:17:59:09 -0500] "GET /home HTTP/1.1" 307 - "-" "Mozilla/5.0 (Windows NT 6.1) AppleWebKit/537.36 (KHTML, like Gecko) Chrome/67.0.3396.87 Safari/537.36"
47.33.174.115 - - [17/Jun/2018:17:59:44 -0500] "GET /home HTTP/1.1" 307 - "-" "Mozilla/5.0 (Windows NT 6.1) AppleWebKit/537.36 (KHTML, like Gecko) Chrome/67.0.3396.87 Safari/537.36"
73.140.235.253 - - [17/Jun/2018:18:00:39 -0500] "GET /home HTTP/1.1" 307 - "-" "Mozilla/5.0 (Windows NT 6.1; WOW64; Trident/7.0; rv:11.0) like Gecko"
73.140.235.253 - - [17/Jun/2018:18:00:44 -0500] "GET /home HTTP/1.1" 307 - "-" "Mozilla/5.0 (Windows NT 6.1; WOW64; Trident/7.0; rv:11.0) like Gecko"
73.140.235.253 - - [17/Jun/2018:18:01:01 -0500] "GET /home HTTP/1.1" 307 - "-" "Mozilla/5.0 (Windows NT 6.1; WOW64; Trident/7.0; rv:11.0) like Gecko"
67.168.120.175 - - [17/Jun/2018:18:01:39 -0500] "GET /home HTTP/1.1" 307 - "-" "Mozilla/5.0 (Windows NT 10.0; Win64; x64) AppleWebKit/537.36 (KHTML, like Gecko) Chrome/66.0.3359.181 Safari/537.36"
50.39.164.251 - - [17/Jun/2018:18:01:57 -0500] "GET /clientCtrl/transactionsList HTTP/1.1" 307 - "-" "Mozilla/5.0 (Windows NT 10.0; Win64; x64) AppleWebKit/537.36 (KHTML, like Gecko) Chrome/67.0.3396.87 Safari/537.36"
67.168.120.175 - - [17/Jun/2018:18:03:03 -0500] "GET /home HTTP/1.1" 307 - "-" "Mozilla/5.0 (Windows NT 10.0; Win64; x64) AppleWebKit/537.36 (KHTML, like Gecko) Chrome/66.0.3359.181 Safari/537.36"
50.39.164.251 - - [17/Jun/2018:18:03:20 -0500] "GET /home HTTP/1.1" 307 - "-" "Mozilla/5.0 (Windows NT 10.0; Win64; x64) AppleWebKit/537.36 (KHTML, like Gecko) Chrome/67.0.3396.87 Safari/537.36"
73.140.235.253 - - [17/Jun/2018:18:04:12 -0500] "GET /home HTTP/1.1" 307 - "-" "Mozilla/5.0 (Windows NT 6.1; WOW64; Trident/7.0; rv:11.0) like Gecko"
50.34.139.68 - - [17/Jun/2018:18:04:17 -0500] "GET /home HTTP/1.1" 307 - "-" "Mozilla/5.0 (Windows NT 6.1) AppleWebKit/537.36 (KHTML, like Gecko) Chrome/66.0.3359.181 Safari/537.36"
172.86.136.52 - - [17/Jun/2018:18:15:12 -0500] "GET /home HTTP/1.1" 307 - "-" "Mozilla/5.0 (iPad; CPU OS 7_1_2 like Mac OS X) AppleWebKit/537.51.2 (KHTML, like Gecko) Version/7.0 Mobile/11D257 Safari/9537.53"
172.86.136.52 - - [17/Jun/2018:18:15:41 -0500] "GET /home HTTP/1.1" 307 - "-" "Mozilla/5.0 (iPad; CPU OS 7_1_2 like Mac OS X) AppleWebKit/537.51.2 (KHTML, like Gecko) Version/7.0 Mobile/11D257 Safari/9537.53"
50.106.32.134 - - [17/Jun/2018:18:16:29 -0500] "GET /home HTTP/1.1" 307 - "-" "Mozilla/5.0 (Windows NT 6.3; WOW64) AppleWebKit/537.36 (KHTML, like Gecko) Chrome/37.0.2062.124 Safari/537.36"
172.86.136.52 - - [17/Jun/2018:18:16:47 -0500] "GET /home HTTP/1.1" 200 44396 "-" "Mozilla/5.0 (iPad; CPU OS 7_1_2 like Mac OS X) AppleWebKit/537.51.2 (KHTML, like Gecko) Version/7.0 Mobile/11D257 Safari/9537.53"
172.86.136.52 - - [17/Jun/2018:18:16:49 -0500] "GET /apple-touch-icon-152x152-precomposed.png HTTP/1.1" 404 1190 "-" "MobileSafari/9537.53 CFNetwork/672.1.15 Darwin/14.0.0"
172.86.136.52 - - [17/Jun/2018:18:16:49 -0500] "GET /apple-touch-icon-152x152.png HTTP/1.1" 404 1190 "-" "MobileSafari/9537.53 CFNetwork/672.1.15 Darwin/14.0.0"
172.86.136.52 - - [17/Jun/2018:18:16:50 -0500] "GET /apple-touch-icon-precomposed.png HTTP/1.1" 404 1190 "-" "MobileSafari/9537.53 CFNetwork/672.1.15 Darwin/14.0.0"
172.86.136.52 - - [17/Jun/2018:18:16:50 -0500] "GET /apple-touch-icon.png HTTP/1.1" 404 1190 "-" "MobileSafari/9537.53 CFNetwork/672.1.15 Darwin/14.0.0"
172.86.136.52 - - [17/Jun/2018:18:16:57 -0500] "GET /home HTTP/1.1" 200 44396 "https://www.myringring.net/home" "Mozilla/5.0 (iPad; CPU OS 7_1_2 like Mac OS X) AppleWebKit/537.51.2 (KHTML, like Gecko) Version/7.0 Mobile/11D257 Safari/9537.53"
97.94.31.185 - - [17/Jun/2018:18:17:34 -0500] "GET /home HTTP/1.1" 307 - "https://www.myringring.net/home/addFunds" "Mozilla/5.0 (Windows NT 6.1; Win64; x64; rv:60.0) Gecko/20100101 Firefox/60.0"
172.86.136.52 - - [17/Jun/2018:18:18:44 -0500] "GET /home HTTP/1.1" 200 44396 "-" "Mozilla/5.0 (iPad; CPU OS 7_1_2 like Mac OS X) AppleWebKit/537.51.2 (KHTML, like Gecko) Version/7.0 Mobile/11D257 Safari/9537.53"
172.86.136.52 - - [17/Jun/2018:18:18:48 -0500] "GET /home HTTP/1.1" 200 44396 "-" "Mozilla/5.0 (iPad; CPU OS 7_1_2 like Mac OS X) AppleWebKit/537.51.2 (KHTML, like Gecko) Version/7.0 Mobile/11D257 Safari/9537.53"
172.86.136.52 - - [17/Jun/2018:18:18:51 -0500] "GET /home HTTP/1.1" 200 44396 "-" "Mozilla/5.0 (iPad; CPU OS 7_1_2 like Mac OS X) AppleWebKit/537.51.2 (KHTML, like Gecko) Version/7.0 Mobile/11D257 Safari/9537.53"
172.86.136.52 - - [17/Jun/2018:18:18:53 -0500] "GET /apple-touch-icon-152x152-precomposed.png HTTP/1.1" 404 1190 "-" "MobileSafari/9537.53 CFNetwork/672.1.15 Darwin/14.0.0"
172.86.136.52 - - [17/Jun/2018:18:18:54 -0500] "GET /apple-touch-icon-152x152.png HTTP/1.1" 404 1190 "-" "MobileSafari/9537.53 CFNetwork/672.1.15 Darwin/14.0.0"
172.86.136.52 - - [17/Jun/2018:18:18:54 -0500] "GET /apple-touch-icon-precomposed.png HTTP/1.1" 404 1190 "-" "MobileSafari/9537.53 CFNetwork/672.1.15 Darwin/14.0.0"
172.86.136.52 - - [17/Jun/2018:18:18:54 -0500] "GET /apple-touch-icon.png HTTP/1.1" 404 1190 "-" "MobileSafari/9537.53 CFNetwork/672.1.15 Darwin/14.0.0"
172.86.136.52 - - [17/Jun/2018:18:18:54 -0500] "GET /home HTTP/1.1" 200 44396 "-" "Mozilla/5.0 (iPad; CPU OS 7_1_2 like Mac OS X) AppleWebKit/537.51.2 (KHTML, like Gecko) Version/7.0 Mobile/11D257 Safari/9537.53"
50.106.32.134 - - [17/Jun/2018:18:19:09 -0500] "GET /home HTTP/1.1" 307 - "-" "Mozilla/5.0 (Windows NT 6.3; WOW64) AppleWebKit/537.36 (KHTML, like Gecko) Chrome/37.0.2062.124 Safari/537.36"
172.78.217.121 - - [17/Jun/2018:18:21:56 -0500] "GET /home HTTP/1.1" 307 - "-" "Mozilla/5.0 (Windows NT 6.1; WOW64; Trident/7.0; rv:11.0) like Gecko"
172.78.217.121 - - [17/Jun/2018:18:22:01 -0500] "GET /home HTTP/1.1" 307 - "-" "Mozilla/5.0 (Windows NT 6.1; WOW64; Trident/7.0; rv:11.0) like Gecko"
172.78.217.121 - - [17/Jun/2018:18:22:12 -0500] "GET /home HTTP/1.1" 307 - "-" "Mozilla/5.0 (Windows NT 6.1; WOW64; Trident/7.0; rv:11.0) like Gecko"
50.106.32.134 - - [17/Jun/2018:18:22:19 -0500] "GET /home HTTP/1.1" 307 - "-" "Mozilla/5.0 (Windows NT 6.3; WOW64) AppleWebKit/537.36 (KHTML, like Gecko) Chrome/37.0.2062.124 Safari/537.36"
172.78.217.121 - - [17/Jun/2018:18:22:24 -0500] "GET /home HTTP/1.1" 307 - "-" "Mozilla/5.0 (Windows NT 6.1; WOW64; Trident/7.0; rv:11.0) like Gecko"
172.78.217.121 - - [17/Jun/2018:18:23:02 -0500] "GET /home HTTP/1.1" 307 - "-" "Mozilla/5.0 (Windows NT 6.1; WOW64; Trident/7.0; rv:11.0) like Gecko"
174.21.178.15 - - [17/Jun/2018:18:24:48 -0500] "GET /home/getRecipients/3605902843 HTTP/1.1" 307 - "https://www.myringring.net/home/addFunds" "Mozilla/5.0 (Windows NT 10.0; Win64; x64) AppleWebKit/537.36 (KHTML, like Gecko) Chrome/67.0.3396.87 Safari/537.36"
174.21.178.15 - - [17/Jun/2018:18:25:30 -0500] "GET /home/getRecipients/3605902843 HTTP/1.1" 307 - "https://www.myringring.net/home/addFunds" "Mozilla/5.0 (Windows NT 10.0; Win64; x64) AppleWebKit/537.36 (KHTML, like Gecko) Chrome/67.0.3396.87 Safari/537.36"
172.78.203.45 - - [17/Jun/2018:18:26:06 -0500] "GET /home HTTP/1.1" 307 - "-" "Mozilla/5.0 (iPhone; CPU iPhone OS 11_2_6 like Mac OS X) AppleWebKit/604.5.6 (KHTML, like Gecko) Version/11.0 Mobile/15D100 Safari/604.1"
172.78.203.45 - - [17/Jun/2018:18:26:06 -0500] "GET /css/style.css HTTP/1.1" 304 - "https://www.myringring.net/login" "Mozilla/5.0 (iPhone; CPU iPhone OS 11_2_6 like Mac OS X) AppleWebKit/604.5.6 (KHTML, like Gecko) Version/11.0 Mobile/15D100 Safari/604.1"
172.78.203.45 - - [17/Jun/2018:18:26:06 -0500] "GET /images/logo-myringring.png HTTP/1.1" 304 - "https://www.myringring.net/login" "Mozilla/5.0 (iPhone; CPU iPhone OS 11_2_6 like Mac OS X) AppleWebKit/604.5.6 (KHTML, like Gecko) Version/11.0 Mobile/15D100 Safari/604.1"
172.78.203.45 - - [17/Jun/2018:18:26:11 -0500] "GET /home HTTP/1.1" 307 - "-" "Mozilla/5.0 (iPhone; CPU iPhone OS 11_2_6 like Mac OS X) AppleWebKit/604.5.6 (KHTML, like Gecko) Version/11.0 Mobile/15D100 Safari/604.1"
50.106.32.134 - - [17/Jun/2018:18:26:12 -0500] "GET /home HTTP/1.1" 307 - "-" "Mozilla/5.0 (Windows NT 6.3; WOW64) AppleWebKit/537.36 (KHTML, like Gecko) Chrome/37.0.2062.124 Safari/537.36"
172.78.203.45 - - [17/Jun/2018:18:26:15 -0500] "GET /home HTTP/1.1" 307 - "-" "Mozilla/5.0 (iPhone; CPU iPhone OS 11_2_6 like Mac OS X) AppleWebKit/604.5.6 (KHTML, like Gecko) Version/11.0 Mobile/15D100 Safari/604.1"
174.21.178.15 - - [17/Jun/2018:18:26:22 -0500] "GET /home/getRecipients/3605902843 HTTP/1.1" 307 - "https://www.myringring.net/home/addFunds" "Mozilla/5.0 (Windows NT 10.0; Win64; x64) AppleWebKit/537.36 (KHTML, like Gecko) Chrome/67.0.3396.87 Safari/537.36"
107.77.165.6 - - [17/Jun/2018:18:26:24 -0500] "GET /home HTTP/1.1" 307 - "-" "Mozilla/5.0 (iPhone; CPU iPhone OS 11_2_6 like Mac OS X) AppleWebKit/604.5.6 (KHTML, like Gecko) Version/11.0 Mobile/15D100 Safari/604.1"
107.77.165.6 - - [17/Jun/2018:18:26:34 -0500] "GET /login HTTP/1.1" 200 2413 "https://www.myringring.net/login" "Mozilla/5.0 (iPhone; CPU iPhone OS 11_2_6 like Mac OS X) AppleWebKit/604.5.6 (KHTML, like Gecko) Version/11.0 Mobile/15D100 Safari/604.1"
107.77.165.6 - - [17/Jun/2018:18:26:45 -0500] "GET /home HTTP/1.1" 307 - "-" "Mozilla/5.0 (iPhone; CPU iPhone OS 11_2_6 like Mac OS X) AppleWebKit/604.5.6 (KHTML, like Gecko) Version/11.0 Mobile/15D100 Safari/604.1"
174.21.178.15 - - [17/Jun/2018:18:26:46 -0500] "GET /home/getRecipients/3605902843 HTTP/1.1" 307 - "https://www.myringring.net/home/addFunds" "Mozilla/5.0 (Windows NT 10.0; Win64; x64) AppleWebKit/537.36 (KHTML, like Gecko) Chrome/67.0.3396.87 Safari/537.36"
107.77.165.6 - - [17/Jun/2018:18:26:54 -0500] "GET /home HTTP/1.1" 307 - "-" "Mozilla/5.0 (iPhone; CPU iPhone OS 11_2_6 like Mac OS X) AppleWebKit/604.5.6 (KHTML, like Gecko) Version/11.0 Mobile/15D100 Safari/604.1"
174.21.178.15 - - [17/Jun/2018:18:27:25 -0500] "GET /home HTTP/1.1" 307 - "-" "Mozilla/5.0 (Windows NT 10.0; Win64; x64) AppleWebKit/537.36 (KHTML, like Gecko) Chrome/67.0.3396.87 Safari/537.36"
172.58.45.124 - - [17/Jun/2018:18:27:41 -0500] "GET /home HTTP/1.1" 307 - "-" "Mozilla/5.0 (Linux; Android 8.0.0; SM-N950U Build/R16NW) AppleWebKit/537.36 (KHTML, like Gecko) Chrome/67.0.3396.87 Mobile Safari/537.36"
172.78.203.45 - - [17/Jun/2018:18:28:03 -0500] "GET /home HTTP/1.1" 307 - "-" "Mozilla/5.0 (iPhone; CPU iPhone OS 11_2_6 like Mac OS X) AppleWebKit/604.5.6 (KHTML, like Gecko) Version/11.0 Mobile/15D100 Safari/604.1"
24.19.210.117 - - [17/Jun/2018:18:28:03 -0500] "GET /home HTTP/1.1" 307 - "-" "Mozilla/5.0 (Linux; Android 8.0.0; SM-N950U Build/R16NW) AppleWebKit/537.36 (KHTML, like Gecko) Chrome/67.0.3396.87 Mobile Safari/537.36"
24.19.210.117 - - [17/Jun/2018:18:28:11 -0500] "GET /home HTTP/1.1" 307 - "-" "Mozilla/5.0 (Linux; Android 8.0.0; SM-N950U Build/R16NW) AppleWebKit/537.36 (KHTML, like Gecko) Chrome/67.0.3396.87 Mobile Safari/537.36"
24.19.210.117 - - [17/Jun/2018:18:28:25 -0500] "GET /home HTTP/1.1" 307 - "-" "Mozilla/5.0 (Linux; Android 8.0.0; SM-N950U Build/R16NW) AppleWebKit/537.36 (KHTML, like Gecko) Chrome/67.0.3396.87 Mobile Safari/537.36"
24.19.210.117 - - [17/Jun/2018:18:28:38 -0500] "GET /home HTTP/1.1" 307 - "-" "Mozilla/5.0 (Linux; Android 8.0.0; SM-N950U Build/R16NW) AppleWebKit/537.36 (KHTML, like Gecko) Chrome/67.0.3396.87 Mobile Safari/537.36"
24.19.210.117 - - [17/Jun/2018:18:29:28 -0500] "GET /home HTTP/1.1" 307 - "-" "Mozilla/5.0 (Linux; Android 8.0.0; SM-N950U Build/R16NW) AppleWebKit/537.36 (KHTML, like Gecko) Chrome/67.0.3396.87 Mobile Safari/537.36"
172.223.196.207 - - [17/Jun/2018:18:32:24 -0500] "GET /home HTTP/1.1" 307 - "-" "Mozilla/5.0 (Linux; Android 7.1.1; SM-T350 Build/NMF26X) AppleWebKit/537.36 (KHTML, like Gecko) Chrome/67.0.3396.87 Safari/537.36"
172.223.196.207 - - [17/Jun/2018:18:32:28 -0500] "GET /home/addFunds HTTP/1.1" 307 - "-" "Mozilla/5.0 (Linux; Android 7.1.1; SM-T350 Build/NMF26X) AppleWebKit/537.36 (KHTML, like Gecko) Chrome/67.0.3396.87 Safari/537.36"
172.223.196.207 - - [17/Jun/2018:18:32:34 -0500] "GET /home HTTP/1.1" 307 - "-" "Mozilla/5.0 (Linux; Android 7.1.1; SM-T350 Build/NMF26X) AppleWebKit/537.36 (KHTML, like Gecko) Chrome/67.0.3396.87 Safari/537.36"
172.223.196.207 - - [17/Jun/2018:18:32:40 -0500] "GET /home HTTP/1.1" 307 - "-" "Mozilla/5.0 (Linux; Android 7.1.1; SM-T350 Build/NMF26X) AppleWebKit/537.36 (KHTML, like Gecko) Chrome/67.0.3396.87 Safari/537.36"
68.116.25.229 - - [17/Jun/2018:18:33:00 -0500] "GET /home HTTP/1.1" 307 - "-" "Mozilla/5.0 (Windows NT 6.0) AppleWebKit/537.36 (KHTML, like Gecko) Chrome/49.0.2623.112 Safari/537.36"
172.223.196.207 - - [17/Jun/2018:18:33:34 -0500] "GET /home HTTP/1.1" 307 - "-" "Mozilla/5.0 (Linux; Android 7.1.1; SM-T350 Build/NMF26X) AppleWebKit/537.36 (KHTML, like Gecko) Chrome/67.0.3396.87 Safari/537.36"
172.223.196.207 - - [17/Jun/2018:18:33:56 -0500] "GET /home HTTP/1.1" 307 - "-" "Mozilla/5.0 (Linux; Android 7.1.1; SM-T350 Build/NMF26X) AppleWebKit/537.36 (KHTML, like Gecko) Chrome/67.0.3396.87 Safari/537.36"
68.116.25.229 - - [17/Jun/2018:18:34:18 -0500] "GET /home HTTP/1.1" 307 - "-" "Mozilla/5.0 (Windows NT 6.0) AppleWebKit/537.36 (KHTML, like Gecko) Chrome/49.0.2623.112 Safari/537.36"
172.223.196.207 - - [17/Jun/2018:18:34:47 -0500] "GET /home HTTP/1.1" 307 - "-" "Mozilla/5.0 (Linux; Android 7.1.1; SM-T350 Build/NMF26X) AppleWebKit/537.36 (KHTML, like Gecko) Chrome/67.0.3396.87 Safari/537.36"
68.116.25.229 - - [17/Jun/2018:18:35:04 -0500] "GET /home HTTP/1.1" 307 - "-" "Mozilla/5.0 (Windows NT 6.0) AppleWebKit/537.36 (KHTML, like Gecko) Chrome/49.0.2623.112 Safari/537.36"
68.116.25.229 - - [17/Jun/2018:18:35:14 -0500] "GET /home HTTP/1.1" 307 - "-" "Mozilla/5.0 (Windows NT 6.0) AppleWebKit/537.36 (KHTML, like Gecko) Chrome/49.0.2623.112 Safari/537.36"
172.223.196.207 - - [17/Jun/2018:18:35:17 -0500] "GET /home HTTP/1.1" 307 - "-" "Mozilla/5.0 (Linux; Android 7.1.1; SM-T350 Build/NMF26X) AppleWebKit/537.36 (KHTML, like Gecko) Chrome/67.0.3396.87 Safari/537.36"
24.19.210.117 - - [17/Jun/2018:18:35:23 -0500] "GET /home HTTP/1.1" 307 - "-" "Mozilla/5.0 (Linux; Android 8.0.0; SM-N950U Build/R16NW) AppleWebKit/537.36 (KHTML, like Gecko) Chrome/67.0.3396.87 Mobile Safari/537.36"
68.116.25.229 - - [17/Jun/2018:18:35:48 -0500] "GET /home HTTP/1.1" 307 - "-" "Mozilla/5.0 (Windows NT 6.0) AppleWebKit/537.36 (KHTML, like Gecko) Chrome/49.0.2623.112 Safari/537.36"
174.216.42.108 - - [17/Jun/2018:18:36:23 -0500] "GET /home HTTP/1.1" 307 - "-" "Mozilla/5.0 (Windows NT 10.0; Win64; x64) AppleWebKit/537.36 (KHTML, like Gecko) Chrome/67.0.3396.87 Safari/537.36"
174.216.42.108 - - [17/Jun/2018:18:36:24 -0500] "GET /home HTTP/1.1" 307 - "-" "Mozilla/5.0 (Windows NT 10.0; Win64; x64) AppleWebKit/537.36 (KHTML, like Gecko) Chrome/67.0.3396.87 Safari/537.36"
71.212.3.216 - - [17/Jun/2018:18:37:06 -0500] "GET /home HTTP/1.1" 307 - "-" "Mozilla/5.0 (Windows NT 10.0; Win64; x64) AppleWebKit/537.36 (KHTML, like Gecko) Chrome/67.0.3396.87 Safari/537.36"
68.116.25.229 - - [17/Jun/2018:18:37:21 -0500] "GET /home HTTP/1.1" 307 - "-" "Mozilla/5.0 (Windows NT 6.0) AppleWebKit/537.36 (KHTML, like Gecko) Chrome/49.0.2623.112 Safari/537.36"
71.212.3.216 - - [17/Jun/2018:18:37:37 -0500] "GET /home HTTP/1.1" 307 - "-" "Mozilla/5.0 (Windows NT 10.0; Win64; x64) AppleWebKit/537.36 (KHTML, like Gecko) Chrome/67.0.3396.87 Safari/537.36"
71.212.3.216 - - [17/Jun/2018:18:37:44 -0500] "GET /home HTTP/1.1" 307 - "-" "Mozilla/5.0 (Windows NT 10.0; Win64; x64) AppleWebKit/537.36 (KHTML, like Gecko) Chrome/67.0.3396.87 Safari/537.36"
68.116.25.229 - - [17/Jun/2018:18:39:44 -0500] "GET /home HTTP/1.1" 307 - "-" "Mozilla/5.0 (Windows NT 6.0) AppleWebKit/537.36 (KHTML, like Gecko) Chrome/49.0.2623.112 Safari/537.36"
172.223.196.207 - - [17/Jun/2018:18:39:54 -0500] "GET /home HTTP/1.1" 307 - "-" "Mozilla/5.0 (Linux; Android 7.1.1; SM-T350 Build/NMF26X) AppleWebKit/537.36 (KHTML, like Gecko) Chrome/67.0.3396.87 Safari/537.36"
24.19.210.117 - - [17/Jun/2018:18:39:58 -0500] "GET /home HTTP/1.1" 307 - "-" "Mozilla/5.0 (Linux; Android 8.0.0; SM-N950U Build/R16NW) AppleWebKit/537.36 (KHTML, like Gecko) Chrome/67.0.3396.87 Mobile Safari/537.36"
24.19.210.117 - - [17/Jun/2018:18:40:11 -0500] "GET /home HTTP/1.1" 307 - "-" "Mozilla/5.0 (Linux; Android 8.0.0; SM-N950U Build/R16NW) AppleWebKit/537.36 (KHTML, like Gecko) Chrome/67.0.3396.87 Mobile Safari/537.36"
172.223.196.207 - - [17/Jun/2018:18:42:56 -0500] "GET /home HTTP/1.1" 307 - "-" "Mozilla/5.0 (Linux; Android 7.1.1; SM-T350 Build/NMF26X) AppleWebKit/537.36 (KHTML, like Gecko) Chrome/67.0.3396.87 Safari/537.36"
71.193.163.1 - - [17/Jun/2018:18:44:58 -0500] "GET /home HTTP/1.1" 307 - "-" "Mozilla/5.0 (Windows NT 6.1; Win64; x64) AppleWebKit/537.36 (KHTML, like Gecko) Chrome/67.0.3396.87 Safari/537.36"
71.193.163.1 - - [17/Jun/2018:18:45:15 -0500] "GET /home HTTP/1.1" 307 - "-" "Mozilla/5.0 (Windows NT 6.1; Win64; x64) AppleWebKit/537.36 (KHTML, like Gecko) Chrome/67.0.3396.87 Safari/537.36"
172.223.196.207 - - [17/Jun/2018:18:46:59 -0500] "GET /home HTTP/1.1" 307 - "-" "Mozilla/5.0 (Linux; Android 7.1.1; SM-T350 Build/NMF26X) AppleWebKit/537.36 (KHTML, like Gecko) Chrome/67.0.3396.87 Safari/537.36"
71.212.3.216 - - [17/Jun/2018:18:49:45 -0500] "GET /home HTTP/1.1" 307 - "-" "Mozilla/5.0 (Windows NT 10.0; Win64; x64) AppleWebKit/537.36 (KHTML, like Gecko) Chrome/67.0.3396.87 Safari/537.36"
174.216.2.96 - - [17/Jun/2018:18:50:04 -0500] "GET /home HTTP/1.1" 307 - "-" "Mozilla/5.0 (Linux; Android 7.0; ASUS_P00J Build/NRD90M) AppleWebKit/537.36 (KHTML, like Gecko) Chrome/68.0.3440.23 Safari/537.36"
174.216.2.96 - - [17/Jun/2018:18:50:34 -0500] "GET /home HTTP/1.1" 200 5556 "-" "Mozilla/5.0 (Linux; Android 7.0; ASUS_P00J Build/NRD90M) AppleWebKit/537.36 (KHTML, like Gecko) Chrome/68.0.3440.23 Safari/537.36"
174.216.2.96 - - [17/Jun/2018:18:50:39 -0500] "GET /home HTTP/1.1" 200 5556 "-" "Mozilla/5.0 (Linux; Android 7.0; ASUS_P00J Build/NRD90M) AppleWebKit/537.36 (KHTML, like Gecko) Chrome/68.0.3440.23 Safari/537.36"
50.106.32.134 - - [17/Jun/2018:18:51:11 -0500] "GET /home HTTP/1.1" 307 - "-" "Mozilla/5.0 (Windows NT 6.3; WOW64) AppleWebKit/537.36 (KHTML, like Gecko) Chrome/37.0.2062.124 Safari/537.36"
50.106.32.134 - - [17/Jun/2018:18:51:27 -0500] "GET /home HTTP/1.1" 307 - "-" "Mozilla/5.0 (Windows NT 6.3; WOW64) AppleWebKit/537.36 (KHTML, like Gecko) Chrome/37.0.2062.124 Safari/537.36"
174.216.2.96 - - [17/Jun/2018:18:51:28 -0500] "GET /home HTTP/1.1" 200 5556 "-" "Mozilla/5.0 (Linux; Android 7.0; ASUS_P00J Build/NRD90M) AppleWebKit/537.36 (KHTML, like Gecko) Chrome/68.0.3440.23 Safari/537.36"
174.216.2.96 - - [17/Jun/2018:18:51:53 -0500] "GET /home HTTP/1.1" 200 5556 "-" "Mozilla/5.0 (Linux; Android 7.0; ASUS_P00J Build/NRD90M) AppleWebKit/537.36 (KHTML, like Gecko) Chrome/68.0.3440.23 Safari/537.36"
50.106.32.134 - - [17/Jun/2018:18:52:06 -0500] "GET /home HTTP/1.1" 307 - "-" "Mozilla/5.0 (Windows NT 6.3; WOW64) AppleWebKit/537.36 (KHTML, like Gecko) Chrome/37.0.2062.124 Safari/537.36"
71.212.3.216 - - [17/Jun/2018:18:52:07 -0500] "GET /home HTTP/1.1" 307 - "-" "Mozilla/5.0 (Windows NT 10.0; Win64; x64) AppleWebKit/537.36 (KHTML, like Gecko) Chrome/67.0.3396.87 Safari/537.36"
65.102.138.129 - - [17/Jun/2018:18:54:18 -0500] "GET /home HTTP/1.1" 307 - "-" "Mozilla/5.0 (Windows NT 10.0; Win64; x64) AppleWebKit/537.36 (KHTML, like Gecko) Chrome/67.0.3396.87 Safari/537.36"
71.212.3.216 - - [17/Jun/2018:18:54:36 -0500] "GET /home HTTP/1.1" 307 - "-" "Mozilla/5.0 (Windows NT 10.0; Win64; x64) AppleWebKit/537.36 (KHTML, like Gecko) Chrome/67.0.3396.87 Safari/537.36"
50.106.32.134 - - [17/Jun/2018:18:55:37 -0500] "GET /home HTTP/1.1" 307 - "-" "Mozilla/5.0 (Windows NT 6.3; WOW64) AppleWebKit/537.36 (KHTML, like Gecko) Chrome/37.0.2062.124 Safari/537.36"
50.106.32.134 - - [17/Jun/2018:18:55:46 -0500] "GET /home HTTP/1.1" 307 - "-" "Mozilla/5.0 (Windows NT 6.3; WOW64) AppleWebKit/537.36 (KHTML, like Gecko) Chrome/37.0.2062.124 Safari/537.36"
50.106.32.134 - - [17/Jun/2018:18:55:58 -0500] "GET /home HTTP/1.1" 307 - "-" "Mozilla/5.0 (Windows NT 6.3; WOW64) AppleWebKit/537.36 (KHTML, like Gecko) Chrome/37.0.2062.124 Safari/537.36"
50.106.32.134 - - [17/Jun/2018:18:56:26 -0500] "GET /home HTTP/1.1" 307 - "-" "Mozilla/5.0 (Windows NT 6.3; WOW64) AppleWebKit/537.36 (KHTML, like Gecko) Chrome/37.0.2062.124 Safari/537.36"
174.21.166.37 - - [17/Jun/2018:19:00:50 -0500] "GET /login HTTP/1.1" 200 2413 "-" "Mozilla/5.0 (Windows NT 10.0; WOW64) AppleWebKit/537.36 (KHTML, like Gecko) Chrome/67.0.3396.87 Safari/537.36"
174.21.166.37 - - [17/Jun/2018:19:00:58 -0500] "GET /login HTTP/1.1" 200 2413 "-" "Mozilla/5.0 (Windows NT 10.0; WOW64) AppleWebKit/537.36 (KHTML, like Gecko) Chrome/67.0.3396.87 Safari/537.36"
172.223.196.207 - - [17/Jun/2018:19:01:50 -0500] "GET /home HTTP/1.1" 307 - "-" "Mozilla/5.0 (Linux; Android 7.1.1; SM-T350 Build/NMF26X) AppleWebKit/537.36 (KHTML, like Gecko) Chrome/67.0.3396.87 Safari/537.36"
174.21.166.37 - - [17/Jun/2018:19:02:46 -0500] "GET /login HTTP/1.1" 200 2413 "-" "Mozilla/5.0 (Windows NT 10.0; WOW64) AppleWebKit/537.36 (KHTML, like Gecko) Chrome/67.0.3396.87 Safari/537.36"
172.223.196.207 - - [17/Jun/2018:19:04:50 -0500] "GET /home HTTP/1.1" 307 - "-" "Mozilla/5.0 (Linux; Android 7.1.1; SM-T350 Build/NMF26X) AppleWebKit/537.36 (KHTML, like Gecko) Chrome/67.0.3396.87 Safari/537.36"
174.21.166.37 - - [17/Jun/2018:19:04:54 -0500] "GET /login HTTP/1.1" 200 2413 "-" "Mozilla/5.0 (Windows NT 10.0; WOW64) AppleWebKit/537.36 (KHTML, like Gecko) Chrome/67.0.3396.87 Safari/537.36"
50.106.32.134 - - [17/Jun/2018:19:06:37 -0500] "GET /home HTTP/1.1" 307 - "-" "Mozilla/5.0 (Windows NT 6.3; WOW64) AppleWebKit/537.36 (KHTML, like Gecko) Chrome/37.0.2062.124 Safari/537.36"
50.78.168.90 - - [17/Jun/2018:19:11:15 -0500] "GET /home HTTP/1.1" 307 - "-" "Mozilla/5.0 (Windows NT 10.0; Win64; x64) AppleWebKit/537.36 (KHTML, like Gecko) Chrome/52.0.2743.116 Safari/537.36 Edge/15.15063"
50.78.168.90 - - [17/Jun/2018:19:11:25 -0500] "GET /home HTTP/1.1" 307 - "-" "Mozilla/5.0 (Windows NT 10.0; Win64; x64) AppleWebKit/537.36 (KHTML, like Gecko) Chrome/52.0.2743.116 Safari/537.36 Edge/15.15063"
50.78.168.90 - - [17/Jun/2018:19:11:33 -0500] "GET /home HTTP/1.1" 307 - "-" "Mozilla/5.0 (Windows NT 10.0; Win64; x64) AppleWebKit/537.36 (KHTML, like Gecko) Chrome/52.0.2743.116 Safari/537.36 Edge/15.15063"
50.78.168.90 - - [17/Jun/2018:19:12:32 -0500] "GET /home HTTP/1.1" 307 - "-" "Mozilla/5.0 (Windows NT 10.0; Win64; x64) AppleWebKit/537.36 (KHTML, like Gecko) Chrome/52.0.2743.116 Safari/537.36 Edge/15.15063"
67.237.226.108 - - [17/Jun/2018:19:13:51 -0500] "GET /home/addFunds HTTP/1.1" 307 - "-" "Mozilla/5.0 (Windows NT 10.0; Win64; x64) AppleWebKit/537.36 (KHTML, like Gecko) Chrome/58.0.3029.110 Safari/537.36 Edge/16.16299"
174.21.166.37 - - [17/Jun/2018:19:14:24 -0500] "GET /home HTTP/1.1" 307 - "-" "Mozilla/5.0 (Windows NT 10.0; WOW64) AppleWebKit/537.36 (KHTML, like Gecko) Chrome/67.0.3396.87 Safari/537.36"
50.78.168.90 - - [17/Jun/2018:19:16:14 -0500] "GET / HTTP/1.1" 200 2413 "-" "Mozilla/5.0 (Windows NT 10.0; Win64; x64) AppleWebKit/537.36 (KHTML, like Gecko) Chrome/52.0.2743.116 Safari/537.36 Edge/15.15063"
50.78.168.90 - - [17/Jun/2018:19:16:16 -0500] "GET /favicon.ico HTTP/1.1" 404 1190 "-" "Mozilla/5.0 (Windows NT 10.0; Win64; x64) AppleWebKit/537.36 (KHTML, like Gecko) Chrome/52.0.2743.116 Safari/537.36 Edge/15.15063"
50.78.168.90 - - [17/Jun/2018:19:16:19 -0500] "GET /home HTTP/1.1" 307 - "-" "Mozilla/5.0 (Windows NT 10.0; Win64; x64) AppleWebKit/537.36 (KHTML, like Gecko) Chrome/52.0.2743.116 Safari/537.36 Edge/15.15063"
174.21.166.37 - - [17/Jun/2018:19:16:25 -0500] "GET /home HTTP/1.1" 307 - "-" "Mozilla/5.0 (Windows NT 10.0; WOW64) AppleWebKit/537.36 (KHTML, like Gecko) Chrome/67.0.3396.87 Safari/537.36"
50.78.168.90 - - [17/Jun/2018:19:16:34 -0500] "GET / HTTP/1.1" 200 2413 "-" "Mozilla/5.0 (Windows NT 10.0; Win64; x64) AppleWebKit/537.36 (KHTML, like Gecko) Chrome/52.0.2743.116 Safari/537.36 Edge/15.15063"
50.78.168.90 - - [17/Jun/2018:19:16:35 -0500] "GET /favicon.ico HTTP/1.1" 404 1190 "-" "Mozilla/5.0 (Windows NT 10.0; Win64; x64) AppleWebKit/537.36 (KHTML, like Gecko) Chrome/52.0.2743.116 Safari/537.36 Edge/15.15063"
174.21.166.37 - - [17/Jun/2018:19:16:38 -0500] "GET /home HTTP/1.1" 307 - "-" "Mozilla/5.0 (Windows NT 10.0; WOW64) AppleWebKit/537.36 (KHTML, like Gecko) Chrome/67.0.3396.87 Safari/537.36"
174.21.166.37 - - [17/Jun/2018:19:19:38 -0500] "GET /login HTTP/1.1" 200 2413 "-" "Mozilla/5.0 (Windows NT 10.0; WOW64) AppleWebKit/537.36 (KHTML, like Gecko) Chrome/67.0.3396.87 Safari/537.36"
174.21.166.37 - - [17/Jun/2018:19:19:57 -0500] "GET /home HTTP/1.1" 307 - "-" "Mozilla/5.0 (Windows NT 10.0; WOW64) AppleWebKit/537.36 (KHTML, like Gecko) Chrome/67.0.3396.87 Safari/537.36"
50.106.32.134 - - [17/Jun/2018:19:24:03 -0500] "GET /home HTTP/1.1" 307 - "-" "Mozilla/5.0 (Windows NT 6.3; WOW64) AppleWebKit/537.36 (KHTML, like Gecko) Chrome/37.0.2062.124 Safari/537.36"
97.126.16.180 - - [17/Jun/2018:19:29:17 -0500] "GET /home HTTP/1.1" 307 - "-" "Mozilla/5.0 (Windows NT 6.1) AppleWebKit/537.36 (KHTML, like Gecko) Chrome/67.0.3396.87 Safari/537.36"
97.126.16.180 - - [17/Jun/2018:19:29:32 -0500] "GET /home HTTP/1.1" 307 - "-" "Mozilla/5.0 (Windows NT 6.1) AppleWebKit/537.36 (KHTML, like Gecko) Chrome/67.0.3396.87 Safari/537.36"
97.126.16.180 - - [17/Jun/2018:19:31:15 -0500] "GET /home HTTP/1.1" 307 - "-" "Mozilla/5.0 (Windows NT 6.1) AppleWebKit/537.36 (KHTML, like Gecko) Chrome/67.0.3396.87 Safari/537.36"
97.126.16.180 - - [17/Jun/2018:19:31:31 -0500] "GET /home HTTP/1.1" 307 - "-" "Mozilla/5.0 (Windows NT 6.1) AppleWebKit/537.36 (KHTML, like Gecko) Chrome/67.0.3396.87 Safari/537.36"
97.126.16.180 - - [17/Jun/2018:19:31:45 -0500] "GET /home HTTP/1.1" 307 - "-" "Mozilla/5.0 (Windows NT 6.1) AppleWebKit/537.36 (KHTML, like Gecko) Chrome/67.0.3396.87 Safari/537.36"
97.126.16.180 - - [17/Jun/2018:19:32:09 -0500] "GET /home HTTP/1.1" 307 - "-" "Mozilla/5.0 (Windows NT 6.1) AppleWebKit/537.36 (KHTML, like Gecko) Chrome/67.0.3396.87 Safari/537.36"
174.21.166.37 - - [17/Jun/2018:19:55:22 -0500] "GET /home HTTP/1.1" 307 - "-" "Mozilla/5.0 (Windows NT 10.0; WOW64) AppleWebKit/537.36 (KHTML, like Gecko) Chrome/67.0.3396.87 Safari/537.36"
97.113.84.211 - - [17/Jun/2018:19:56:38 -0500] "GET /home/account HTTP/1.1" 307 - "-" "Mozilla/5.0 (Windows NT 10.0; Win64; x64) AppleWebKit/537.36 (KHTML, like Gecko) Chrome/64.0.3282.140 Safari/537.36 Edge/17.17134"
97.113.84.211 - - [17/Jun/2018:19:56:49 -0500] "GET /login HTTP/1.1" 200 2413 "-" "Mozilla/5.0 (Windows NT 10.0; Win64; x64) AppleWebKit/537.36 (KHTML, like Gecko) Chrome/64.0.3282.140 Safari/537.36 Edge/17.17134"
97.113.84.211 - - [17/Jun/2018:19:56:51 -0500] "GET /favicon.ico HTTP/1.1" 404 1190 "-" "Mozilla/5.0 (Windows NT 10.0; Win64; x64) AppleWebKit/537.36 (KHTML, like Gecko) Chrome/64.0.3282.140 Safari/537.36 Edge/17.17134"
50.106.32.134 - - [17/Jun/2018:19:57:40 -0500] "GET /home HTTP/1.1" 307 - "-" "Mozilla/5.0 (Windows NT 6.3; WOW64) AppleWebKit/537.36 (KHTML, like Gecko) Chrome/37.0.2062.124 Safari/537.36"
24.18.160.71 - - [17/Jun/2018:19:57:46 -0500] "GET /home HTTP/1.1" 307 - "-" "Mozilla/5.0 (Windows NT 6.1) AppleWebKit/537.36 (KHTML, like Gecko) Chrome/66.0.3359.181 Safari/537.36"
24.18.160.71 - - [17/Jun/2018:19:57:54 -0500] "GET /home HTTP/1.1" 307 - "-" "Mozilla/5.0 (Windows NT 6.1) AppleWebKit/537.36 (KHTML, like Gecko) Chrome/66.0.3359.181 Safari/537.36"
63.228.111.153 - - [17/Jun/2018:20:05:29 -0500] "GET /home HTTP/1.1" 307 - "-" "Mozilla/5.0 (Windows NT 10.0) AppleWebKit/537.36 (KHTML, like Gecko) Chrome/64.0.3282.140 Safari/537.36 Edge/17.17134"
192.95.70.211 - - [17/Jun/2018:20:05:33 -0500] "GET /home HTTP/1.1" 307 - "-" "Mozilla/5.0 (Windows NT 10.0; Win64; x64) AppleWebKit/537.36 (KHTML, like Gecko) Chrome/67.0.3396.87 Safari/537.36"
24.19.151.163 - - [17/Jun/2018:20:07:32 -0500] "GET /home HTTP/1.1" 307 - "-" "Mozilla/5.0 (Windows NT 6.3; Win64; x64) AppleWebKit/537.36 (KHTML, like Gecko) Chrome/67.0.3396.87 Safari/537.36"
73.32.133.141 - - [17/Jun/2018:20:09:20 -0500] "GET /home HTTP/1.1" 307 - "-" "Mozilla/5.0 (Windows NT 6.1; Trident/7.0; rv:11.0) like Gecko"
73.32.133.141 - - [17/Jun/2018:20:09:50 -0500] "GET /home HTTP/1.1" 307 - "-" "Mozilla/5.0 (Windows NT 6.1; Trident/7.0; rv:11.0) like Gecko"
67.170.191.156 - - [17/Jun/2018:20:11:04 -0500] "GET /home HTTP/1.1" 307 - "-" "Mozilla/5.0 (Windows NT 10.0; Win64; x64) AppleWebKit/537.36 (KHTML, like Gecko) Chrome/67.0.3396.87 Safari/537.36"
71.15.165.182 - - [17/Jun/2018:20:12:40 -0500] "GET /home HTTP/1.1" 307 - "-" "Mozilla/5.0 (Windows NT 10.0; Win64; x64) AppleWebKit/537.36 (KHTML, like Gecko) Chrome/67.0.3396.87 Safari/537.36"
71.15.165.182 - - [17/Jun/2018:20:12:46 -0500] "GET /home HTTP/1.1" 307 - "-" "Mozilla/5.0 (Windows NT 10.0; Win64; x64) AppleWebKit/537.36 (KHTML, like Gecko) Chrome/67.0.3396.87 Safari/537.36"
71.15.165.182 - - [17/Jun/2018:20:12:55 -0500] "GET /home HTTP/1.1" 307 - "-" "Mozilla/5.0 (Windows NT 10.0; Win64; x64) AppleWebKit/537.36 (KHTML, like Gecko) Chrome/67.0.3396.87 Safari/537.36"
174.216.42.108 - - [17/Jun/2018:20:13:05 -0500] "GET /home HTTP/1.1" 307 - "-" "Mozilla/5.0 (Windows NT 10.0; Win64; x64) AppleWebKit/537.36 (KHTML, like Gecko) Chrome/67.0.3396.87 Safari/537.36"
174.216.42.108 - - [17/Jun/2018:20:13:05 -0500] "GET /home HTTP/1.1" 307 - "-" "Mozilla/5.0 (Windows NT 10.0; Win64; x64) AppleWebKit/537.36 (KHTML, like Gecko) Chrome/67.0.3396.87 Safari/537.36"
71.15.165.182 - - [17/Jun/2018:20:13:14 -0500] "GET /home HTTP/1.1" 307 - "-" "Mozilla/5.0 (Windows NT 10.0; Win64; x64) AppleWebKit/537.36 (KHTML, like Gecko) Chrome/67.0.3396.87 Safari/537.36"
71.15.165.182 - - [17/Jun/2018:20:13:17 -0500] "GET /home HTTP/1.1" 307 - "-" "Mozilla/5.0 (Windows NT 10.0; Win64; x64) AppleWebKit/537.36 (KHTML, like Gecko) Chrome/67.0.3396.87 Safari/537.36"
174.216.42.108 - - [17/Jun/2018:20:13:52 -0500] "GET /home HTTP/1.1" 307 - "-" "Mozilla/5.0 (Linux; Android 7.0; SM-J327V Build/NRD90M) AppleWebKit/537.36 (KHTML, like Gecko) Chrome/67.0.3396.87 Mobile Safari/537.36"
67.170.191.156 - - [17/Jun/2018:20:17:07 -0500] "GET /home HTTP/1.1" 307 - "-" "Mozilla/5.0 (Windows NT 10.0; Win64; x64) AppleWebKit/537.36 (KHTML, like Gecko) Chrome/67.0.3396.87 Safari/537.36"
174.21.166.37 - - [17/Jun/2018:20:19:03 -0500] "GET /home HTTP/1.1" 307 - "-" "Mozilla/5.0 (Windows NT 10.0; WOW64) AppleWebKit/537.36 (KHTML, like Gecko) Chrome/67.0.3396.87 Safari/537.36"
67.170.191.156 - - [17/Jun/2018:20:19:46 -0500] "GET /home HTTP/1.1" 307 - "-" "Mozilla/5.0 (Windows NT 10.0; Win64; x64) AppleWebKit/537.36 (KHTML, like Gecko) Chrome/67.0.3396.87 Safari/537.36"
63.225.162.76 - - [17/Jun/2018:20:22:13 -0500] "GET /home HTTP/1.1" 307 - "-" "Mozilla/5.0 (Windows NT 10.0; Win64; x64) AppleWebKit/537.36 (KHTML, like Gecko) Chrome/67.0.3396.87 Safari/537.36"
174.21.166.37 - - [17/Jun/2018:20:23:04 -0500] "GET /home HTTP/1.1" 307 - "-" "Mozilla/5.0 (Windows NT 10.0; WOW64) AppleWebKit/537.36 (KHTML, like Gecko) Chrome/67.0.3396.87 Safari/537.36"
174.21.166.37 - - [17/Jun/2018:20:23:30 -0500] "GET /login HTTP/1.1" 200 2413 "-" "Mozilla/5.0 (Windows NT 10.0; WOW64) AppleWebKit/537.36 (KHTML, like Gecko) Chrome/67.0.3396.87 Safari/537.36"
172.4.41.139 - - [17/Jun/2018:20:29:19 -0500] "GET /home HTTP/1.1" 307 - "-" "Mozilla/5.0 (Windows NT 6.1; WOW64; Trident/7.0; rv:11.0) like Gecko"
172.4.41.139 - - [17/Jun/2018:20:29:28 -0500] "GET /home HTTP/1.1" 307 - "-" "Mozilla/5.0 (Windows NT 6.1; WOW64; Trident/7.0; rv:11.0) like Gecko"
73.32.133.141 - - [17/Jun/2018:20:33:37 -0500] "GET /home HTTP/1.1" 307 - "-" "Mozilla/5.0 (Windows NT 6.1; Trident/7.0; rv:11.0) like Gecko"
66.102.6.252 - - [17/Jun/2018:20:42:25 -0500] "GET /home HTTP/1.1" 307 - "-" "Mozilla/5.0 (X11; Linux x86_64) AppleWebKit/537.36 (KHTML, like Gecko) Chrome/49.0.2623.75 Safari/537.36 Google Favicon"
73.32.133.141 - - [17/Jun/2018:20:47:46 -0500] "GET /home HTTP/1.1" 200 44399 "-" "Mozilla/5.0 (Windows NT 6.1; Trident/7.0; rv:11.0) like Gecko"
73.32.133.141 - - [17/Jun/2018:20:47:47 -0500] "GET /favicon.ico HTTP/1.1" 404 1190 "-" "Mozilla/5.0 (Windows NT 6.1; Trident/7.0; rv:11.0) like Gecko"
63.228.111.153 - - [17/Jun/2018:20:52:29 -0500] "GET /home HTTP/1.1" 307 - "-" "Mozilla/5.0 (Windows NT 10.0) AppleWebKit/537.36 (KHTML, like Gecko) Chrome/64.0.3282.140 Safari/537.36 Edge/17.17134"
63.228.111.153 - - [17/Jun/2018:20:52:57 -0500] "GET /home HTTP/1.1" 307 - "-" "Mozilla/5.0 (Windows NT 10.0) AppleWebKit/537.36 (KHTML, like Gecko) Chrome/64.0.3282.140 Safari/537.36 Edge/17.17134"
68.116.25.229 - - [17/Jun/2018:20:57:02 -0500] "GET /home HTTP/1.1" 307 - "-" "Mozilla/5.0 (Windows NT 6.0) AppleWebKit/537.36 (KHTML, like Gecko) Chrome/49.0.2623.112 Safari/537.36"
50.125.188.149 - - [17/Jun/2018:21:04:54 -0500] "GET /home HTTP/1.1" 307 - "https://www.myringring.net/home/addFunds" "Mozilla/5.0 (Windows NT 6.1; Win64; x64) AppleWebKit/537.36 (KHTML, like Gecko) Chrome/67.0.3396.87 Safari/537.36"
50.125.188.149 - - [17/Jun/2018:21:04:56 -0500] "GET /home HTTP/1.1" 307 - "https://www.myringring.net/home/addFunds" "Mozilla/5.0 (Windows NT 6.1; Win64; x64) AppleWebKit/537.36 (KHTML, like Gecko) Chrome/67.0.3396.87 Safari/537.36"
50.45.213.178 - - [17/Jun/2018:21:06:35 -0500] "GET /home HTTP/1.1" 307 - "-" "Mozilla/5.0 (Windows NT 10.0; WOW64) AppleWebKit/537.36 (KHTML, like Gecko) Chrome/67.0.3396.87 Safari/537.36"
97.126.16.180 - - [17/Jun/2018:21:06:48 -0500] "GET /home HTTP/1.1" 307 - "-" "Mozilla/5.0 (Windows NT 6.1) AppleWebKit/537.36 (KHTML, like Gecko) Chrome/67.0.3396.87 Safari/537.36"
50.125.188.149 - - [17/Jun/2018:21:07:03 -0500] "GET /home HTTP/1.1" 307 - "-" "Mozilla/5.0 (Windows NT 6.1; Win64; x64) AppleWebKit/537.36 (KHTML, like Gecko) Chrome/67.0.3396.87 Safari/537.36"
24.17.154.87 - - [17/Jun/2018:21:10:57 -0500] "GET /home HTTP/1.1" 307 - "-" "Mozilla/5.0 (Windows NT 10.0; Win64; x64) AppleWebKit/537.36 (KHTML, like Gecko) Chrome/67.0.3396.87 Safari/537.36"
50.125.188.149 - - [17/Jun/2018:21:13:25 -0500] "GET /home HTTP/1.1" 307 - "-" "Mozilla/5.0 (Windows NT 6.1; Win64; x64) AppleWebKit/537.36 (KHTML, like Gecko) Chrome/67.0.3396.87 Safari/537.36"
24.17.154.87 - - [17/Jun/2018:21:14:30 -0500] "GET /home HTTP/1.1" 307 - "-" "Mozilla/5.0 (Windows NT 10.0; Win64; x64) AppleWebKit/537.36 (KHTML, like Gecko) Chrome/67.0.3396.87 Safari/537.36"
174.21.7.5 - - [17/Jun/2018:21:16:21 -0500] "GET /home HTTP/1.1" 307 - "-" "Mozilla/5.0 (Windows NT 6.1; Win64; x64) AppleWebKit/537.36 (KHTML, like Gecko) Chrome/67.0.3396.87 Safari/537.36"
24.17.154.87 - - [17/Jun/2018:21:18:10 -0500] "GET /home HTTP/1.1" 307 - "-" "Mozilla/5.0 (Windows NT 10.0; Win64; x64) AppleWebKit/537.36 (KHTML, like Gecko) Chrome/67.0.3396.87 Safari/537.36"
24.17.154.87 - - [17/Jun/2018:21:18:33 -0500] "GET /home HTTP/1.1" 307 - "-" "Mozilla/5.0 (Windows NT 10.0; Win64; x64) AppleWebKit/537.36 (KHTML, like Gecko) Chrome/67.0.3396.87 Safari/537.36"
24.17.154.87 - - [17/Jun/2018:21:18:35 -0500] "GET /home HTTP/1.1" 307 - "-" "Mozilla/5.0 (Windows NT 10.0; Win64; x64) AppleWebKit/537.36 (KHTML, like Gecko) Chrome/67.0.3396.87 Safari/537.36"
73.225.225.171 - - [17/Jun/2018:21:21:32 -0500] "GET /home HTTP/1.1" 307 - "-" "Mozilla/5.0 (Windows NT 10.0; Win64; x64) AppleWebKit/537.36 (KHTML, like Gecko) Chrome/67.0.3396.87 Safari/537.36"
192.95.68.199 - - [17/Jun/2018:21:21:59 -0500] "GET /reportsCtrl/invoices HTTP/1.1" 307 - "-" "Mozilla/5.0 (Windows NT 6.1; Win64; x64) AppleWebKit/537.36 (KHTML, like Gecko) Chrome/67.0.3396.87 Safari/537.36"
192.95.68.199 - - [17/Jun/2018:21:22:51 -0500] "GET /reportsCtrl/invoices HTTP/1.1" 307 - "-" "Mozilla/5.0 (Windows NT 6.1; Win64; x64) AppleWebKit/537.36 (KHTML, like Gecko) Chrome/67.0.3396.87 Safari/537.36"
